Archive member included to satisfy reference by file (symbol)

c:/st/stm32cubeide_1.4.0/stm32cubeide/plugins/com.st.stm32cube.ide.mcu.externaltools.gnu-tools-for-stm32.7-2018-q2-update.win32_1.4.0.202007081208/tools/bin/../lib/gcc/arm-none-eabi/7.3.1/../../../../arm-none-eabi/lib/thumb/v7-m\libc_nano.a(lib_a-errno.o)
                              Src/syscalls.o (__errno)
c:/st/stm32cubeide_1.4.0/stm32cubeide/plugins/com.st.stm32cube.ide.mcu.externaltools.gnu-tools-for-stm32.7-2018-q2-update.win32_1.4.0.202007081208/tools/bin/../lib/gcc/arm-none-eabi/7.3.1/../../../../arm-none-eabi/lib/thumb/v7-m\libc_nano.a(lib_a-exit.o)
                              c:/st/stm32cubeide_1.4.0/stm32cubeide/plugins/com.st.stm32cube.ide.mcu.externaltools.gnu-tools-for-stm32.7-2018-q2-update.win32_1.4.0.202007081208/tools/bin/../lib/gcc/arm-none-eabi/7.3.1/../../../../arm-none-eabi/lib/thumb/v7-m/crt0.o (exit)
c:/st/stm32cubeide_1.4.0/stm32cubeide/plugins/com.st.stm32cube.ide.mcu.externaltools.gnu-tools-for-stm32.7-2018-q2-update.win32_1.4.0.202007081208/tools/bin/../lib/gcc/arm-none-eabi/7.3.1/../../../../arm-none-eabi/lib/thumb/v7-m\libc_nano.a(lib_a-impure.o)
                              c:/st/stm32cubeide_1.4.0/stm32cubeide/plugins/com.st.stm32cube.ide.mcu.externaltools.gnu-tools-for-stm32.7-2018-q2-update.win32_1.4.0.202007081208/tools/bin/../lib/gcc/arm-none-eabi/7.3.1/../../../../arm-none-eabi/lib/thumb/v7-m\libc_nano.a(lib_a-exit.o) (_global_impure_ptr)
c:/st/stm32cubeide_1.4.0/stm32cubeide/plugins/com.st.stm32cube.ide.mcu.externaltools.gnu-tools-for-stm32.7-2018-q2-update.win32_1.4.0.202007081208/tools/bin/../lib/gcc/arm-none-eabi/7.3.1/../../../../arm-none-eabi/lib/thumb/v7-m\libc_nano.a(lib_a-init.o)
                              c:/st/stm32cubeide_1.4.0/stm32cubeide/plugins/com.st.stm32cube.ide.mcu.externaltools.gnu-tools-for-stm32.7-2018-q2-update.win32_1.4.0.202007081208/tools/bin/../lib/gcc/arm-none-eabi/7.3.1/../../../../arm-none-eabi/lib/thumb/v7-m/crt0.o (__libc_init_array)
c:/st/stm32cubeide_1.4.0/stm32cubeide/plugins/com.st.stm32cube.ide.mcu.externaltools.gnu-tools-for-stm32.7-2018-q2-update.win32_1.4.0.202007081208/tools/bin/../lib/gcc/arm-none-eabi/7.3.1/../../../../arm-none-eabi/lib/thumb/v7-m\libc_nano.a(lib_a-memset.o)
                              c:/st/stm32cubeide_1.4.0/stm32cubeide/plugins/com.st.stm32cube.ide.mcu.externaltools.gnu-tools-for-stm32.7-2018-q2-update.win32_1.4.0.202007081208/tools/bin/../lib/gcc/arm-none-eabi/7.3.1/../../../../arm-none-eabi/lib/thumb/v7-m/crt0.o (memset)

Discarded input sections

 .text          0x0000000000000000        0x0 c:/st/stm32cubeide_1.4.0/stm32cubeide/plugins/com.st.stm32cube.ide.mcu.externaltools.gnu-tools-for-stm32.7-2018-q2-update.win32_1.4.0.202007081208/tools/bin/../lib/gcc/arm-none-eabi/7.3.1/thumb/v7-m/crti.o
 .data          0x0000000000000000        0x0 c:/st/stm32cubeide_1.4.0/stm32cubeide/plugins/com.st.stm32cube.ide.mcu.externaltools.gnu-tools-for-stm32.7-2018-q2-update.win32_1.4.0.202007081208/tools/bin/../lib/gcc/arm-none-eabi/7.3.1/thumb/v7-m/crti.o
 .bss           0x0000000000000000        0x0 c:/st/stm32cubeide_1.4.0/stm32cubeide/plugins/com.st.stm32cube.ide.mcu.externaltools.gnu-tools-for-stm32.7-2018-q2-update.win32_1.4.0.202007081208/tools/bin/../lib/gcc/arm-none-eabi/7.3.1/thumb/v7-m/crti.o
 .data          0x0000000000000000        0x4 c:/st/stm32cubeide_1.4.0/stm32cubeide/plugins/com.st.stm32cube.ide.mcu.externaltools.gnu-tools-for-stm32.7-2018-q2-update.win32_1.4.0.202007081208/tools/bin/../lib/gcc/arm-none-eabi/7.3.1/thumb/v7-m/crtbegin.o
 .text          0x0000000000000000       0x74 c:/st/stm32cubeide_1.4.0/stm32cubeide/plugins/com.st.stm32cube.ide.mcu.externaltools.gnu-tools-for-stm32.7-2018-q2-update.win32_1.4.0.202007081208/tools/bin/../lib/gcc/arm-none-eabi/7.3.1/../../../../arm-none-eabi/lib/thumb/v7-m/crt0.o
 .data          0x0000000000000000        0x0 c:/st/stm32cubeide_1.4.0/stm32cubeide/plugins/com.st.stm32cube.ide.mcu.externaltools.gnu-tools-for-stm32.7-2018-q2-update.win32_1.4.0.202007081208/tools/bin/../lib/gcc/arm-none-eabi/7.3.1/../../../../arm-none-eabi/lib/thumb/v7-m/crt0.o
 .bss           0x0000000000000000        0x0 c:/st/stm32cubeide_1.4.0/stm32cubeide/plugins/com.st.stm32cube.ide.mcu.externaltools.gnu-tools-for-stm32.7-2018-q2-update.win32_1.4.0.202007081208/tools/bin/../lib/gcc/arm-none-eabi/7.3.1/../../../../arm-none-eabi/lib/thumb/v7-m/crt0.o
 .ARM.extab     0x0000000000000000        0x0 c:/st/stm32cubeide_1.4.0/stm32cubeide/plugins/com.st.stm32cube.ide.mcu.externaltools.gnu-tools-for-stm32.7-2018-q2-update.win32_1.4.0.202007081208/tools/bin/../lib/gcc/arm-none-eabi/7.3.1/../../../../arm-none-eabi/lib/thumb/v7-m/crt0.o
 .ARM.exidx     0x0000000000000000        0x8 c:/st/stm32cubeide_1.4.0/stm32cubeide/plugins/com.st.stm32cube.ide.mcu.externaltools.gnu-tools-for-stm32.7-2018-q2-update.win32_1.4.0.202007081208/tools/bin/../lib/gcc/arm-none-eabi/7.3.1/../../../../arm-none-eabi/lib/thumb/v7-m/crt0.o
 .ARM.attributes
                0x0000000000000000       0x1b c:/st/stm32cubeide_1.4.0/stm32cubeide/plugins/com.st.stm32cube.ide.mcu.externaltools.gnu-tools-for-stm32.7-2018-q2-update.win32_1.4.0.202007081208/tools/bin/../lib/gcc/arm-none-eabi/7.3.1/../../../../arm-none-eabi/lib/thumb/v7-m/crt0.o
 .group         0x0000000000000000        0xc HAL/EEPROM.o
 .group         0x0000000000000000        0xc HAL/EEPROM.o
 .group         0x0000000000000000        0xc HAL/EEPROM.o
 .group         0x0000000000000000        0xc HAL/EEPROM.o
 .group         0x0000000000000000        0xc HAL/EEPROM.o
 .group         0x0000000000000000        0xc HAL/EEPROM.o
 .group         0x0000000000000000        0xc HAL/EEPROM.o
 .text          0x0000000000000000        0x0 HAL/EEPROM.o
 .data          0x0000000000000000        0x0 HAL/EEPROM.o
 .bss           0x0000000000000000        0x0 HAL/EEPROM.o
 .bss.I2C1_Config
                0x0000000000000000       0x24 HAL/EEPROM.o
 .text.HAL_EEPROM_Init
                0x0000000000000000       0x44 HAL/EEPROM.o
 .text.HAL_EEPROM_WriteNbytes
                0x0000000000000000       0xa0 HAL/EEPROM.o
 .text.HAL_EEPROM_ReadNbytes
                0x0000000000000000       0x58 HAL/EEPROM.o
 .debug_info    0x0000000000000000      0x4a0 HAL/EEPROM.o
 .debug_abbrev  0x0000000000000000      0x14f HAL/EEPROM.o
 .debug_loc     0x0000000000000000       0xce HAL/EEPROM.o
 .debug_aranges
                0x0000000000000000       0x30 HAL/EEPROM.o
 .debug_ranges  0x0000000000000000       0x20 HAL/EEPROM.o
 .debug_macro   0x0000000000000000       0x6b HAL/EEPROM.o
 .debug_macro   0x0000000000000000      0xa60 HAL/EEPROM.o
 .debug_macro   0x0000000000000000       0x22 HAL/EEPROM.o
 .debug_macro   0x0000000000000000       0x1c HAL/EEPROM.o
 .debug_macro   0x0000000000000000      0x2e6 HAL/EEPROM.o
 .debug_macro   0x0000000000000000       0xd6 HAL/EEPROM.o
 .debug_macro   0x0000000000000000       0x16 HAL/EEPROM.o
 .debug_macro   0x0000000000000000       0xe6 HAL/EEPROM.o
 .debug_line    0x0000000000000000      0x16b HAL/EEPROM.o
 .debug_str     0x0000000000000000     0x4b18 HAL/EEPROM.o
 .comment       0x0000000000000000       0x7c HAL/EEPROM.o
 .debug_frame   0x0000000000000000       0x78 HAL/EEPROM.o
 .ARM.attributes
                0x0000000000000000       0x33 HAL/EEPROM.o
 .group         0x0000000000000000        0xc HAL/LCD.o
 .group         0x0000000000000000        0xc HAL/LCD.o
 .group         0x0000000000000000        0xc HAL/LCD.o
 .group         0x0000000000000000        0xc HAL/LCD.o
 .group         0x0000000000000000        0xc HAL/LCD.o
 .group         0x0000000000000000        0xc HAL/LCD.o
 .text          0x0000000000000000        0x0 HAL/LCD.o
 .data          0x0000000000000000        0x0 HAL/LCD.o
 .bss           0x0000000000000000        0x0 HAL/LCD.o
 .data.g_LCD_RS
                0x0000000000000000        0x8 HAL/LCD.o
 .data.g_LCD_EN
                0x0000000000000000        0x8 HAL/LCD.o
 .data.g_LCD_D4
                0x0000000000000000        0x8 HAL/LCD.o
 .data.g_LCD_D5
                0x0000000000000000        0x8 HAL/LCD.o
 .data.g_LCD_D6
                0x0000000000000000        0x8 HAL/LCD.o
 .data.g_LCD_D7
                0x0000000000000000        0x8 HAL/LCD.o
 .bss.g_LCD_X   0x0000000000000000        0x1 HAL/LCD.o
 .data.g_LCD_Y  0x0000000000000000        0x1 HAL/LCD.o
 .text.LCD_wait
                0x0000000000000000       0x34 HAL/LCD.o
 .text.LCD_Config
                0x0000000000000000       0x48 HAL/LCD.o
 .text.LCD_Kick
                0x0000000000000000       0x20 HAL/LCD.o
 .text.LCD_WriteChar
                0x0000000000000000       0xd0 HAL/LCD.o
 .text.LCD_Reset
                0x0000000000000000       0x34 HAL/LCD.o
 .text.HAL_LCD_Init
                0x0000000000000000       0x26 HAL/LCD.o
 .text.HAL_LCD_WriteCommand
                0x0000000000000000       0xd0 HAL/LCD.o
 .text.HAL_LCD_ClearScreen
                0x0000000000000000       0x24 HAL/LCD.o
 .text.HAL_LCD_WriteChar
                0x0000000000000000       0x6c HAL/LCD.o
 .text.HAL_LCD_WriteString
                0x0000000000000000       0x2a HAL/LCD.o
 .text.HAL_LCD_GoToXY
                0x0000000000000000       0x48 HAL/LCD.o
 .debug_info    0x0000000000000000      0x38f HAL/LCD.o
 .debug_abbrev  0x0000000000000000      0x187 HAL/LCD.o
 .debug_loc     0x0000000000000000      0x2c8 HAL/LCD.o
 .debug_aranges
                0x0000000000000000       0x70 HAL/LCD.o
 .debug_ranges  0x0000000000000000       0x60 HAL/LCD.o
 .debug_macro   0x0000000000000000       0x58 HAL/LCD.o
 .debug_macro   0x0000000000000000      0xa60 HAL/LCD.o
 .debug_macro   0x0000000000000000       0x22 HAL/LCD.o
 .debug_macro   0x0000000000000000       0x1c HAL/LCD.o
 .debug_macro   0x0000000000000000      0x2e6 HAL/LCD.o
 .debug_macro   0x0000000000000000       0xd0 HAL/LCD.o
 .debug_macro   0x0000000000000000       0xe2 HAL/LCD.o
 .debug_line    0x0000000000000000      0x222 HAL/LCD.o
 .debug_str     0x0000000000000000     0x46c0 HAL/LCD.o
 .comment       0x0000000000000000       0x7c HAL/LCD.o
 .debug_frame   0x0000000000000000      0x178 HAL/LCD.o
 .ARM.attributes
                0x0000000000000000       0x33 HAL/LCD.o
 .group         0x0000000000000000        0xc HAL/Servo.o
 .group         0x0000000000000000        0xc HAL/Servo.o
 .group         0x0000000000000000        0xc HAL/Servo.o
 .group         0x0000000000000000        0xc HAL/Servo.o
 .group         0x0000000000000000        0xc HAL/Servo.o
 .group         0x0000000000000000        0xc HAL/Servo.o
 .group         0x0000000000000000        0xc HAL/Servo.o
 .text          0x0000000000000000        0x0 HAL/Servo.o
 .data          0x0000000000000000        0x0 HAL/Servo.o
 .bss           0x0000000000000000        0x0 HAL/Servo.o
 .text.HAL_SERVO_ReadAngle
                0x0000000000000000       0x16 HAL/Servo.o
 .debug_macro   0x0000000000000000      0xa60 HAL/Servo.o
 .debug_macro   0x0000000000000000       0x22 HAL/Servo.o
 .debug_macro   0x0000000000000000       0x1c HAL/Servo.o
 .debug_macro   0x0000000000000000      0x2e6 HAL/Servo.o
 .debug_macro   0x0000000000000000       0xd6 HAL/Servo.o
 .group         0x0000000000000000        0xc HAL/SevenSegment.o
 .group         0x0000000000000000        0xc HAL/SevenSegment.o
 .group         0x0000000000000000        0xc HAL/SevenSegment.o
 .group         0x0000000000000000        0xc HAL/SevenSegment.o
 .group         0x0000000000000000        0xc HAL/SevenSegment.o
 .group         0x0000000000000000        0xc HAL/SevenSegment.o
 .text          0x0000000000000000        0x0 HAL/SevenSegment.o
 .data          0x0000000000000000        0x0 HAL/SevenSegment.o
 .bss           0x0000000000000000        0x0 HAL/SevenSegment.o
 .data.g__7_SEGMENT_A
                0x0000000000000000        0x8 HAL/SevenSegment.o
 .data.g__7_SEGMENT_B
                0x0000000000000000        0x8 HAL/SevenSegment.o
 .data.g__7_SEGMENT_C
                0x0000000000000000        0x8 HAL/SevenSegment.o
 .data.g__7_SEGMENT_D
                0x0000000000000000        0x8 HAL/SevenSegment.o
 .data.g__7_SEGMENT_E
                0x0000000000000000        0x8 HAL/SevenSegment.o
 .data.g__7_SEGMENT_F
                0x0000000000000000        0x8 HAL/SevenSegment.o
 .data.g__7_SEGMENT_G
                0x0000000000000000        0x8 HAL/SevenSegment.o
 .rodata.g_7SegmentData
                0x0000000000000000        0xa HAL/SevenSegment.o
 .data._7_segment_currrent
                0x0000000000000000        0x4 HAL/SevenSegment.o
 .text.HAL_7_SEGMENT_Init
                0x0000000000000000       0x58 HAL/SevenSegment.o
 .text.HAL_7_SEGMENT_WriteData
                0x0000000000000000       0xb8 HAL/SevenSegment.o
 .text.HAL_7_SEGMENT_Increment
                0x0000000000000000       0x3c HAL/SevenSegment.o
 .text.HAL_7_SEGMENT_Replay
                0x0000000000000000       0x24 HAL/SevenSegment.o
 .debug_info    0x0000000000000000      0x294 HAL/SevenSegment.o
 .debug_abbrev  0x0000000000000000       0xe0 HAL/SevenSegment.o
 .debug_loc     0x0000000000000000       0xd4 HAL/SevenSegment.o
 .debug_aranges
                0x0000000000000000       0x38 HAL/SevenSegment.o
 .debug_ranges  0x0000000000000000       0x28 HAL/SevenSegment.o
 .debug_macro   0x0000000000000000       0x58 HAL/SevenSegment.o
 .debug_macro   0x0000000000000000      0xa60 HAL/SevenSegment.o
 .debug_macro   0x0000000000000000       0x22 HAL/SevenSegment.o
 .debug_macro   0x0000000000000000       0x1c HAL/SevenSegment.o
 .debug_macro   0x0000000000000000      0x2e6 HAL/SevenSegment.o
 .debug_macro   0x0000000000000000       0xd0 HAL/SevenSegment.o
 .debug_macro   0x0000000000000000       0x94 HAL/SevenSegment.o
 .debug_line    0x0000000000000000      0x169 HAL/SevenSegment.o
 .debug_str     0x0000000000000000     0x45bf HAL/SevenSegment.o
 .comment       0x0000000000000000       0x7c HAL/SevenSegment.o
 .debug_frame   0x0000000000000000       0x88 HAL/SevenSegment.o
 .ARM.attributes
                0x0000000000000000       0x33 HAL/SevenSegment.o
 .group         0x0000000000000000        0xc HAL/keypad.o
 .group         0x0000000000000000        0xc HAL/keypad.o
 .group         0x0000000000000000        0xc HAL/keypad.o
 .group         0x0000000000000000        0xc HAL/keypad.o
 .group         0x0000000000000000        0xc HAL/keypad.o
 .group         0x0000000000000000        0xc HAL/keypad.o
 .text          0x0000000000000000        0x0 HAL/keypad.o
 .data          0x0000000000000000        0x0 HAL/keypad.o
 .bss           0x0000000000000000        0x0 HAL/keypad.o
 .data.g_KEYPAD_R0
                0x0000000000000000        0x8 HAL/keypad.o
 .data.g_KEYPAD_R1
                0x0000000000000000        0x8 HAL/keypad.o
 .data.g_KEYPAD_R2
                0x0000000000000000        0x8 HAL/keypad.o
 .data.g_KEYPAD_R3
                0x0000000000000000        0x8 HAL/keypad.o
 .data.g_KEYPAD_C0
                0x0000000000000000        0x8 HAL/keypad.o
 .data.g_KEYPAD_C1
                0x0000000000000000        0x8 HAL/keypad.o
 .data.g_KEYPAD_C2
                0x0000000000000000        0x8 HAL/keypad.o
 .data.g_KEYPAD_C3
                0x0000000000000000        0x8 HAL/keypad.o
 .rodata.g_KeypadData
                0x0000000000000000       0x10 HAL/keypad.o
 .text.KEYPAD_Set_Columns_VCC
                0x0000000000000000       0x38 HAL/keypad.o
 .text.HAL_KEYPAD_Init
                0x0000000000000000       0x5c HAL/keypad.o
 .text.HAL_KEYPAD_GetButtonPressed
                0x0000000000000000      0x118 HAL/keypad.o
 .debug_info    0x0000000000000000      0x2cc HAL/keypad.o
 .debug_abbrev  0x0000000000000000      0x101 HAL/keypad.o
 .debug_loc     0x0000000000000000       0xaa HAL/keypad.o
 .debug_aranges
                0x0000000000000000       0x30 HAL/keypad.o
 .debug_ranges  0x0000000000000000       0x20 HAL/keypad.o
 .debug_macro   0x0000000000000000       0x58 HAL/keypad.o
 .debug_macro   0x0000000000000000      0xa60 HAL/keypad.o
 .debug_macro   0x0000000000000000       0x22 HAL/keypad.o
 .debug_macro   0x0000000000000000       0x1c HAL/keypad.o
 .debug_macro   0x0000000000000000      0x2e6 HAL/keypad.o
 .debug_macro   0x0000000000000000       0xd0 HAL/keypad.o
 .debug_macro   0x0000000000000000       0x6a HAL/keypad.o
 .debug_line    0x0000000000000000      0x177 HAL/keypad.o
 .debug_str     0x0000000000000000     0x4485 HAL/keypad.o
 .comment       0x0000000000000000       0x7c HAL/keypad.o
 .debug_frame   0x0000000000000000       0x6c HAL/keypad.o
 .ARM.attributes
                0x0000000000000000       0x33 HAL/keypad.o
 .group         0x0000000000000000        0xc MCAL/EXTI.o
 .group         0x0000000000000000        0xc MCAL/EXTI.o
 .group         0x0000000000000000        0xc MCAL/EXTI.o
 .group         0x0000000000000000        0xc MCAL/EXTI.o
 .group         0x0000000000000000        0xc MCAL/EXTI.o
 .group         0x0000000000000000        0xc MCAL/EXTI.o
 .text          0x0000000000000000        0x0 MCAL/EXTI.o
 .data          0x0000000000000000        0x0 MCAL/EXTI.o
 .bss           0x0000000000000000        0x0 MCAL/EXTI.o
 .text.EXTI_NVIC_EN
                0x0000000000000000       0xcc MCAL/EXTI.o
 .text.EXTI_NVIC_DIS
                0x0000000000000000       0xcc MCAL/EXTI.o
 .text.MCAL_EXTI_Init
                0x0000000000000000      0x1d0 MCAL/EXTI.o
 .text.MCAL_EXTI_DeInit
                0x0000000000000000       0x94 MCAL/EXTI.o
 .debug_macro   0x0000000000000000      0xa60 MCAL/EXTI.o
 .debug_macro   0x0000000000000000       0x22 MCAL/EXTI.o
 .debug_macro   0x0000000000000000       0x1c MCAL/EXTI.o
 .debug_macro   0x0000000000000000      0x2e6 MCAL/EXTI.o
 .debug_macro   0x0000000000000000       0xd6 MCAL/EXTI.o
 .group         0x0000000000000000        0xc MCAL/GPIO.o
 .group         0x0000000000000000        0xc MCAL/GPIO.o
 .group         0x0000000000000000        0xc MCAL/GPIO.o
 .group         0x0000000000000000        0xc MCAL/GPIO.o
 .group         0x0000000000000000        0xc MCAL/GPIO.o
 .text          0x0000000000000000        0x0 MCAL/GPIO.o
 .data          0x0000000000000000        0x0 MCAL/GPIO.o
 .bss           0x0000000000000000        0x0 MCAL/GPIO.o
 .text.MCAL_GPIO_DeInit
                0x0000000000000000       0xc8 MCAL/GPIO.o
 .text.MCAL_GPIO_ReadPort
                0x0000000000000000       0x18 MCAL/GPIO.o
 .text.MCAL_GPIO_WritePort
                0x0000000000000000       0x1c MCAL/GPIO.o
 .text.MCAL_GPIO_LockPin
                0x0000000000000000       0x70 MCAL/GPIO.o
 .debug_macro   0x0000000000000000      0xa60 MCAL/GPIO.o
 .debug_macro   0x0000000000000000       0x22 MCAL/GPIO.o
 .debug_macro   0x0000000000000000       0x1c MCAL/GPIO.o
 .debug_macro   0x0000000000000000      0x2e6 MCAL/GPIO.o
 .debug_macro   0x0000000000000000       0xd0 MCAL/GPIO.o
 .group         0x0000000000000000        0xc MCAL/GPTM.o
 .group         0x0000000000000000        0xc MCAL/GPTM.o
 .group         0x0000000000000000        0xc MCAL/GPTM.o
 .group         0x0000000000000000        0xc MCAL/GPTM.o
 .group         0x0000000000000000        0xc MCAL/GPTM.o
 .group         0x0000000000000000        0xc MCAL/GPTM.o
 .text          0x0000000000000000        0x0 MCAL/GPTM.o
 .data          0x0000000000000000        0x0 MCAL/GPTM.o
 .bss           0x0000000000000000        0x0 MCAL/GPTM.o
 .text.MCAL_GPTM_DeInit
                0x0000000000000000       0x88 MCAL/GPTM.o
 .text.MCAL_GPTM_GenerateSoftUpdated
                0x0000000000000000       0x1e MCAL/GPTM.o
 .text.MCAL_GPTM_GetAutoReload
                0x0000000000000000       0x1c MCAL/GPTM.o
 .text.MCAL_GPTM_GetPreScaler
                0x0000000000000000       0x20 MCAL/GPTM.o
 .text.MCAL_GPTM_GetCCRx
                0x0000000000000000       0x24 MCAL/GPTM.o
 .debug_macro   0x0000000000000000      0xa60 MCAL/GPTM.o
 .debug_macro   0x0000000000000000       0x22 MCAL/GPTM.o
 .debug_macro   0x0000000000000000       0x1c MCAL/GPTM.o
 .debug_macro   0x0000000000000000      0x2e6 MCAL/GPTM.o
 .debug_macro   0x0000000000000000       0xd6 MCAL/GPTM.o
 .debug_macro   0x0000000000000000      0x30d MCAL/GPTM.o
 .group         0x0000000000000000        0xc MCAL/I2C.o
 .group         0x0000000000000000        0xc MCAL/I2C.o
 .group         0x0000000000000000        0xc MCAL/I2C.o
 .group         0x0000000000000000        0xc MCAL/I2C.o
 .group         0x0000000000000000        0xc MCAL/I2C.o
 .group         0x0000000000000000        0xc MCAL/I2C.o
 .group         0x0000000000000000        0xc MCAL/I2C.o
 .text          0x0000000000000000        0x0 MCAL/I2C.o
 .data          0x0000000000000000        0x0 MCAL/I2C.o
 .bss           0x0000000000000000        0x0 MCAL/I2C.o
 .text.I2C_GPIO_SetPins
                0x0000000000000000       0x6c MCAL/I2C.o
 .text.I2C_NVIC_IRQ_Enabled
                0x0000000000000000       0x7c MCAL/I2C.o
 .text.MCAL_I2C_Init
                0x0000000000000000      0x178 MCAL/I2C.o
 .text.MCAL_I2C_DeInit
                0x0000000000000000       0x90 MCAL/I2C.o
 .text.MCAL_I2C_IRQ_Config
                0x0000000000000000      0x218 MCAL/I2C.o
 .text.MCAL_I2C_GetFlagStatus
                0x0000000000000000       0x64 MCAL/I2C.o
 .text.MCAL_I2C_GenerateStart
                0x0000000000000000       0x56 MCAL/I2C.o
 .text.MCAL_I2C_GenerateStop
                0x0000000000000000       0x3e MCAL/I2C.o
 .text.MCAL_I2C_SendAddress
                0x0000000000000000       0x32 MCAL/I2C.o
 .text.MCAL_I2C_MasterSendDataPolling
                0x0000000000000000       0x46 MCAL/I2C.o
 .text.MCAL_I2C_MasterRecDataPolling
                0x0000000000000000       0xe0 MCAL/I2C.o
 .text.MCAL_I2C_MasterTxPolling
                0x0000000000000000       0xea MCAL/I2C.o
 .text.MCAL_I2C_MasterRxPolling
                0x0000000000000000       0x7e MCAL/I2C.o
 .text.MCAL_I2C_Slave_TX
                0x0000000000000000       0x1e MCAL/I2C.o
 .text.MCAL_I2C_Slave_RX
                0x0000000000000000       0x1a MCAL/I2C.o
 .text.I2C_ACKConfig
                0x0000000000000000       0x3e MCAL/I2C.o
 .debug_macro   0x0000000000000000      0xa60 MCAL/I2C.o
 .debug_macro   0x0000000000000000       0x22 MCAL/I2C.o
 .debug_macro   0x0000000000000000       0x1c MCAL/I2C.o
 .debug_macro   0x0000000000000000      0x2e6 MCAL/I2C.o
 .debug_macro   0x0000000000000000       0xd6 MCAL/I2C.o
 .debug_macro   0x0000000000000000       0x16 MCAL/I2C.o
 .debug_macro   0x0000000000000000       0xe6 MCAL/I2C.o
 .group         0x0000000000000000        0xc MCAL/RCC.o
 .group         0x0000000000000000        0xc MCAL/RCC.o
 .group         0x0000000000000000        0xc MCAL/RCC.o
 .group         0x0000000000000000        0xc MCAL/RCC.o
 .group         0x0000000000000000        0xc MCAL/RCC.o
 .text          0x0000000000000000        0x0 MCAL/RCC.o
 .data          0x0000000000000000        0x0 MCAL/RCC.o
 .bss           0x0000000000000000        0x0 MCAL/RCC.o
 .rodata.g_APB_Prescaler_Table
                0x0000000000000000        0x8 MCAL/RCC.o
 .rodata.g_AHB_Prescaler_Table
                0x0000000000000000       0x10 MCAL/RCC.o
 .text.MCAL_RCC_SYSCLK
                0x0000000000000000       0x48 MCAL/RCC.o
 .text.MCAL_RCC_HCLK
                0x0000000000000000       0x34 MCAL/RCC.o
 .text.MCAL_RCC_PCLK1
                0x0000000000000000       0x34 MCAL/RCC.o
 .text.MCAL_RCC_PCLK2
                0x0000000000000000       0x28 MCAL/RCC.o
 .debug_info    0x0000000000000000      0x226 MCAL/RCC.o
 .debug_abbrev  0x0000000000000000       0xe6 MCAL/RCC.o
 .debug_loc     0x0000000000000000      0x110 MCAL/RCC.o
 .debug_aranges
                0x0000000000000000       0x38 MCAL/RCC.o
 .debug_ranges  0x0000000000000000       0x28 MCAL/RCC.o
 .debug_macro   0x0000000000000000       0x45 MCAL/RCC.o
 .debug_macro   0x0000000000000000      0xa60 MCAL/RCC.o
 .debug_macro   0x0000000000000000       0x22 MCAL/RCC.o
 .debug_macro   0x0000000000000000       0x1c MCAL/RCC.o
 .debug_macro   0x0000000000000000      0x2e6 MCAL/RCC.o
 .debug_macro   0x0000000000000000       0x10 MCAL/RCC.o
 .debug_line    0x0000000000000000       0xf2 MCAL/RCC.o
 .debug_str     0x0000000000000000     0x3f1b MCAL/RCC.o
 .comment       0x0000000000000000       0x7c MCAL/RCC.o
 .debug_frame   0x0000000000000000       0x94 MCAL/RCC.o
 .ARM.attributes
                0x0000000000000000       0x33 MCAL/RCC.o
 .group         0x0000000000000000        0xc MCAL/SPI.o
 .group         0x0000000000000000        0xc MCAL/SPI.o
 .group         0x0000000000000000        0xc MCAL/SPI.o
 .group         0x0000000000000000        0xc MCAL/SPI.o
 .group         0x0000000000000000        0xc MCAL/SPI.o
 .group         0x0000000000000000        0xc MCAL/SPI.o
 .text          0x0000000000000000        0x0 MCAL/SPI.o
 .data          0x0000000000000000        0x0 MCAL/SPI.o
 .bss           0x0000000000000000        0x0 MCAL/SPI.o
 .text.MCAL_SPI_Init
                0x0000000000000000      0x120 MCAL/SPI.o
 .text.MCAL_SPI_DeInit
                0x0000000000000000       0x84 MCAL/SPI.o
 .text.MCAL_SPI_GPIO_SetPins
                0x0000000000000000      0x1a8 MCAL/SPI.o
 .text.MCAL_SPI_Transmit
                0x0000000000000000       0x48 MCAL/SPI.o
 .text.MCAL_SPI_Receive
                0x0000000000000000       0x3a MCAL/SPI.o
 .text.MCAL_SPI_FULLDUPLEX_TX_RX
                0x0000000000000000       0x2e MCAL/SPI.o
 .text.MCAL_SPI_sendString
                0x0000000000000000       0x44 MCAL/SPI.o
 .text.MCAL_SPI_receiveString
                0x0000000000000000       0x56 MCAL/SPI.o
 .debug_macro   0x0000000000000000      0xa60 MCAL/SPI.o
 .debug_macro   0x0000000000000000       0x22 MCAL/SPI.o
 .debug_macro   0x0000000000000000       0x1c MCAL/SPI.o
 .debug_macro   0x0000000000000000      0x2e6 MCAL/SPI.o
 .debug_macro   0x0000000000000000       0xd6 MCAL/SPI.o
 .group         0x0000000000000000        0xc MCAL/USART.o
 .group         0x0000000000000000        0xc MCAL/USART.o
 .group         0x0000000000000000        0xc MCAL/USART.o
 .group         0x0000000000000000        0xc MCAL/USART.o
 .group         0x0000000000000000        0xc MCAL/USART.o
 .group         0x0000000000000000        0xc MCAL/USART.o
 .group         0x0000000000000000        0xc MCAL/USART.o
 .text          0x0000000000000000        0x0 MCAL/USART.o
 .data          0x0000000000000000        0x0 MCAL/USART.o
 .bss           0x0000000000000000        0x0 MCAL/USART.o
 .text.MCAL_UART_Init
                0x0000000000000000      0x1b8 MCAL/USART.o
 .text.MCAL_UART_DeInit
                0x0000000000000000       0xbc MCAL/USART.o
 .rodata        0x0000000000000000       0x60 MCAL/USART.o
 .text.MCAL_UART_GPIO_SetPins
                0x0000000000000000      0x214 MCAL/USART.o
 .text.MCAL_UART_Transmit
                0x0000000000000000       0x58 MCAL/USART.o
 .text.MCAL_UART_Receive
                0x0000000000000000       0x92 MCAL/USART.o
 .text.MCAL_UART_WAIT_TC
                0x0000000000000000       0x22 MCAL/USART.o
 .debug_macro   0x0000000000000000      0xa60 MCAL/USART.o
 .debug_macro   0x0000000000000000       0x22 MCAL/USART.o
 .debug_macro   0x0000000000000000       0x1c MCAL/USART.o
 .debug_macro   0x0000000000000000      0x2e6 MCAL/USART.o
 .debug_macro   0x0000000000000000       0x16 MCAL/USART.o
 .debug_macro   0x0000000000000000       0xd6 MCAL/USART.o
 .group         0x0000000000000000        0xc Src/main.o
 .group         0x0000000000000000        0xc Src/main.o
 .group         0x0000000000000000        0xc Src/main.o
 .group         0x0000000000000000        0xc Src/main.o
 .group         0x0000000000000000        0xc Src/main.o
 .group         0x0000000000000000        0xc Src/main.o
 .group         0x0000000000000000        0xc Src/main.o
 .group         0x0000000000000000        0xc Src/main.o
 .group         0x0000000000000000        0xc Src/main.o
 .group         0x0000000000000000        0xc Src/main.o
 .group         0x0000000000000000        0xc Src/main.o
 .group         0x0000000000000000        0xc Src/main.o
 .group         0x0000000000000000        0xc Src/main.o
 .group         0x0000000000000000        0xc Src/main.o
 .group         0x0000000000000000        0xc Src/main.o
 .text          0x0000000000000000        0x0 Src/main.o
 .data          0x0000000000000000        0x0 Src/main.o
 .bss           0x0000000000000000        0x0 Src/main.o
 .debug_macro   0x0000000000000000      0xa60 Src/main.o
 .debug_macro   0x0000000000000000       0x1c Src/main.o
 .debug_macro   0x0000000000000000      0x2e6 Src/main.o
 .debug_macro   0x0000000000000000       0x22 Src/main.o
 .debug_macro   0x0000000000000000       0xd0 Src/main.o
 .debug_macro   0x0000000000000000      0x2b7 Src/main.o
 .debug_macro   0x0000000000000000       0x16 Src/main.o
 .debug_macro   0x0000000000000000       0xbe Src/main.o
 .debug_macro   0x0000000000000000       0xe2 Src/main.o
 .group         0x0000000000000000        0xc Src/syscalls.o
 .group         0x0000000000000000        0xc Src/syscalls.o
 .group         0x0000000000000000        0xc Src/syscalls.o
 .group         0x0000000000000000        0xc Src/syscalls.o
 .group         0x0000000000000000        0xc Src/syscalls.o
 .group         0x0000000000000000        0xc Src/syscalls.o
 .group         0x0000000000000000        0xc Src/syscalls.o
 .group         0x0000000000000000        0xc Src/syscalls.o
 .group         0x0000000000000000        0xc Src/syscalls.o
 .group         0x0000000000000000        0xc Src/syscalls.o
 .group         0x0000000000000000        0xc Src/syscalls.o
 .group         0x0000000000000000        0xc Src/syscalls.o
 .group         0x0000000000000000        0xc Src/syscalls.o
 .group         0x0000000000000000        0xc Src/syscalls.o
 .group         0x0000000000000000        0xc Src/syscalls.o
 .group         0x0000000000000000        0xc Src/syscalls.o
 .group         0x0000000000000000        0xc Src/syscalls.o
 .group         0x0000000000000000        0xc Src/syscalls.o
 .group         0x0000000000000000        0xc Src/syscalls.o
 .group         0x0000000000000000        0xc Src/syscalls.o
 .group         0x0000000000000000        0xc Src/syscalls.o
 .group         0x0000000000000000        0xc Src/syscalls.o
 .group         0x0000000000000000        0xc Src/syscalls.o
 .group         0x0000000000000000        0xc Src/syscalls.o
 .group         0x0000000000000000        0xc Src/syscalls.o
 .group         0x0000000000000000        0xc Src/syscalls.o
 .group         0x0000000000000000        0xc Src/syscalls.o
 .group         0x0000000000000000        0xc Src/syscalls.o
 .group         0x0000000000000000        0xc Src/syscalls.o
 .group         0x0000000000000000        0xc Src/syscalls.o
 .group         0x0000000000000000        0xc Src/syscalls.o
 .group         0x0000000000000000        0xc Src/syscalls.o
 .group         0x0000000000000000        0xc Src/syscalls.o
 .group         0x0000000000000000        0xc Src/syscalls.o
 .group         0x0000000000000000        0xc Src/syscalls.o
 .group         0x0000000000000000        0xc Src/syscalls.o
 .group         0x0000000000000000        0xc Src/syscalls.o
 .group         0x0000000000000000        0xc Src/syscalls.o
 .group         0x0000000000000000        0xc Src/syscalls.o
 .group         0x0000000000000000        0xc Src/syscalls.o
 .group         0x0000000000000000        0xc Src/syscalls.o
 .group         0x0000000000000000        0xc Src/syscalls.o
 .group         0x0000000000000000        0xc Src/syscalls.o
 .group         0x0000000000000000        0xc Src/syscalls.o
 .text          0x0000000000000000        0x0 Src/syscalls.o
 .data          0x0000000000000000        0x0 Src/syscalls.o
 .bss           0x0000000000000000        0x0 Src/syscalls.o
 .bss.__env     0x0000000000000000        0x4 Src/syscalls.o
 .data.environ  0x0000000000000000        0x4 Src/syscalls.o
 .text.initialise_monitor_handles
                0x0000000000000000        0xc Src/syscalls.o
 .text._getpid  0x0000000000000000        0xe Src/syscalls.o
 .text._kill    0x0000000000000000       0x20 Src/syscalls.o
 .text._exit    0x0000000000000000       0x14 Src/syscalls.o
 .text._read    0x0000000000000000       0x3a Src/syscalls.o
 .text._write   0x0000000000000000       0x38 Src/syscalls.o
 .text._close   0x0000000000000000       0x16 Src/syscalls.o
 .text._fstat   0x0000000000000000       0x1e Src/syscalls.o
 .text._isatty  0x0000000000000000       0x14 Src/syscalls.o
 .text._lseek   0x0000000000000000       0x18 Src/syscalls.o
 .text._open    0x0000000000000000       0x1a Src/syscalls.o
 .text._wait    0x0000000000000000       0x1e Src/syscalls.o
 .text._unlink  0x0000000000000000       0x1e Src/syscalls.o
 .text._times   0x0000000000000000       0x16 Src/syscalls.o
 .text._stat    0x0000000000000000       0x1e Src/syscalls.o
 .text._link    0x0000000000000000       0x20 Src/syscalls.o
 .text._fork    0x0000000000000000       0x16 Src/syscalls.o
 .text._execve  0x0000000000000000       0x22 Src/syscalls.o
 .debug_info    0x0000000000000000     0x1038 Src/syscalls.o
 .debug_abbrev  0x0000000000000000      0x254 Src/syscalls.o
 .debug_loc     0x0000000000000000      0x5b8 Src/syscalls.o
 .debug_aranges
                0x0000000000000000       0xa8 Src/syscalls.o
 .debug_ranges  0x0000000000000000       0x98 Src/syscalls.o
 .debug_macro   0x0000000000000000      0x243 Src/syscalls.o
 .debug_macro   0x0000000000000000      0xa60 Src/syscalls.o
 .debug_macro   0x0000000000000000       0x22 Src/syscalls.o
 .debug_macro   0x0000000000000000       0x40 Src/syscalls.o
 .debug_macro   0x0000000000000000       0x18 Src/syscalls.o
 .debug_macro   0x0000000000000000       0x94 Src/syscalls.o
 .debug_macro   0x0000000000000000       0x3c Src/syscalls.o
 .debug_macro   0x0000000000000000       0x34 Src/syscalls.o
 .debug_macro   0x0000000000000000       0x57 Src/syscalls.o
 .debug_macro   0x0000000000000000      0x174 Src/syscalls.o
 .debug_macro   0x0000000000000000      0x330 Src/syscalls.o
 .debug_macro   0x0000000000000000       0x52 Src/syscalls.o
 .debug_macro   0x0000000000000000       0x1f Src/syscalls.o
 .debug_macro   0x0000000000000000       0x43 Src/syscalls.o
 .debug_macro   0x0000000000000000       0x20 Src/syscalls.o
 .debug_macro   0x0000000000000000      0x1a3 Src/syscalls.o
 .debug_macro   0x0000000000000000       0x10 Src/syscalls.o
 .debug_macro   0x0000000000000000       0x35 Src/syscalls.o
 .debug_macro   0x0000000000000000       0x10 Src/syscalls.o
 .debug_macro   0x0000000000000000       0x10 Src/syscalls.o
 .debug_macro   0x0000000000000000       0x10 Src/syscalls.o
 .debug_macro   0x0000000000000000       0x6a Src/syscalls.o
 .debug_macro   0x0000000000000000       0x1c Src/syscalls.o
 .debug_macro   0x0000000000000000       0x52 Src/syscalls.o
 .debug_macro   0x0000000000000000       0x40 Src/syscalls.o
 .debug_macro   0x0000000000000000       0x10 Src/syscalls.o
 .debug_macro   0x0000000000000000       0x40 Src/syscalls.o
 .debug_macro   0x0000000000000000       0xd7 Src/syscalls.o
 .debug_macro   0x0000000000000000       0x1c Src/syscalls.o
 .debug_macro   0x0000000000000000       0x3d Src/syscalls.o
 .debug_macro   0x0000000000000000       0x35 Src/syscalls.o
 .debug_macro   0x0000000000000000      0x122 Src/syscalls.o
 .debug_macro   0x0000000000000000       0x16 Src/syscalls.o
 .debug_macro   0x0000000000000000       0x16 Src/syscalls.o
 .debug_macro   0x0000000000000000       0x29 Src/syscalls.o
 .debug_macro   0x0000000000000000       0x10 Src/syscalls.o
 .debug_macro   0x0000000000000000      0x241 Src/syscalls.o
 .debug_macro   0x0000000000000000       0x1c Src/syscalls.o
 .debug_macro   0x0000000000000000       0x10 Src/syscalls.o
 .debug_macro   0x0000000000000000       0x10 Src/syscalls.o
 .debug_macro   0x0000000000000000       0x16 Src/syscalls.o
 .debug_macro   0x0000000000000000      0x145 Src/syscalls.o
 .debug_macro   0x0000000000000000      0x189 Src/syscalls.o
 .debug_macro   0x0000000000000000       0x16 Src/syscalls.o
 .debug_macro   0x0000000000000000       0x88 Src/syscalls.o
 .debug_line    0x0000000000000000      0x739 Src/syscalls.o
 .debug_str     0x0000000000000000     0x886d Src/syscalls.o
 .comment       0x0000000000000000       0x7c Src/syscalls.o
 .debug_frame   0x0000000000000000      0x2ac Src/syscalls.o
 .ARM.attributes
                0x0000000000000000       0x33 Src/syscalls.o
 .group         0x0000000000000000        0xc Src/sysmem.o
 .group         0x0000000000000000        0xc Src/sysmem.o
 .group         0x0000000000000000        0xc Src/sysmem.o
 .group         0x0000000000000000        0xc Src/sysmem.o
 .group         0x0000000000000000        0xc Src/sysmem.o
 .group         0x0000000000000000        0xc Src/sysmem.o
 .group         0x0000000000000000        0xc Src/sysmem.o
 .group         0x0000000000000000        0xc Src/sysmem.o
 .group         0x0000000000000000        0xc Src/sysmem.o
 .group         0x0000000000000000        0xc Src/sysmem.o
 .group         0x0000000000000000        0xc Src/sysmem.o
 .group         0x0000000000000000        0xc Src/sysmem.o
 .group         0x0000000000000000        0xc Src/sysmem.o
 .group         0x0000000000000000        0xc Src/sysmem.o
 .group         0x0000000000000000        0xc Src/sysmem.o
 .group         0x0000000000000000        0xc Src/sysmem.o
 .group         0x0000000000000000        0xc Src/sysmem.o
 .group         0x0000000000000000        0xc Src/sysmem.o
 .group         0x0000000000000000        0xc Src/sysmem.o
 .text          0x0000000000000000        0x0 Src/sysmem.o
 .data          0x0000000000000000        0x0 Src/sysmem.o
 .bss           0x0000000000000000        0x0 Src/sysmem.o
 .bss.__sbrk_heap_end
                0x0000000000000000        0x4 Src/sysmem.o
 .text._sbrk    0x0000000000000000       0x6c Src/sysmem.o
 .debug_info    0x0000000000000000      0xa7c Src/sysmem.o
 .debug_abbrev  0x0000000000000000      0x18e Src/sysmem.o
 .debug_loc     0x0000000000000000       0x50 Src/sysmem.o
 .debug_aranges
                0x0000000000000000       0x20 Src/sysmem.o
 .debug_ranges  0x0000000000000000       0x10 Src/sysmem.o
 .debug_macro   0x0000000000000000       0xee Src/sysmem.o
 .debug_macro   0x0000000000000000      0xa60 Src/sysmem.o
 .debug_macro   0x0000000000000000       0x10 Src/sysmem.o
 .debug_macro   0x0000000000000000       0x22 Src/sysmem.o
 .debug_macro   0x0000000000000000       0x40 Src/sysmem.o
 .debug_macro   0x0000000000000000       0x18 Src/sysmem.o
 .debug_macro   0x0000000000000000       0x94 Src/sysmem.o
 .debug_macro   0x0000000000000000       0x3c Src/sysmem.o
 .debug_macro   0x0000000000000000       0x34 Src/sysmem.o
 .debug_macro   0x0000000000000000      0x174 Src/sysmem.o
 .debug_macro   0x0000000000000000       0x57 Src/sysmem.o
 .debug_macro   0x0000000000000000       0x52 Src/sysmem.o
 .debug_macro   0x0000000000000000       0x1f Src/sysmem.o
 .debug_macro   0x0000000000000000       0x43 Src/sysmem.o
 .debug_macro   0x0000000000000000       0x20 Src/sysmem.o
 .debug_macro   0x0000000000000000      0x1a3 Src/sysmem.o
 .debug_macro   0x0000000000000000      0x23b Src/sysmem.o
 .debug_macro   0x0000000000000000       0xef Src/sysmem.o
 .debug_macro   0x0000000000000000       0x6a Src/sysmem.o
 .debug_macro   0x0000000000000000      0x1df Src/sysmem.o
 .debug_line    0x0000000000000000      0x4c2 Src/sysmem.o
 .debug_str     0x0000000000000000     0x5f3b Src/sysmem.o
 .comment       0x0000000000000000       0x7c Src/sysmem.o
 .debug_frame   0x0000000000000000       0x34 Src/sysmem.o
 .ARM.attributes
                0x0000000000000000       0x33 Src/sysmem.o
 .text          0x0000000000000000       0x14 Startup/startup_stm32f103c8tx.o
 .data          0x0000000000000000        0x0 Startup/startup_stm32f103c8tx.o
 .bss           0x0000000000000000        0x0 Startup/startup_stm32f103c8tx.o
 .text          0x0000000000000000        0x0 c:/st/stm32cubeide_1.4.0/stm32cubeide/plugins/com.st.stm32cube.ide.mcu.externaltools.gnu-tools-for-stm32.7-2018-q2-update.win32_1.4.0.202007081208/tools/bin/../lib/gcc/arm-none-eabi/7.3.1/../../../../arm-none-eabi/lib/thumb/v7-m\libc_nano.a(lib_a-errno.o)
 .data          0x0000000000000000        0x0 c:/st/stm32cubeide_1.4.0/stm32cubeide/plugins/com.st.stm32cube.ide.mcu.externaltools.gnu-tools-for-stm32.7-2018-q2-update.win32_1.4.0.202007081208/tools/bin/../lib/gcc/arm-none-eabi/7.3.1/../../../../arm-none-eabi/lib/thumb/v7-m\libc_nano.a(lib_a-errno.o)
 .bss           0x0000000000000000        0x0 c:/st/stm32cubeide_1.4.0/stm32cubeide/plugins/com.st.stm32cube.ide.mcu.externaltools.gnu-tools-for-stm32.7-2018-q2-update.win32_1.4.0.202007081208/tools/bin/../lib/gcc/arm-none-eabi/7.3.1/../../../../arm-none-eabi/lib/thumb/v7-m\libc_nano.a(lib_a-errno.o)
 .text.__errno  0x0000000000000000        0xc c:/st/stm32cubeide_1.4.0/stm32cubeide/plugins/com.st.stm32cube.ide.mcu.externaltools.gnu-tools-for-stm32.7-2018-q2-update.win32_1.4.0.202007081208/tools/bin/../lib/gcc/arm-none-eabi/7.3.1/../../../../arm-none-eabi/lib/thumb/v7-m\libc_nano.a(lib_a-errno.o)
 .debug_frame   0x0000000000000000       0x20 c:/st/stm32cubeide_1.4.0/stm32cubeide/plugins/com.st.stm32cube.ide.mcu.externaltools.gnu-tools-for-stm32.7-2018-q2-update.win32_1.4.0.202007081208/tools/bin/../lib/gcc/arm-none-eabi/7.3.1/../../../../arm-none-eabi/lib/thumb/v7-m\libc_nano.a(lib_a-errno.o)
 .ARM.attributes
                0x0000000000000000       0x2d c:/st/stm32cubeide_1.4.0/stm32cubeide/plugins/com.st.stm32cube.ide.mcu.externaltools.gnu-tools-for-stm32.7-2018-q2-update.win32_1.4.0.202007081208/tools/bin/../lib/gcc/arm-none-eabi/7.3.1/../../../../arm-none-eabi/lib/thumb/v7-m\libc_nano.a(lib_a-errno.o)
 .text          0x0000000000000000        0x0 c:/st/stm32cubeide_1.4.0/stm32cubeide/plugins/com.st.stm32cube.ide.mcu.externaltools.gnu-tools-for-stm32.7-2018-q2-update.win32_1.4.0.202007081208/tools/bin/../lib/gcc/arm-none-eabi/7.3.1/../../../../arm-none-eabi/lib/thumb/v7-m\libc_nano.a(lib_a-exit.o)
 .data          0x0000000000000000        0x0 c:/st/stm32cubeide_1.4.0/stm32cubeide/plugins/com.st.stm32cube.ide.mcu.externaltools.gnu-tools-for-stm32.7-2018-q2-update.win32_1.4.0.202007081208/tools/bin/../lib/gcc/arm-none-eabi/7.3.1/../../../../arm-none-eabi/lib/thumb/v7-m\libc_nano.a(lib_a-exit.o)
 .bss           0x0000000000000000        0x0 c:/st/stm32cubeide_1.4.0/stm32cubeide/plugins/com.st.stm32cube.ide.mcu.externaltools.gnu-tools-for-stm32.7-2018-q2-update.win32_1.4.0.202007081208/tools/bin/../lib/gcc/arm-none-eabi/7.3.1/../../../../arm-none-eabi/lib/thumb/v7-m\libc_nano.a(lib_a-exit.o)
 .text.exit     0x0000000000000000       0x28 c:/st/stm32cubeide_1.4.0/stm32cubeide/plugins/com.st.stm32cube.ide.mcu.externaltools.gnu-tools-for-stm32.7-2018-q2-update.win32_1.4.0.202007081208/tools/bin/../lib/gcc/arm-none-eabi/7.3.1/../../../../arm-none-eabi/lib/thumb/v7-m\libc_nano.a(lib_a-exit.o)
 .debug_frame   0x0000000000000000       0x28 c:/st/stm32cubeide_1.4.0/stm32cubeide/plugins/com.st.stm32cube.ide.mcu.externaltools.gnu-tools-for-stm32.7-2018-q2-update.win32_1.4.0.202007081208/tools/bin/../lib/gcc/arm-none-eabi/7.3.1/../../../../arm-none-eabi/lib/thumb/v7-m\libc_nano.a(lib_a-exit.o)
 .ARM.attributes
                0x0000000000000000       0x2d c:/st/stm32cubeide_1.4.0/stm32cubeide/plugins/com.st.stm32cube.ide.mcu.externaltools.gnu-tools-for-stm32.7-2018-q2-update.win32_1.4.0.202007081208/tools/bin/../lib/gcc/arm-none-eabi/7.3.1/../../../../arm-none-eabi/lib/thumb/v7-m\libc_nano.a(lib_a-exit.o)
 .text          0x0000000000000000        0x0 c:/st/stm32cubeide_1.4.0/stm32cubeide/plugins/com.st.stm32cube.ide.mcu.externaltools.gnu-tools-for-stm32.7-2018-q2-update.win32_1.4.0.202007081208/tools/bin/../lib/gcc/arm-none-eabi/7.3.1/../../../../arm-none-eabi/lib/thumb/v7-m\libc_nano.a(lib_a-impure.o)
 .data          0x0000000000000000        0x0 c:/st/stm32cubeide_1.4.0/stm32cubeide/plugins/com.st.stm32cube.ide.mcu.externaltools.gnu-tools-for-stm32.7-2018-q2-update.win32_1.4.0.202007081208/tools/bin/../lib/gcc/arm-none-eabi/7.3.1/../../../../arm-none-eabi/lib/thumb/v7-m\libc_nano.a(lib_a-impure.o)
 .bss           0x0000000000000000        0x0 c:/st/stm32cubeide_1.4.0/stm32cubeide/plugins/com.st.stm32cube.ide.mcu.externaltools.gnu-tools-for-stm32.7-2018-q2-update.win32_1.4.0.202007081208/tools/bin/../lib/gcc/arm-none-eabi/7.3.1/../../../../arm-none-eabi/lib/thumb/v7-m\libc_nano.a(lib_a-impure.o)
 .data._impure_ptr
                0x0000000000000000        0x4 c:/st/stm32cubeide_1.4.0/stm32cubeide/plugins/com.st.stm32cube.ide.mcu.externaltools.gnu-tools-for-stm32.7-2018-q2-update.win32_1.4.0.202007081208/tools/bin/../lib/gcc/arm-none-eabi/7.3.1/../../../../arm-none-eabi/lib/thumb/v7-m\libc_nano.a(lib_a-impure.o)
 .data.impure_data
                0x0000000000000000       0x60 c:/st/stm32cubeide_1.4.0/stm32cubeide/plugins/com.st.stm32cube.ide.mcu.externaltools.gnu-tools-for-stm32.7-2018-q2-update.win32_1.4.0.202007081208/tools/bin/../lib/gcc/arm-none-eabi/7.3.1/../../../../arm-none-eabi/lib/thumb/v7-m\libc_nano.a(lib_a-impure.o)
 .rodata._global_impure_ptr
                0x0000000000000000        0x4 c:/st/stm32cubeide_1.4.0/stm32cubeide/plugins/com.st.stm32cube.ide.mcu.externaltools.gnu-tools-for-stm32.7-2018-q2-update.win32_1.4.0.202007081208/tools/bin/../lib/gcc/arm-none-eabi/7.3.1/../../../../arm-none-eabi/lib/thumb/v7-m\libc_nano.a(lib_a-impure.o)
 .ARM.attributes
                0x0000000000000000       0x2d c:/st/stm32cubeide_1.4.0/stm32cubeide/plugins/com.st.stm32cube.ide.mcu.externaltools.gnu-tools-for-stm32.7-2018-q2-update.win32_1.4.0.202007081208/tools/bin/../lib/gcc/arm-none-eabi/7.3.1/../../../../arm-none-eabi/lib/thumb/v7-m\libc_nano.a(lib_a-impure.o)
 .text          0x0000000000000000        0x0 c:/st/stm32cubeide_1.4.0/stm32cubeide/plugins/com.st.stm32cube.ide.mcu.externaltools.gnu-tools-for-stm32.7-2018-q2-update.win32_1.4.0.202007081208/tools/bin/../lib/gcc/arm-none-eabi/7.3.1/../../../../arm-none-eabi/lib/thumb/v7-m\libc_nano.a(lib_a-init.o)
 .data          0x0000000000000000        0x0 c:/st/stm32cubeide_1.4.0/stm32cubeide/plugins/com.st.stm32cube.ide.mcu.externaltools.gnu-tools-for-stm32.7-2018-q2-update.win32_1.4.0.202007081208/tools/bin/../lib/gcc/arm-none-eabi/7.3.1/../../../../arm-none-eabi/lib/thumb/v7-m\libc_nano.a(lib_a-init.o)
 .bss           0x0000000000000000        0x0 c:/st/stm32cubeide_1.4.0/stm32cubeide/plugins/com.st.stm32cube.ide.mcu.externaltools.gnu-tools-for-stm32.7-2018-q2-update.win32_1.4.0.202007081208/tools/bin/../lib/gcc/arm-none-eabi/7.3.1/../../../../arm-none-eabi/lib/thumb/v7-m\libc_nano.a(lib_a-init.o)
 .text          0x0000000000000000        0x0 c:/st/stm32cubeide_1.4.0/stm32cubeide/plugins/com.st.stm32cube.ide.mcu.externaltools.gnu-tools-for-stm32.7-2018-q2-update.win32_1.4.0.202007081208/tools/bin/../lib/gcc/arm-none-eabi/7.3.1/../../../../arm-none-eabi/lib/thumb/v7-m\libc_nano.a(lib_a-memset.o)
 .data          0x0000000000000000        0x0 c:/st/stm32cubeide_1.4.0/stm32cubeide/plugins/com.st.stm32cube.ide.mcu.externaltools.gnu-tools-for-stm32.7-2018-q2-update.win32_1.4.0.202007081208/tools/bin/../lib/gcc/arm-none-eabi/7.3.1/../../../../arm-none-eabi/lib/thumb/v7-m\libc_nano.a(lib_a-memset.o)
 .bss           0x0000000000000000        0x0 c:/st/stm32cubeide_1.4.0/stm32cubeide/plugins/com.st.stm32cube.ide.mcu.externaltools.gnu-tools-for-stm32.7-2018-q2-update.win32_1.4.0.202007081208/tools/bin/../lib/gcc/arm-none-eabi/7.3.1/../../../../arm-none-eabi/lib/thumb/v7-m\libc_nano.a(lib_a-memset.o)
 .text.memset   0x0000000000000000       0x10 c:/st/stm32cubeide_1.4.0/stm32cubeide/plugins/com.st.stm32cube.ide.mcu.externaltools.gnu-tools-for-stm32.7-2018-q2-update.win32_1.4.0.202007081208/tools/bin/../lib/gcc/arm-none-eabi/7.3.1/../../../../arm-none-eabi/lib/thumb/v7-m\libc_nano.a(lib_a-memset.o)
 .debug_frame   0x0000000000000000       0x20 c:/st/stm32cubeide_1.4.0/stm32cubeide/plugins/com.st.stm32cube.ide.mcu.externaltools.gnu-tools-for-stm32.7-2018-q2-update.win32_1.4.0.202007081208/tools/bin/../lib/gcc/arm-none-eabi/7.3.1/../../../../arm-none-eabi/lib/thumb/v7-m\libc_nano.a(lib_a-memset.o)
 .ARM.attributes
                0x0000000000000000       0x2d c:/st/stm32cubeide_1.4.0/stm32cubeide/plugins/com.st.stm32cube.ide.mcu.externaltools.gnu-tools-for-stm32.7-2018-q2-update.win32_1.4.0.202007081208/tools/bin/../lib/gcc/arm-none-eabi/7.3.1/../../../../arm-none-eabi/lib/thumb/v7-m\libc_nano.a(lib_a-memset.o)
 .text          0x0000000000000000        0x0 c:/st/stm32cubeide_1.4.0/stm32cubeide/plugins/com.st.stm32cube.ide.mcu.externaltools.gnu-tools-for-stm32.7-2018-q2-update.win32_1.4.0.202007081208/tools/bin/../lib/gcc/arm-none-eabi/7.3.1/thumb/v7-m/crtend.o
 .data          0x0000000000000000        0x0 c:/st/stm32cubeide_1.4.0/stm32cubeide/plugins/com.st.stm32cube.ide.mcu.externaltools.gnu-tools-for-stm32.7-2018-q2-update.win32_1.4.0.202007081208/tools/bin/../lib/gcc/arm-none-eabi/7.3.1/thumb/v7-m/crtend.o
 .bss           0x0000000000000000        0x0 c:/st/stm32cubeide_1.4.0/stm32cubeide/plugins/com.st.stm32cube.ide.mcu.externaltools.gnu-tools-for-stm32.7-2018-q2-update.win32_1.4.0.202007081208/tools/bin/../lib/gcc/arm-none-eabi/7.3.1/thumb/v7-m/crtend.o
 .eh_frame      0x0000000000000000        0x4 c:/st/stm32cubeide_1.4.0/stm32cubeide/plugins/com.st.stm32cube.ide.mcu.externaltools.gnu-tools-for-stm32.7-2018-q2-update.win32_1.4.0.202007081208/tools/bin/../lib/gcc/arm-none-eabi/7.3.1/thumb/v7-m/crtend.o
 .ARM.attributes
                0x0000000000000000       0x2d c:/st/stm32cubeide_1.4.0/stm32cubeide/plugins/com.st.stm32cube.ide.mcu.externaltools.gnu-tools-for-stm32.7-2018-q2-update.win32_1.4.0.202007081208/tools/bin/../lib/gcc/arm-none-eabi/7.3.1/thumb/v7-m/crtend.o
 .text          0x0000000000000000        0x0 c:/st/stm32cubeide_1.4.0/stm32cubeide/plugins/com.st.stm32cube.ide.mcu.externaltools.gnu-tools-for-stm32.7-2018-q2-update.win32_1.4.0.202007081208/tools/bin/../lib/gcc/arm-none-eabi/7.3.1/thumb/v7-m/crtn.o
 .data          0x0000000000000000        0x0 c:/st/stm32cubeide_1.4.0/stm32cubeide/plugins/com.st.stm32cube.ide.mcu.externaltools.gnu-tools-for-stm32.7-2018-q2-update.win32_1.4.0.202007081208/tools/bin/../lib/gcc/arm-none-eabi/7.3.1/thumb/v7-m/crtn.o
 .bss           0x0000000000000000        0x0 c:/st/stm32cubeide_1.4.0/stm32cubeide/plugins/com.st.stm32cube.ide.mcu.externaltools.gnu-tools-for-stm32.7-2018-q2-update.win32_1.4.0.202007081208/tools/bin/../lib/gcc/arm-none-eabi/7.3.1/thumb/v7-m/crtn.o

Memory Configuration

Name             Origin             Length             Attributes
RAM              0x0000000020000000 0x0000000000005000 xrw
ROM              0x0000000008000000 0x0000000000010000 xr
*default*        0x0000000000000000 0xffffffffffffffff

Linker script and memory map

LOAD c:/st/stm32cubeide_1.4.0/stm32cubeide/plugins/com.st.stm32cube.ide.mcu.externaltools.gnu-tools-for-stm32.7-2018-q2-update.win32_1.4.0.202007081208/tools/bin/../lib/gcc/arm-none-eabi/7.3.1/thumb/v7-m/crti.o
LOAD c:/st/stm32cubeide_1.4.0/stm32cubeide/plugins/com.st.stm32cube.ide.mcu.externaltools.gnu-tools-for-stm32.7-2018-q2-update.win32_1.4.0.202007081208/tools/bin/../lib/gcc/arm-none-eabi/7.3.1/thumb/v7-m/crtbegin.o
LOAD c:/st/stm32cubeide_1.4.0/stm32cubeide/plugins/com.st.stm32cube.ide.mcu.externaltools.gnu-tools-for-stm32.7-2018-q2-update.win32_1.4.0.202007081208/tools/bin/../lib/gcc/arm-none-eabi/7.3.1/../../../../arm-none-eabi/lib/thumb/v7-m/crt0.o
LOAD HAL/EEPROM.o
LOAD HAL/LCD.o
LOAD HAL/Servo.o
LOAD HAL/SevenSegment.o
LOAD HAL/keypad.o
LOAD MCAL/EXTI.o
LOAD MCAL/GPIO.o
LOAD MCAL/GPTM.o
LOAD MCAL/I2C.o
LOAD MCAL/RCC.o
LOAD MCAL/SPI.o
LOAD MCAL/USART.o
LOAD Src/main.o
LOAD Src/syscalls.o
LOAD Src/sysmem.o
LOAD Startup/startup_stm32f103c8tx.o
START GROUP
LOAD c:/st/stm32cubeide_1.4.0/stm32cubeide/plugins/com.st.stm32cube.ide.mcu.externaltools.gnu-tools-for-stm32.7-2018-q2-update.win32_1.4.0.202007081208/tools/bin/../lib/gcc/arm-none-eabi/7.3.1/../../../../arm-none-eabi/lib/thumb/v7-m\libc_nano.a
LOAD c:/st/stm32cubeide_1.4.0/stm32cubeide/plugins/com.st.stm32cube.ide.mcu.externaltools.gnu-tools-for-stm32.7-2018-q2-update.win32_1.4.0.202007081208/tools/bin/../lib/gcc/arm-none-eabi/7.3.1/../../../../arm-none-eabi/lib/thumb/v7-m\libm.a
END GROUP
START GROUP
LOAD c:/st/stm32cubeide_1.4.0/stm32cubeide/plugins/com.st.stm32cube.ide.mcu.externaltools.gnu-tools-for-stm32.7-2018-q2-update.win32_1.4.0.202007081208/tools/bin/../lib/gcc/arm-none-eabi/7.3.1/thumb/v7-m\libgcc.a
LOAD c:/st/stm32cubeide_1.4.0/stm32cubeide/plugins/com.st.stm32cube.ide.mcu.externaltools.gnu-tools-for-stm32.7-2018-q2-update.win32_1.4.0.202007081208/tools/bin/../lib/gcc/arm-none-eabi/7.3.1/../../../../arm-none-eabi/lib/thumb/v7-m\libg_nano.a
LOAD c:/st/stm32cubeide_1.4.0/stm32cubeide/plugins/com.st.stm32cube.ide.mcu.externaltools.gnu-tools-for-stm32.7-2018-q2-update.win32_1.4.0.202007081208/tools/bin/../lib/gcc/arm-none-eabi/7.3.1/../../../../arm-none-eabi/lib/thumb/v7-m\libc_nano.a
END GROUP
START GROUP
LOAD c:/st/stm32cubeide_1.4.0/stm32cubeide/plugins/com.st.stm32cube.ide.mcu.externaltools.gnu-tools-for-stm32.7-2018-q2-update.win32_1.4.0.202007081208/tools/bin/../lib/gcc/arm-none-eabi/7.3.1/thumb/v7-m\libgcc.a
LOAD c:/st/stm32cubeide_1.4.0/stm32cubeide/plugins/com.st.stm32cube.ide.mcu.externaltools.gnu-tools-for-stm32.7-2018-q2-update.win32_1.4.0.202007081208/tools/bin/../lib/gcc/arm-none-eabi/7.3.1/../../../../arm-none-eabi/lib/thumb/v7-m\libc_nano.a
LOAD c:/st/stm32cubeide_1.4.0/stm32cubeide/plugins/com.st.stm32cube.ide.mcu.externaltools.gnu-tools-for-stm32.7-2018-q2-update.win32_1.4.0.202007081208/tools/bin/../lib/gcc/arm-none-eabi/7.3.1/../../../../arm-none-eabi/lib/thumb/v7-m\libnosys.a
END GROUP
START GROUP
LOAD c:/st/stm32cubeide_1.4.0/stm32cubeide/plugins/com.st.stm32cube.ide.mcu.externaltools.gnu-tools-for-stm32.7-2018-q2-update.win32_1.4.0.202007081208/tools/bin/../lib/gcc/arm-none-eabi/7.3.1/thumb/v7-m\libgcc.a
LOAD c:/st/stm32cubeide_1.4.0/stm32cubeide/plugins/com.st.stm32cube.ide.mcu.externaltools.gnu-tools-for-stm32.7-2018-q2-update.win32_1.4.0.202007081208/tools/bin/../lib/gcc/arm-none-eabi/7.3.1/../../../../arm-none-eabi/lib/thumb/v7-m\libc_nano.a
LOAD c:/st/stm32cubeide_1.4.0/stm32cubeide/plugins/com.st.stm32cube.ide.mcu.externaltools.gnu-tools-for-stm32.7-2018-q2-update.win32_1.4.0.202007081208/tools/bin/../lib/gcc/arm-none-eabi/7.3.1/../../../../arm-none-eabi/lib/thumb/v7-m\libnosys.a
END GROUP
LOAD c:/st/stm32cubeide_1.4.0/stm32cubeide/plugins/com.st.stm32cube.ide.mcu.externaltools.gnu-tools-for-stm32.7-2018-q2-update.win32_1.4.0.202007081208/tools/bin/../lib/gcc/arm-none-eabi/7.3.1/thumb/v7-m/crtend.o
LOAD c:/st/stm32cubeide_1.4.0/stm32cubeide/plugins/com.st.stm32cube.ide.mcu.externaltools.gnu-tools-for-stm32.7-2018-q2-update.win32_1.4.0.202007081208/tools/bin/../lib/gcc/arm-none-eabi/7.3.1/thumb/v7-m/crtn.o
                0x0000000020005000                _estack = (ORIGIN (RAM) + LENGTH (RAM))
                0x0000000000000200                _Min_Heap_Size = 0x200
                0x0000000000000400                _Min_Stack_Size = 0x400

.isr_vector     0x0000000008000000      0x130
                0x0000000008000000                . = ALIGN (0x4)
 *(.isr_vector)
 .isr_vector    0x0000000008000000      0x130 Startup/startup_stm32f103c8tx.o
                0x0000000008000000                g_pfnVectors
                0x0000000008000130                . = ALIGN (0x4)

.text           0x0000000008000130     0x16dc
                0x0000000008000130                . = ALIGN (0x4)
 *(.text)
 .text          0x0000000008000130       0x40 c:/st/stm32cubeide_1.4.0/stm32cubeide/plugins/com.st.stm32cube.ide.mcu.externaltools.gnu-tools-for-stm32.7-2018-q2-update.win32_1.4.0.202007081208/tools/bin/../lib/gcc/arm-none-eabi/7.3.1/thumb/v7-m/crtbegin.o
 *(.text*)
 .text.HAL_SERVO_Init
                0x0000000008000170      0x156 HAL/Servo.o
                0x0000000008000170                HAL_SERVO_Init
 .text.HAL_SERVO_WriteAngle
                0x00000000080002c6       0xb0 HAL/Servo.o
                0x00000000080002c6                HAL_SERVO_WriteAngle
 *fill*         0x0000000008000376        0x2 
 .text.EXTI0_IRQHandler
                0x0000000008000378       0x24 MCAL/EXTI.o
                0x0000000008000378                EXTI0_IRQHandler
 .text.EXTI1_IRQHandler
                0x000000000800039c       0x24 MCAL/EXTI.o
                0x000000000800039c                EXTI1_IRQHandler
 .text.EXTI2_IRQHandler
                0x00000000080003c0       0x24 MCAL/EXTI.o
                0x00000000080003c0                EXTI2_IRQHandler
 .text.EXTI3_IRQHandler
                0x00000000080003e4       0x24 MCAL/EXTI.o
                0x00000000080003e4                EXTI3_IRQHandler
 .text.EXTI4_IRQHandler
                0x0000000008000408       0x24 MCAL/EXTI.o
                0x0000000008000408                EXTI4_IRQHandler
 .text.EXTI9_5_IRQHandler
                0x000000000800042c       0xa8 MCAL/EXTI.o
                0x000000000800042c                EXTI9_5_IRQHandler
 .text.EXTI15_10_IRQHandler
                0x00000000080004d4       0xa8 MCAL/EXTI.o
                0x00000000080004d4                EXTI15_10_IRQHandler
 .text.Get_CRx_Position
                0x000000000800057c       0xc6 MCAL/GPIO.o
 *fill*         0x0000000008000642        0x2 
 .text.MCAL_GPIO_Init
                0x0000000008000644      0x21c MCAL/GPIO.o
                0x0000000008000644                MCAL_GPIO_Init
 .text.MCAL_GPIO_ReadPin
                0x0000000008000860       0x28 MCAL/GPIO.o
                0x0000000008000860                MCAL_GPIO_ReadPin
 .text.MCAL_GPIO_WritePin
                0x0000000008000888       0x32 MCAL/GPIO.o
                0x0000000008000888                MCAL_GPIO_WritePin
 .text.MCAL_GPIO_TogglePin
                0x00000000080008ba       0x26 MCAL/GPIO.o
                0x00000000080008ba                MCAL_GPIO_TogglePin
 .text.MCAL_GPTM_Init
                0x00000000080008e0      0x4a4 MCAL/GPTM.o
                0x00000000080008e0                MCAL_GPTM_Init
 .text.MCAL_GPTM_GPIO_SetPins
                0x0000000008000d84      0x348 MCAL/GPTM.o
                0x0000000008000d84                MCAL_GPTM_GPIO_SetPins
 .text.MCAL_GPTM_StartCounter
                0x00000000080010cc       0x1e MCAL/GPTM.o
                0x00000000080010cc                MCAL_GPTM_StartCounter
 .text.MCAL_GPTM_SetAutoReload
                0x00000000080010ea       0x1c MCAL/GPTM.o
                0x00000000080010ea                MCAL_GPTM_SetAutoReload
 .text.MCAL_GPTM_SetPreScaler
                0x0000000008001106       0x20 MCAL/GPTM.o
                0x0000000008001106                MCAL_GPTM_SetPreScaler
 .text.MCAL_GPTM_SetCCRx
                0x0000000008001126       0x28 MCAL/GPTM.o
                0x0000000008001126                MCAL_GPTM_SetCCRx
 *fill*         0x000000000800114e        0x2 
 .text.TIM2_IRQHandler
                0x0000000008001150       0x64 MCAL/GPTM.o
                0x0000000008001150                TIM2_IRQHandler
 .text.TIM3_IRQHandler
                0x00000000080011b4       0x58 MCAL/GPTM.o
                0x00000000080011b4                TIM3_IRQHandler
 .text.TIM4_IRQHandler
                0x000000000800120c       0x58 MCAL/GPTM.o
                0x000000000800120c                TIM4_IRQHandler
 .text.I2C1_EV_IRQHandler
                0x0000000008001264       0xf8 MCAL/I2C.o
                0x0000000008001264                I2C1_EV_IRQHandler
 .text.I2C1_ER_IRQHandler
                0x000000000800135c       0xf4 MCAL/I2C.o
                0x000000000800135c                I2C1_ER_IRQHandler
 .text.I2C2_EV_IRQHandler
                0x0000000008001450       0xfc MCAL/I2C.o
                0x0000000008001450                I2C2_EV_IRQHandler
 .text.I2C2_ER_IRQHandler
                0x000000000800154c       0xf8 MCAL/I2C.o
                0x000000000800154c                I2C2_ER_IRQHandler
 .text.SPI1_IRQHandler
                0x0000000008001644       0x14 MCAL/SPI.o
                0x0000000008001644                SPI1_IRQHandler
 .text.SPI2_IRQHandler
                0x0000000008001658       0x14 MCAL/SPI.o
                0x0000000008001658                SPI2_IRQHandler
 .text.USART1_IRQHandler
                0x000000000800166c       0x14 MCAL/USART.o
                0x000000000800166c                USART1_IRQHandler
 .text.USART2_IRQHandler
                0x0000000008001680       0x14 MCAL/USART.o
                0x0000000008001680                USART2_IRQHandler
 .text.USART3_IRQHandler
                0x0000000008001694       0x14 MCAL/USART.o
                0x0000000008001694                USART3_IRQHandler
 .text.main     0x00000000080016a8       0xb0 Src/main.o
                0x00000000080016a8                main
 .text.Reset_Handler
                0x0000000008001758       0x50 Startup/startup_stm32f103c8tx.o
                0x0000000008001758                Reset_Handler
 .text.Default_Handler
                0x00000000080017a8        0x2 Startup/startup_stm32f103c8tx.o
                0x00000000080017a8                TIM8_TRG_COM_IRQHandler
                0x00000000080017a8                TIM8_CC_IRQHandler
                0x00000000080017a8                DebugMon_Handler
                0x00000000080017a8                TIM1_CC_IRQHandler
                0x00000000080017a8                HardFault_Handler
                0x00000000080017a8                TIM6_IRQHandler
                0x00000000080017a8                SysTick_Handler
                0x00000000080017a8                PVD_IRQHandler
                0x00000000080017a8                SDIO_IRQHandler
                0x00000000080017a8                PendSV_Handler
                0x00000000080017a8                NMI_Handler
                0x00000000080017a8                USB_HP_CAN_TX_IRQHandler
                0x00000000080017a8                UsageFault_Handler
                0x00000000080017a8                ADC1_2_IRQHandler
                0x00000000080017a8                CAN_SCE_IRQHandler
                0x00000000080017a8                TAMPER_IRQHandler
                0x00000000080017a8                TIM8_UP_IRQHandler
                0x00000000080017a8                DMA2_Channel2_IRQHandler
                0x00000000080017a8                DMA1_Channel4_IRQHandler
                0x00000000080017a8                RTC_IRQHandler
                0x00000000080017a8                DMA1_Channel7_IRQHandler
                0x00000000080017a8                UART5_IRQHandler
                0x00000000080017a8                ADC3_IRQHandler
                0x00000000080017a8                CAN_RX1_IRQHandler
                0x00000000080017a8                DMA2_Channel1_IRQHandler
                0x00000000080017a8                DMA1_Channel6_IRQHandler
                0x00000000080017a8                UART4_IRQHandler
                0x00000000080017a8                RCC_IRQHandler
                0x00000000080017a8                TIM1_TRG_COM_IRQHandler
                0x00000000080017a8                DMA1_Channel1_IRQHandler
                0x00000000080017a8                Default_Handler
                0x00000000080017a8                TIM7_IRQHandler
                0x00000000080017a8                TIM5_IRQHandler
                0x00000000080017a8                USB_LP_CAN_RX0_IRQHandler
                0x00000000080017a8                MemManage_Handler
                0x00000000080017a8                SVC_Handler
                0x00000000080017a8                DMA1_Channel5_IRQHandler
                0x00000000080017a8                DMA1_Channel3_IRQHandler
                0x00000000080017a8                FSMC_IRQHandler
                0x00000000080017a8                TIM1_UP_IRQHandler
                0x00000000080017a8                WWDG_IRQHandler
                0x00000000080017a8                TIM1_BRK_IRQHandler
                0x00000000080017a8                RTCAlarm_IRQHandler
                0x00000000080017a8                DMA2_Channel4_5_IRQHandler
                0x00000000080017a8                DMA1_Channel2_IRQHandler
                0x00000000080017a8                TIM8_BRK_IRQHandler
                0x00000000080017a8                FLASH_IRQHandler
                0x00000000080017a8                BusFault_Handler
                0x00000000080017a8                SPI3_IRQHandler
                0x00000000080017a8                DMA2_Channel3_IRQHandler
 *fill*         0x00000000080017aa        0x2 
 .text.__libc_init_array
                0x00000000080017ac       0x48 c:/st/stm32cubeide_1.4.0/stm32cubeide/plugins/com.st.stm32cube.ide.mcu.externaltools.gnu-tools-for-stm32.7-2018-q2-update.win32_1.4.0.202007081208/tools/bin/../lib/gcc/arm-none-eabi/7.3.1/../../../../arm-none-eabi/lib/thumb/v7-m\libc_nano.a(lib_a-init.o)
                0x00000000080017ac                __libc_init_array
 *(.glue_7)
 .glue_7        0x00000000080017f4        0x0 linker stubs
 *(.glue_7t)
 .glue_7t       0x00000000080017f4        0x0 linker stubs
 *(.eh_frame)
 .eh_frame      0x00000000080017f4        0x0 c:/st/stm32cubeide_1.4.0/stm32cubeide/plugins/com.st.stm32cube.ide.mcu.externaltools.gnu-tools-for-stm32.7-2018-q2-update.win32_1.4.0.202007081208/tools/bin/../lib/gcc/arm-none-eabi/7.3.1/thumb/v7-m/crtbegin.o
 *(.init)
 .init          0x00000000080017f4        0x4 c:/st/stm32cubeide_1.4.0/stm32cubeide/plugins/com.st.stm32cube.ide.mcu.externaltools.gnu-tools-for-stm32.7-2018-q2-update.win32_1.4.0.202007081208/tools/bin/../lib/gcc/arm-none-eabi/7.3.1/thumb/v7-m/crti.o
                0x00000000080017f4                _init
 .init          0x00000000080017f8        0x8 c:/st/stm32cubeide_1.4.0/stm32cubeide/plugins/com.st.stm32cube.ide.mcu.externaltools.gnu-tools-for-stm32.7-2018-q2-update.win32_1.4.0.202007081208/tools/bin/../lib/gcc/arm-none-eabi/7.3.1/thumb/v7-m/crtn.o
 *(.fini)
 .fini          0x0000000008001800        0x4 c:/st/stm32cubeide_1.4.0/stm32cubeide/plugins/com.st.stm32cube.ide.mcu.externaltools.gnu-tools-for-stm32.7-2018-q2-update.win32_1.4.0.202007081208/tools/bin/../lib/gcc/arm-none-eabi/7.3.1/thumb/v7-m/crti.o
                0x0000000008001800                _fini
 .fini          0x0000000008001804        0x8 c:/st/stm32cubeide_1.4.0/stm32cubeide/plugins/com.st.stm32cube.ide.mcu.externaltools.gnu-tools-for-stm32.7-2018-q2-update.win32_1.4.0.202007081208/tools/bin/../lib/gcc/arm-none-eabi/7.3.1/thumb/v7-m/crtn.o
                0x000000000800180c                . = ALIGN (0x4)
                0x000000000800180c                _etext = .

.vfp11_veneer   0x000000000800180c        0x0
 .vfp11_veneer  0x000000000800180c        0x0 linker stubs

.v4_bx          0x000000000800180c        0x0
 .v4_bx         0x000000000800180c        0x0 linker stubs

.iplt           0x000000000800180c        0x0
 .iplt          0x000000000800180c        0x0 c:/st/stm32cubeide_1.4.0/stm32cubeide/plugins/com.st.stm32cube.ide.mcu.externaltools.gnu-tools-for-stm32.7-2018-q2-update.win32_1.4.0.202007081208/tools/bin/../lib/gcc/arm-none-eabi/7.3.1/thumb/v7-m/crtbegin.o

.rodata         0x000000000800180c       0x90
                0x000000000800180c                . = ALIGN (0x4)
 *(.rodata)
 .rodata        0x000000000800180c       0x80 MCAL/GPTM.o
 .rodata        0x000000000800188c       0x10 Src/main.o
 *(.rodata*)
                0x000000000800189c                . = ALIGN (0x4)

.rel.dyn        0x000000000800189c        0x0
 .rel.iplt      0x000000000800189c        0x0 c:/st/stm32cubeide_1.4.0/stm32cubeide/plugins/com.st.stm32cube.ide.mcu.externaltools.gnu-tools-for-stm32.7-2018-q2-update.win32_1.4.0.202007081208/tools/bin/../lib/gcc/arm-none-eabi/7.3.1/thumb/v7-m/crtbegin.o

.ARM.extab      0x000000000800189c        0x0
                0x000000000800189c                . = ALIGN (0x4)
 *(.ARM.extab* .gnu.linkonce.armextab.*)
                0x000000000800189c                . = ALIGN (0x4)

.ARM            0x000000000800189c        0x0
                0x000000000800189c                . = ALIGN (0x4)
                0x000000000800189c                __exidx_start = .
 *(.ARM.exidx*)
                0x000000000800189c                __exidx_end = .
                0x000000000800189c                . = ALIGN (0x4)

.preinit_array  0x000000000800189c        0x0
                0x000000000800189c                . = ALIGN (0x4)
                0x000000000800189c                PROVIDE (__preinit_array_start = .)
 *(.preinit_array*)
                0x000000000800189c                PROVIDE (__preinit_array_end = .)
                0x000000000800189c                . = ALIGN (0x4)

.init_array     0x000000000800189c        0x4
                0x000000000800189c                . = ALIGN (0x4)
                0x000000000800189c                PROVIDE (__init_array_start = .)
 *(SORT_BY_NAME(.init_array.*))
 *(.init_array*)
 .init_array    0x000000000800189c        0x4 c:/st/stm32cubeide_1.4.0/stm32cubeide/plugins/com.st.stm32cube.ide.mcu.externaltools.gnu-tools-for-stm32.7-2018-q2-update.win32_1.4.0.202007081208/tools/bin/../lib/gcc/arm-none-eabi/7.3.1/thumb/v7-m/crtbegin.o
                0x00000000080018a0                PROVIDE (__init_array_end = .)
                0x00000000080018a0                . = ALIGN (0x4)

.fini_array     0x00000000080018a0        0x4
                0x00000000080018a0                . = ALIGN (0x4)
                [!provide]                        PROVIDE (__fini_array_start = .)
 *(SORT_BY_NAME(.fini_array.*))
 *(.fini_array*)
 .fini_array    0x00000000080018a0        0x4 c:/st/stm32cubeide_1.4.0/stm32cubeide/plugins/com.st.stm32cube.ide.mcu.externaltools.gnu-tools-for-stm32.7-2018-q2-update.win32_1.4.0.202007081208/tools/bin/../lib/gcc/arm-none-eabi/7.3.1/thumb/v7-m/crtbegin.o
                [!provide]                        PROVIDE (__fini_array_end = .)
                0x00000000080018a4                . = ALIGN (0x4)
                0x00000000080018a4                _sidata = LOADADDR (.data)

.data           0x0000000020000000        0x0 load address 0x00000000080018a4
                0x0000000020000000                . = ALIGN (0x4)
                0x0000000020000000                _sdata = .
 *(.data)
 *(.data*)
                0x0000000020000000                . = ALIGN (0x4)
                0x0000000020000000                _edata = .

.igot.plt       0x0000000020000000        0x0 load address 0x00000000080018a4
 .igot.plt      0x0000000020000000        0x0 c:/st/stm32cubeide_1.4.0/stm32cubeide/plugins/com.st.stm32cube.ide.mcu.externaltools.gnu-tools-for-stm32.7-2018-q2-update.win32_1.4.0.202007081208/tools/bin/../lib/gcc/arm-none-eabi/7.3.1/thumb/v7-m/crtbegin.o
                0x0000000020000000                . = ALIGN (0x4)

.bss            0x0000000020000000       0x98 load address 0x00000000080018a4
                0x0000000020000000                _sbss = .
                0x0000000020000000                __bss_start__ = _sbss
 *(.bss)
 .bss           0x0000000020000000       0x1c c:/st/stm32cubeide_1.4.0/stm32cubeide/plugins/com.st.stm32cube.ide.mcu.externaltools.gnu-tools-for-stm32.7-2018-q2-update.win32_1.4.0.202007081208/tools/bin/../lib/gcc/arm-none-eabi/7.3.1/thumb/v7-m/crtbegin.o
 *(.bss*)
 .bss.g_IRQ_CallBackPtr
                0x000000002000001c       0x3c MCAL/EXTI.o
 .bss.GPIO_CLK_InitFlag.4250
                0x0000000020000058        0x6 MCAL/GPIO.o
 *fill*         0x000000002000005e        0x2 
 .bss.g_IRQ_CallBackPtr
                0x0000000020000060        0xc MCAL/GPTM.o
 .bss.g_IRQ_I2C1_Event_CallBackFunction
                0x000000002000006c        0x4 MCAL/I2C.o
 .bss.g_IRQ_I2C2_Event_CallBackFunction
                0x0000000020000070        0x4 MCAL/I2C.o
 .bss.g_IRQ_I2C1_Error_CallBackFunction
                0x0000000020000074        0x4 MCAL/I2C.o
 .bss.g_IRQ_I2C2_Error_CallBackFunction
                0x0000000020000078        0x4 MCAL/I2C.o
 .bss.g_IRQ_CallBackPtr
                0x000000002000007c       0x10 MCAL/SPI.o
 .bss.g_IRQ_CallBackPtr
                0x000000002000008c        0xc MCAL/USART.o
 *(COMMON)
                0x0000000020000098                . = ALIGN (0x4)
                0x0000000020000098                _ebss = .
                0x0000000020000098                __bss_end__ = _ebss

._user_heap_stack
                0x0000000020000098      0x600 load address 0x00000000080018a4
                0x0000000020000098                . = ALIGN (0x8)
                [!provide]                        PROVIDE (end = .)
                0x0000000020000098                PROVIDE (_end = .)
                0x0000000020000298                . = (. + _Min_Heap_Size)
 *fill*         0x0000000020000098      0x200 
                0x0000000020000698                . = (. + _Min_Stack_Size)
 *fill*         0x0000000020000298      0x400 
                0x0000000020000698                . = ALIGN (0x8)

/DISCARD/
 libc.a(*)
 libm.a(*)
 libgcc.a(*)

.ARM.attributes
                0x0000000000000000       0x29
 *(.ARM.attributes)
 .ARM.attributes
                0x0000000000000000       0x1d c:/st/stm32cubeide_1.4.0/stm32cubeide/plugins/com.st.stm32cube.ide.mcu.externaltools.gnu-tools-for-stm32.7-2018-q2-update.win32_1.4.0.202007081208/tools/bin/../lib/gcc/arm-none-eabi/7.3.1/thumb/v7-m/crti.o
 .ARM.attributes
                0x000000000000001d       0x2d c:/st/stm32cubeide_1.4.0/stm32cubeide/plugins/com.st.stm32cube.ide.mcu.externaltools.gnu-tools-for-stm32.7-2018-q2-update.win32_1.4.0.202007081208/tools/bin/../lib/gcc/arm-none-eabi/7.3.1/thumb/v7-m/crtbegin.o
 .ARM.attributes
                0x000000000000004a       0x33 HAL/Servo.o
 .ARM.attributes
                0x000000000000007d       0x33 MCAL/EXTI.o
 .ARM.attributes
                0x00000000000000b0       0x33 MCAL/GPIO.o
 .ARM.attributes
                0x00000000000000e3       0x33 MCAL/GPTM.o
 .ARM.attributes
                0x0000000000000116       0x33 MCAL/I2C.o
 .ARM.attributes
                0x0000000000000149       0x33 MCAL/SPI.o
 .ARM.attributes
                0x000000000000017c       0x33 MCAL/USART.o
 .ARM.attributes
                0x00000000000001af       0x33 Src/main.o
 .ARM.attributes
                0x00000000000001e2       0x21 Startup/startup_stm32f103c8tx.o
 .ARM.attributes
                0x0000000000000203       0x2d c:/st/stm32cubeide_1.4.0/stm32cubeide/plugins/com.st.stm32cube.ide.mcu.externaltools.gnu-tools-for-stm32.7-2018-q2-update.win32_1.4.0.202007081208/tools/bin/../lib/gcc/arm-none-eabi/7.3.1/../../../../arm-none-eabi/lib/thumb/v7-m\libc_nano.a(lib_a-init.o)
 .ARM.attributes
                0x0000000000000230       0x1d c:/st/stm32cubeide_1.4.0/stm32cubeide/plugins/com.st.stm32cube.ide.mcu.externaltools.gnu-tools-for-stm32.7-2018-q2-update.win32_1.4.0.202007081208/tools/bin/../lib/gcc/arm-none-eabi/7.3.1/thumb/v7-m/crtn.o
OUTPUT(stm32f103x8.elf elf32-littlearm)

.debug_info     0x0000000000000000     0x3558
 .debug_info    0x0000000000000000      0x4f5 HAL/Servo.o
 .debug_info    0x00000000000004f5      0x44e MCAL/EXTI.o
 .debug_info    0x0000000000000943      0x407 MCAL/GPIO.o
 .debug_info    0x0000000000000d4a      0xb2e MCAL/GPTM.o
 .debug_info    0x0000000000001878      0xcb5 MCAL/I2C.o
 .debug_info    0x000000000000252d      0x65d MCAL/SPI.o
 .debug_info    0x0000000000002b8a      0x696 MCAL/USART.o
 .debug_info    0x0000000000003220      0x316 Src/main.o
 .debug_info    0x0000000000003536       0x22 Startup/startup_stm32f103c8tx.o

.debug_abbrev   0x0000000000000000      0xb82
 .debug_abbrev  0x0000000000000000       0xfc HAL/Servo.o
 .debug_abbrev  0x00000000000000fc      0x16e MCAL/EXTI.o
 .debug_abbrev  0x000000000000026a      0x154 MCAL/GPIO.o
 .debug_abbrev  0x00000000000003be      0x18d MCAL/GPTM.o
 .debug_abbrev  0x000000000000054b      0x204 MCAL/I2C.o
 .debug_abbrev  0x000000000000074f      0x1ca MCAL/SPI.o
 .debug_abbrev  0x0000000000000919      0x196 MCAL/USART.o
 .debug_abbrev  0x0000000000000aaf       0xc1 Src/main.o
 .debug_abbrev  0x0000000000000b70       0x12 Startup/startup_stm32f103c8tx.o

.debug_loc      0x0000000000000000     0x1792
 .debug_loc     0x0000000000000000       0xfe HAL/Servo.o
 .debug_loc     0x00000000000000fe      0x280 MCAL/EXTI.o
 .debug_loc     0x000000000000037e      0x330 MCAL/GPIO.o
 .debug_loc     0x00000000000006ae      0x46e MCAL/GPTM.o
 .debug_loc     0x0000000000000b1c      0x6a0 MCAL/I2C.o
 .debug_loc     0x00000000000011bc      0x308 MCAL/SPI.o
 .debug_loc     0x00000000000014c4      0x296 MCAL/USART.o
 .debug_loc     0x000000000000175a       0x38 Src/main.o

.debug_aranges  0x0000000000000000      0x350
 .debug_aranges
                0x0000000000000000       0x30 HAL/Servo.o
 .debug_aranges
                0x0000000000000030       0x70 MCAL/EXTI.o
 .debug_aranges
                0x00000000000000a0       0x60 MCAL/GPIO.o
 .debug_aranges
                0x0000000000000100       0x88 MCAL/GPTM.o
 .debug_aranges
                0x0000000000000188       0xb8 MCAL/I2C.o
 .debug_aranges
                0x0000000000000240       0x68 MCAL/SPI.o
 .debug_aranges
                0x00000000000002a8       0x60 MCAL/USART.o
 .debug_aranges
                0x0000000000000308       0x20 Src/main.o
 .debug_aranges
                0x0000000000000328       0x28 Startup/startup_stm32f103c8tx.o

.debug_ranges   0x0000000000000000      0x2c8
 .debug_ranges  0x0000000000000000       0x20 HAL/Servo.o
 .debug_ranges  0x0000000000000020       0x60 MCAL/EXTI.o
 .debug_ranges  0x0000000000000080       0x50 MCAL/GPIO.o
 .debug_ranges  0x00000000000000d0       0x78 MCAL/GPTM.o
 .debug_ranges  0x0000000000000148       0xa8 MCAL/I2C.o
 .debug_ranges  0x00000000000001f0       0x58 MCAL/SPI.o
 .debug_ranges  0x0000000000000248       0x50 MCAL/USART.o
 .debug_ranges  0x0000000000000298       0x10 Src/main.o
 .debug_ranges  0x00000000000002a8       0x20 Startup/startup_stm32f103c8tx.o

.debug_macro    0x0000000000000000     0x10a4
 .debug_macro   0x0000000000000000       0x61 HAL/Servo.o
 .debug_macro   0x0000000000000061      0x30d HAL/Servo.o
 .debug_macro   0x000000000000036e       0x22 HAL/Servo.o
 .debug_macro   0x0000000000000390       0x54 MCAL/EXTI.o
 .debug_macro   0x00000000000003e4      0x2b7 MCAL/EXTI.o
 .debug_macro   0x000000000000069b       0x45 MCAL/GPIO.o
 .debug_macro   0x00000000000006e0       0x4e MCAL/GPTM.o
 .debug_macro   0x000000000000072e       0x57 MCAL/I2C.o
 .debug_macro   0x0000000000000785       0x4e MCAL/SPI.o
 .debug_macro   0x00000000000007d3       0xd4 MCAL/SPI.o
 .debug_macro   0x00000000000008a7       0x57 MCAL/USART.o
 .debug_macro   0x00000000000008fe       0xbe MCAL/USART.o
 .debug_macro   0x00000000000009bc       0xe3 Src/main.o
 .debug_macro   0x0000000000000a9f       0xda Src/main.o
 .debug_macro   0x0000000000000b79       0xec Src/main.o
 .debug_macro   0x0000000000000c65      0x313 Src/main.o
 .debug_macro   0x0000000000000f78       0x70 Src/main.o
 .debug_macro   0x0000000000000fe8       0x9a Src/main.o
 .debug_macro   0x0000000000001082       0x22 Src/main.o

.debug_line     0x0000000000000000     0x1379
 .debug_line    0x0000000000000000      0x17e HAL/Servo.o
 .debug_line    0x000000000000017e      0x23f MCAL/EXTI.o
 .debug_line    0x00000000000003bd      0x208 MCAL/GPIO.o
 .debug_line    0x00000000000005c5      0x2d9 MCAL/GPTM.o
 .debug_line    0x000000000000089e      0x468 MCAL/I2C.o
 .debug_line    0x0000000000000d06      0x203 MCAL/SPI.o
 .debug_line    0x0000000000000f09      0x1f9 MCAL/USART.o
 .debug_line    0x0000000000001102      0x1f3 Src/main.o
 .debug_line    0x00000000000012f5       0x84 Startup/startup_stm32f103c8tx.o

.debug_str      0x0000000000000000     0xaa9b
 .debug_str     0x0000000000000000     0x59ab HAL/Servo.o
                                       0x5a5a (size before relaxing)
 .debug_str     0x00000000000059ab     0x28c4 MCAL/EXTI.o
                                       0x6a91 (size before relaxing)
 .debug_str     0x000000000000826f      0x150 MCAL/GPIO.o
                                       0x436b (size before relaxing)
 .debug_str     0x00000000000083bf      0x24d MCAL/GPTM.o
                                       0x5c18 (size before relaxing)
 .debug_str     0x000000000000860c      0xe36 MCAL/I2C.o
                                       0x5096 (size before relaxing)
 .debug_str     0x0000000000009442      0x755 MCAL/SPI.o
                                       0x49cd (size before relaxing)
 .debug_str     0x0000000000009b97      0x687 MCAL/USART.o
                                       0x495c (size before relaxing)
 .debug_str     0x000000000000a21e      0x84c Src/main.o
                                       0x956f (size before relaxing)
 .debug_str     0x000000000000aa6a       0x31 Startup/startup_stm32f103c8tx.o
                                         0x5e (size before relaxing)

.comment        0x0000000000000000       0x7b
 .comment       0x0000000000000000       0x7b HAL/Servo.o
                                         0x7c (size before relaxing)
 .comment       0x000000000000007b       0x7c MCAL/EXTI.o
 .comment       0x000000000000007b       0x7c MCAL/GPIO.o
 .comment       0x000000000000007b       0x7c MCAL/GPTM.o
 .comment       0x000000000000007b       0x7c MCAL/I2C.o
 .comment       0x000000000000007b       0x7c MCAL/SPI.o
 .comment       0x000000000000007b       0x7c MCAL/USART.o
 .comment       0x000000000000007b       0x7c Src/main.o

.debug_frame    0x0000000000000000      0xba4
 .debug_frame   0x0000000000000000       0x84 HAL/Servo.o
 .debug_frame   0x0000000000000084      0x168 MCAL/EXTI.o
 .debug_frame   0x00000000000001ec      0x178 MCAL/GPIO.o
 .debug_frame   0x0000000000000364      0x220 MCAL/GPTM.o
 .debug_frame   0x0000000000000584      0x300 MCAL/I2C.o
 .debug_frame   0x0000000000000884      0x178 MCAL/SPI.o
 .debug_frame   0x00000000000009fc      0x14c MCAL/USART.o
 .debug_frame   0x0000000000000b48       0x30 Src/main.o
 .debug_frame   0x0000000000000b78       0x2c c:/st/stm32cubeide_1.4.0/stm32cubeide/plugins/com.st.stm32cube.ide.mcu.externaltools.gnu-tools-for-stm32.7-2018-q2-update.win32_1.4.0.202007081208/tools/bin/../lib/gcc/arm-none-eabi/7.3.1/../../../../arm-none-eabi/lib/thumb/v7-m\libc_nano.a(lib_a-init.o)
