GPTM.c:35:13:GPTM_ClearConfig	24	static
GPTM.c:91:6:MCAL_GPTM_Init	40	static
GPTM.c:306:6:MCAL_GPTM_DeInit	16	static
GPTM.c:328:6:MCAL_GPTM_StartCounter	16	static
GPTM.c:335:6:MCAL_GPTM_GenerateSoftUpdated	16	static
GPTM.c:342:6:MCAL_GPTM_SetAutoReload	16	static
GPTM.c:345:10:MCAL_GPTM_GetAutoReload	24	static
GPTM.c:350:6:MCAL_GPTM_SetPreScaler	16	static
GPTM.c:353:10:MCAL_GPTM_GetPreScaler	24	static
GPTM.c:358:6:MCAL_GPTM_SetCCRx	16	static
GPTM.c:363:10:MCAL_GPTM_GetCCRx	16	static
GPTM.c:369:6:TIM2_IRQHandler	8	static
GPTM.c:400:6:TIM3_IRQHandler	8	static
GPTM.c:431:6:TIM4_IRQHandler	8	static
