GPTM.c:52:6:MCAL_GPTM_Init	40	static
GPTM.c:267:6:MCAL_GPTM_DeInit	16	static
GPTM.c:289:6:MCAL_GPTM_StartCounter	16	static
GPTM.c:296:6:MCAL_GPTM_GenerateSoftUpdated	16	static
GPTM.c:303:6:MCAL_GPTM_SetAutoReload	16	static
GPTM.c:306:10:MCAL_GPTM_GetAutoReload	24	static
GPTM.c:311:6:MCAL_GPTM_SetPreScaler	16	static
GPTM.c:314:10:MCAL_GPTM_GetPreScaler	24	static
GPTM.c:319:6:MCAL_GPTM_SetCCRx	16	static
GPTM.c:324:10:MCAL_GPTM_GetCCRx	16	static
GPTM.c:330:6:TIM2_IRQHandler	8	static
GPTM.c:361:6:TIM3_IRQHandler	8	static
GPTM.c:392:6:TIM4_IRQHandler	8	static
