
Allocating common symbols
Common symbol       size              file

PC_State            0x1               Pressure_Controller.o
LA_StateFuncPtr     0x4               LED_Alarm.o
PC_StateFuncPtr     0x4               Pressure_Controller.o
LA_State            0x1               LED_Alarm.o
AD_State            0x1               Alarm_Driver.o
PS_State            0x1               Pressure_Sensor.o
AD_StateFuncPtr     0x4               Alarm_Driver.o
PS_StateFuncPtr     0x4               Pressure_Sensor.o

Memory Configuration

Name             Origin             Length             Attributes
FLASH            0x00000000         0x00020000
SRAM             0x20000000         0x00005000
*default*        0x00000000         0xffffffff

Linker script and memory map


.text           0x00000000      0x404
 *(.vectors)
 .vectors       0x00000000       0x1c startup.o
                0x00000000                vectors
 *(.text)
 .text          0x0000001c       0xc4 Alarm_Driver.o
                0x0000001c                ST_AD_INIT
                0x00000040                ST_AD_WAITING
                0x00000058                ST_AD_LED_OFF
                0x00000080                ST_AD_LED_ON
                0x000000a8                LA_StartAlarm
                0x000000c4                LA_StopAlarm
 .text          0x000000e0       0x7c LED_Alarm.o
                0x000000e0                ST_LA_ALARM_OFF
                0x00000110                ST_LA_ALARM_ON
                0x00000134                ST_LA_WAITING
 .text          0x0000015c       0x50 Pressure_Controller.o
                0x0000015c                ST_PC_HIGH_PRESSURE_DETECTION
                0x0000018c                PC_HighPressureDetected
 .text          0x000001ac       0x8c Pressure_Sensor.o
                0x000001ac                ST_PS_INIT
                0x000001d0                ST_PS_READING
                0x00000200                ST_PS_WAITING
                0x00000224                PS_SetPressureValue
 .text          0x00000238       0xd4 driver.o
                0x00000238                Delay
                0x00000268                getPressureVal
                0x00000280                Set_Alarm_actuator
                0x000002bc                GPIO_INITIALIZATION
 .text          0x0000030c       0x78 main.o
                0x0000030c                setup
                0x00000350                main
 .text          0x00000384       0x80 startup.o
                0x00000384                Reset_Handler
                0x000003f8                MM_Fault_Handler
                0x000003f8                Bus_Fault_Handler
                0x000003f8                Default_Handler
                0x000003f8                Usage_Fault_Handler
                0x000003f8                Hard_Fault_Handler
                0x000003f8                NMI_Handler
 *(.rodata)
                0x00000404                _E_TEXT = .

.glue_7         0x00000404        0x0
 .glue_7        0x00000404        0x0 linker stubs

.glue_7t        0x00000404        0x0
 .glue_7t       0x00000404        0x0 linker stubs

.vfp11_veneer   0x00000404        0x0
 .vfp11_veneer  0x00000404        0x0 linker stubs

.v4_bx          0x00000404        0x0
 .v4_bx         0x00000404        0x0 linker stubs

.iplt           0x00000404        0x0
 .iplt          0x00000404        0x0 Alarm_Driver.o

.rel.dyn        0x00000404        0x0
 .rel.iplt      0x00000404        0x0 Alarm_Driver.o

.data           0x20000000        0x0 load address 0x00000404
                0x20000000                _S_DATA = .
 *(.data)
 .data          0x20000000        0x0 Alarm_Driver.o
 .data          0x20000000        0x0 LED_Alarm.o
 .data          0x20000000        0x0 Pressure_Controller.o
 .data          0x20000000        0x0 Pressure_Sensor.o
 .data          0x20000000        0x0 driver.o
 .data          0x20000000        0x0 main.o
 .data          0x20000000        0x0 startup.o
                0x20000000                . = ALIGN (0x4)
                0x20000000                _E_DATA = .

.igot.plt       0x20000000        0x0 load address 0x00000404
 .igot.plt      0x20000000        0x0 Alarm_Driver.o

.bss            0x20000000     0x1028 load address 0x00000404
                0x20000000                _S_BSS = .
 *(.bss)
 .bss           0x20000000        0x0 Alarm_Driver.o
 .bss           0x20000000        0x0 LED_Alarm.o
 .bss           0x20000000        0x4 Pressure_Controller.o
 .bss           0x20000004        0x4 Pressure_Sensor.o
 .bss           0x20000008        0x0 driver.o
 .bss           0x20000008        0x0 main.o
 .bss           0x20000008        0x0 startup.o
                0x20000008                . = ALIGN (0x4)
                0x20000008                _E_BSS = .
                0x20001008                . = (. + 0x1000)
 *fill*         0x20000008     0x1000 
                0x20001008                stack_top = .
 COMMON         0x20001008        0x8 Alarm_Driver.o
                0x20001008                AD_State
                0x2000100c                AD_StateFuncPtr
 COMMON         0x20001010        0x5 LED_Alarm.o
                0x20001010                LA_StateFuncPtr
                0x20001014                LA_State
 *fill*         0x20001015        0x3 
 COMMON         0x20001018        0x8 Pressure_Controller.o
                0x20001018                PC_State
                0x2000101c                PC_StateFuncPtr
 COMMON         0x20001020        0x8 Pressure_Sensor.o
                0x20001020                PS_State
                0x20001024                PS_StateFuncPtr
LOAD Alarm_Driver.o
LOAD LED_Alarm.o
LOAD Pressure_Controller.o
LOAD Pressure_Sensor.o
LOAD driver.o
LOAD main.o
LOAD startup.o
OUTPUT(First_Term_Project_1.elf elf32-littlearm)

.debug_info     0x00000000      0x907
 .debug_info    0x00000000      0x164 Alarm_Driver.o
 .debug_info    0x00000164      0x10a LED_Alarm.o
 .debug_info    0x0000026e      0x10a Pressure_Controller.o
 .debug_info    0x00000378      0x140 Pressure_Sensor.o
 .debug_info    0x000004b8      0x10d driver.o
 .debug_info    0x000005c5      0x1ac main.o
 .debug_info    0x00000771      0x196 startup.o

.debug_abbrev   0x00000000      0x4e7
 .debug_abbrev  0x00000000       0xbd Alarm_Driver.o
 .debug_abbrev  0x000000bd       0x80 LED_Alarm.o
 .debug_abbrev  0x0000013d       0xb6 Pressure_Controller.o
 .debug_abbrev  0x000001f3       0xb6 Pressure_Sensor.o
 .debug_abbrev  0x000002a9       0xc4 driver.o
 .debug_abbrev  0x0000036d       0xab main.o
 .debug_abbrev  0x00000418       0xcf startup.o

.debug_loc      0x00000000      0x580
 .debug_loc     0x00000000      0x168 Alarm_Driver.o
 .debug_loc     0x00000168       0x84 LED_Alarm.o
 .debug_loc     0x000001ec       0x70 Pressure_Controller.o
 .debug_loc     0x0000025c      0x110 Pressure_Sensor.o
 .debug_loc     0x0000036c      0x140 driver.o
 .debug_loc     0x000004ac       0x58 main.o
 .debug_loc     0x00000504       0x7c startup.o

.debug_aranges  0x00000000       0xe0
 .debug_aranges
                0x00000000       0x20 Alarm_Driver.o
 .debug_aranges
                0x00000020       0x20 LED_Alarm.o
 .debug_aranges
                0x00000040       0x20 Pressure_Controller.o
 .debug_aranges
                0x00000060       0x20 Pressure_Sensor.o
 .debug_aranges
                0x00000080       0x20 driver.o
 .debug_aranges
                0x000000a0       0x20 main.o
 .debug_aranges
                0x000000c0       0x20 startup.o

.debug_line     0x00000000      0x333
 .debug_line    0x00000000       0x7a Alarm_Driver.o
 .debug_line    0x0000007a       0x59 LED_Alarm.o
 .debug_line    0x000000d3       0x79 Pressure_Controller.o
 .debug_line    0x0000014c       0x79 Pressure_Sensor.o
 .debug_line    0x000001c5       0x6a driver.o
 .debug_line    0x0000022f       0xa7 main.o
 .debug_line    0x000002d6       0x5d startup.o

.debug_str      0x00000000      0x460
 .debug_str     0x00000000      0x1d8 Alarm_Driver.o
                                0x1ff (size before relaxing)
 .debug_str     0x000001d8       0x79 LED_Alarm.o
                                0x1cc (size before relaxing)
 .debug_str     0x00000251       0x89 Pressure_Controller.o
                                0x1e5 (size before relaxing)
 .debug_str     0x000002da       0x8f Pressure_Sensor.o
                                0x1eb (size before relaxing)
 .debug_str     0x00000369       0x54 driver.o
                                0x1b0 (size before relaxing)
 .debug_str     0x000003bd       0x12 main.o
                                0x259 (size before relaxing)
 .debug_str     0x000003cf       0x91 startup.o
                                0x1ed (size before relaxing)

.comment        0x00000000       0x7e
 .comment       0x00000000       0x7e Alarm_Driver.o
                                 0x7f (size before relaxing)
 .comment       0x0000007e       0x7f LED_Alarm.o
 .comment       0x0000007e       0x7f Pressure_Controller.o
 .comment       0x0000007e       0x7f Pressure_Sensor.o
 .comment       0x0000007e       0x7f driver.o
 .comment       0x0000007e       0x7f main.o
 .comment       0x0000007e       0x7f startup.o

.ARM.attributes
                0x00000000       0x33
 .ARM.attributes
                0x00000000       0x33 Alarm_Driver.o
 .ARM.attributes
                0x00000033       0x33 LED_Alarm.o
 .ARM.attributes
                0x00000066       0x33 Pressure_Controller.o
 .ARM.attributes
                0x00000099       0x33 Pressure_Sensor.o
 .ARM.attributes
                0x000000cc       0x33 driver.o
 .ARM.attributes
                0x000000ff       0x33 main.o
 .ARM.attributes
                0x00000132       0x33 startup.o

.debug_frame    0x00000000      0x340
 .debug_frame   0x00000000       0xc8 Alarm_Driver.o
 .debug_frame   0x000000c8       0x64 LED_Alarm.o
 .debug_frame   0x0000012c       0x4c Pressure_Controller.o
 .debug_frame   0x00000178       0x90 Pressure_Sensor.o
 .debug_frame   0x00000208       0xa0 driver.o
 .debug_frame   0x000002a8       0x48 main.o
 .debug_frame   0x000002f0       0x50 startup.o
