core_cm3.h:1640:22:__NVIC_SetPriority	16	static
core_cm3.h:1838:26:SysTick_Config	16	static
CortexMX_OS_Porting.c:36:6:HardFault_Handler	4	static
CortexMX_OS_Porting.c:42:6:MemManage_Handler	4	static
CortexMX_OS_Porting.c:48:6:BusFault_Handler	4	static
CortexMX_OS_Porting.c:54:6:UsageFault_Handler	4	static
CortexMX_OS_Porting.c:60:27:SVC_Handler	0	static,ignoring_inline_asm
CortexMX_OS_Porting.c:70:6:SysTick_Handler	8	static
CortexMX_OS_Porting.c:84:6:HW_Init	8	static
CortexMX_OS_Porting.c:103:6:Start_Ticker	8	static
