Scheduler.c:81:13:OS_IdleTask	4	static,ignoring_inline_asm
Scheduler.c:91:13:OS_BufferSort	24	static
Scheduler.c:112:13:OS_UpdateScheduleTable	24	static
Scheduler.c:147:13:OS_DecideWhatNext	8	static
Scheduler.c:182:6:OS_SVC_Services	24	static
Scheduler.c:221:13:OS_SVC_Set	16	static,ignoring_inline_asm
Scheduler.c:240:23:OS_Create_MainStack	4	static
Scheduler.c:255:23:OS_Create_TaskStack	24	static
Scheduler.c:306:6:OS_TicksCounted	8	static
Scheduler.c:323:6:OS_UpdateTicks	16	static
Scheduler.c:353:27:PendSV_Handler	0	static,ignoring_inline_asm
Scheduler.c:435:16:MYRTOS_Init	16	static
Scheduler.c:478:16:MYRTOS_StartOS	8	static,ignoring_inline_asm
Scheduler.c:502:16:MYRTOS_CreateTask	16	static
Scheduler.c:526:16:MYRTOS_ActivateTask	16	static
Scheduler.c:544:16:MYRTOS_TerminateTask	16	static
Scheduler.c:562:16:MYRTOS_WaitingTask	16	static
Scheduler.c:586:16:MYRTOS_AcquireMutex	16	static
Scheduler.c:628:16:MYRTOS_ReleaseMutex	16	static
