Archive member included to satisfy reference by file (symbol)

c:/st/stm32cubeide_1.4.0/stm32cubeide/plugins/com.st.stm32cube.ide.mcu.externaltools.gnu-tools-for-stm32.7-2018-q2-update.win32_1.4.0.202007081208/tools/bin/../lib/gcc/arm-none-eabi/7.3.1/../../../../arm-none-eabi/lib/thumb/v7-m\libc_nano.a(lib_a-errno.o)
                              Src/syscalls.o (__errno)
c:/st/stm32cubeide_1.4.0/stm32cubeide/plugins/com.st.stm32cube.ide.mcu.externaltools.gnu-tools-for-stm32.7-2018-q2-update.win32_1.4.0.202007081208/tools/bin/../lib/gcc/arm-none-eabi/7.3.1/../../../../arm-none-eabi/lib/thumb/v7-m\libc_nano.a(lib_a-exit.o)
                              c:/st/stm32cubeide_1.4.0/stm32cubeide/plugins/com.st.stm32cube.ide.mcu.externaltools.gnu-tools-for-stm32.7-2018-q2-update.win32_1.4.0.202007081208/tools/bin/../lib/gcc/arm-none-eabi/7.3.1/../../../../arm-none-eabi/lib/thumb/v7-m/crt0.o (exit)
c:/st/stm32cubeide_1.4.0/stm32cubeide/plugins/com.st.stm32cube.ide.mcu.externaltools.gnu-tools-for-stm32.7-2018-q2-update.win32_1.4.0.202007081208/tools/bin/../lib/gcc/arm-none-eabi/7.3.1/../../../../arm-none-eabi/lib/thumb/v7-m\libc_nano.a(lib_a-impure.o)
                              c:/st/stm32cubeide_1.4.0/stm32cubeide/plugins/com.st.stm32cube.ide.mcu.externaltools.gnu-tools-for-stm32.7-2018-q2-update.win32_1.4.0.202007081208/tools/bin/../lib/gcc/arm-none-eabi/7.3.1/../../../../arm-none-eabi/lib/thumb/v7-m\libc_nano.a(lib_a-exit.o) (_global_impure_ptr)
c:/st/stm32cubeide_1.4.0/stm32cubeide/plugins/com.st.stm32cube.ide.mcu.externaltools.gnu-tools-for-stm32.7-2018-q2-update.win32_1.4.0.202007081208/tools/bin/../lib/gcc/arm-none-eabi/7.3.1/../../../../arm-none-eabi/lib/thumb/v7-m\libc_nano.a(lib_a-init.o)
                              c:/st/stm32cubeide_1.4.0/stm32cubeide/plugins/com.st.stm32cube.ide.mcu.externaltools.gnu-tools-for-stm32.7-2018-q2-update.win32_1.4.0.202007081208/tools/bin/../lib/gcc/arm-none-eabi/7.3.1/../../../../arm-none-eabi/lib/thumb/v7-m/crt0.o (__libc_init_array)
c:/st/stm32cubeide_1.4.0/stm32cubeide/plugins/com.st.stm32cube.ide.mcu.externaltools.gnu-tools-for-stm32.7-2018-q2-update.win32_1.4.0.202007081208/tools/bin/../lib/gcc/arm-none-eabi/7.3.1/../../../../arm-none-eabi/lib/thumb/v7-m\libc_nano.a(lib_a-memset.o)
                              c:/st/stm32cubeide_1.4.0/stm32cubeide/plugins/com.st.stm32cube.ide.mcu.externaltools.gnu-tools-for-stm32.7-2018-q2-update.win32_1.4.0.202007081208/tools/bin/../lib/gcc/arm-none-eabi/7.3.1/../../../../arm-none-eabi/lib/thumb/v7-m/crt0.o (memset)

Allocating common symbols
Common symbol       size              file

uart1               0x24              Src/main.o
Button_changeColor  0x14              Src/main.o
Button_sendColor    0x14              Src/main.o

Discarded input sections

 .text          0x0000000000000000        0x0 c:/st/stm32cubeide_1.4.0/stm32cubeide/plugins/com.st.stm32cube.ide.mcu.externaltools.gnu-tools-for-stm32.7-2018-q2-update.win32_1.4.0.202007081208/tools/bin/../lib/gcc/arm-none-eabi/7.3.1/thumb/v7-m/crti.o
 .data          0x0000000000000000        0x0 c:/st/stm32cubeide_1.4.0/stm32cubeide/plugins/com.st.stm32cube.ide.mcu.externaltools.gnu-tools-for-stm32.7-2018-q2-update.win32_1.4.0.202007081208/tools/bin/../lib/gcc/arm-none-eabi/7.3.1/thumb/v7-m/crti.o
 .bss           0x0000000000000000        0x0 c:/st/stm32cubeide_1.4.0/stm32cubeide/plugins/com.st.stm32cube.ide.mcu.externaltools.gnu-tools-for-stm32.7-2018-q2-update.win32_1.4.0.202007081208/tools/bin/../lib/gcc/arm-none-eabi/7.3.1/thumb/v7-m/crti.o
 .data          0x0000000000000000        0x4 c:/st/stm32cubeide_1.4.0/stm32cubeide/plugins/com.st.stm32cube.ide.mcu.externaltools.gnu-tools-for-stm32.7-2018-q2-update.win32_1.4.0.202007081208/tools/bin/../lib/gcc/arm-none-eabi/7.3.1/thumb/v7-m/crtbegin.o
 .text          0x0000000000000000       0x74 c:/st/stm32cubeide_1.4.0/stm32cubeide/plugins/com.st.stm32cube.ide.mcu.externaltools.gnu-tools-for-stm32.7-2018-q2-update.win32_1.4.0.202007081208/tools/bin/../lib/gcc/arm-none-eabi/7.3.1/../../../../arm-none-eabi/lib/thumb/v7-m/crt0.o
 .data          0x0000000000000000        0x0 c:/st/stm32cubeide_1.4.0/stm32cubeide/plugins/com.st.stm32cube.ide.mcu.externaltools.gnu-tools-for-stm32.7-2018-q2-update.win32_1.4.0.202007081208/tools/bin/../lib/gcc/arm-none-eabi/7.3.1/../../../../arm-none-eabi/lib/thumb/v7-m/crt0.o
 .bss           0x0000000000000000        0x0 c:/st/stm32cubeide_1.4.0/stm32cubeide/plugins/com.st.stm32cube.ide.mcu.externaltools.gnu-tools-for-stm32.7-2018-q2-update.win32_1.4.0.202007081208/tools/bin/../lib/gcc/arm-none-eabi/7.3.1/../../../../arm-none-eabi/lib/thumb/v7-m/crt0.o
 .ARM.extab     0x0000000000000000        0x0 c:/st/stm32cubeide_1.4.0/stm32cubeide/plugins/com.st.stm32cube.ide.mcu.externaltools.gnu-tools-for-stm32.7-2018-q2-update.win32_1.4.0.202007081208/tools/bin/../lib/gcc/arm-none-eabi/7.3.1/../../../../arm-none-eabi/lib/thumb/v7-m/crt0.o
 .ARM.exidx     0x0000000000000000        0x8 c:/st/stm32cubeide_1.4.0/stm32cubeide/plugins/com.st.stm32cube.ide.mcu.externaltools.gnu-tools-for-stm32.7-2018-q2-update.win32_1.4.0.202007081208/tools/bin/../lib/gcc/arm-none-eabi/7.3.1/../../../../arm-none-eabi/lib/thumb/v7-m/crt0.o
 .ARM.attributes
                0x0000000000000000       0x1b c:/st/stm32cubeide_1.4.0/stm32cubeide/plugins/com.st.stm32cube.ide.mcu.externaltools.gnu-tools-for-stm32.7-2018-q2-update.win32_1.4.0.202007081208/tools/bin/../lib/gcc/arm-none-eabi/7.3.1/../../../../arm-none-eabi/lib/thumb/v7-m/crt0.o
 .group         0x0000000000000000        0xc HAL/LCD.o
 .group         0x0000000000000000        0xc HAL/LCD.o
 .group         0x0000000000000000        0xc HAL/LCD.o
 .group         0x0000000000000000        0xc HAL/LCD.o
 .group         0x0000000000000000        0xc HAL/LCD.o
 .group         0x0000000000000000        0xc HAL/LCD.o
 .text          0x0000000000000000        0x0 HAL/LCD.o
 .data          0x0000000000000000        0x0 HAL/LCD.o
 .bss           0x0000000000000000        0x0 HAL/LCD.o
 .data.g_LCD_RS
                0x0000000000000000        0x8 HAL/LCD.o
 .data.g_LCD_EN
                0x0000000000000000        0x8 HAL/LCD.o
 .data.g_LCD_D4
                0x0000000000000000        0x8 HAL/LCD.o
 .data.g_LCD_D5
                0x0000000000000000        0x8 HAL/LCD.o
 .data.g_LCD_D6
                0x0000000000000000        0x8 HAL/LCD.o
 .data.g_LCD_D7
                0x0000000000000000        0x8 HAL/LCD.o
 .bss.g_LCD_X   0x0000000000000000        0x1 HAL/LCD.o
 .data.g_LCD_Y  0x0000000000000000        0x1 HAL/LCD.o
 .text.LCD_wait
                0x0000000000000000       0x34 HAL/LCD.o
 .text.LCD_Config
                0x0000000000000000       0x48 HAL/LCD.o
 .text.LCD_Kick
                0x0000000000000000       0x20 HAL/LCD.o
 .text.LCD_WriteChar
                0x0000000000000000       0xd0 HAL/LCD.o
 .text.HAL_LCD_Init
                0x0000000000000000       0x1e HAL/LCD.o
 .text.HAL_LCD_WriteCommand
                0x0000000000000000       0xd0 HAL/LCD.o
 .text.HAL_LCD_ClearScreen
                0x0000000000000000       0x24 HAL/LCD.o
 .text.HAL_LCD_WriteChar
                0x0000000000000000       0x6c HAL/LCD.o
 .text.HAL_LCD_WriteString
                0x0000000000000000       0x2a HAL/LCD.o
 .text.HAL_LCD_GoToXY
                0x0000000000000000       0x48 HAL/LCD.o
 .debug_info    0x0000000000000000      0x365 HAL/LCD.o
 .debug_abbrev  0x0000000000000000      0x180 HAL/LCD.o
 .debug_loc     0x0000000000000000      0x29c HAL/LCD.o
 .debug_aranges
                0x0000000000000000       0x68 HAL/LCD.o
 .debug_ranges  0x0000000000000000       0x58 HAL/LCD.o
 .debug_macro   0x0000000000000000       0x58 HAL/LCD.o
 .debug_macro   0x0000000000000000      0xa60 HAL/LCD.o
 .debug_macro   0x0000000000000000       0x22 HAL/LCD.o
 .debug_macro   0x0000000000000000       0x1c HAL/LCD.o
 .debug_macro   0x0000000000000000      0x226 HAL/LCD.o
 .debug_macro   0x0000000000000000       0xd0 HAL/LCD.o
 .debug_macro   0x0000000000000000       0xe2 HAL/LCD.o
 .debug_line    0x0000000000000000      0x207 HAL/LCD.o
 .debug_str     0x0000000000000000     0x42a0 HAL/LCD.o
 .comment       0x0000000000000000       0x7c HAL/LCD.o
 .debug_frame   0x0000000000000000      0x15c HAL/LCD.o
 .ARM.attributes
                0x0000000000000000       0x33 HAL/LCD.o
 .group         0x0000000000000000        0xc HAL/SevenSegment.o
 .group         0x0000000000000000        0xc HAL/SevenSegment.o
 .group         0x0000000000000000        0xc HAL/SevenSegment.o
 .group         0x0000000000000000        0xc HAL/SevenSegment.o
 .group         0x0000000000000000        0xc HAL/SevenSegment.o
 .group         0x0000000000000000        0xc HAL/SevenSegment.o
 .text          0x0000000000000000        0x0 HAL/SevenSegment.o
 .data          0x0000000000000000        0x0 HAL/SevenSegment.o
 .bss           0x0000000000000000        0x0 HAL/SevenSegment.o
 .data.g__7_SEGMENT_A
                0x0000000000000000        0x8 HAL/SevenSegment.o
 .data.g__7_SEGMENT_B
                0x0000000000000000        0x8 HAL/SevenSegment.o
 .data.g__7_SEGMENT_C
                0x0000000000000000        0x8 HAL/SevenSegment.o
 .data.g__7_SEGMENT_D
                0x0000000000000000        0x8 HAL/SevenSegment.o
 .data.g__7_SEGMENT_E
                0x0000000000000000        0x8 HAL/SevenSegment.o
 .data.g__7_SEGMENT_F
                0x0000000000000000        0x8 HAL/SevenSegment.o
 .data.g__7_SEGMENT_G
                0x0000000000000000        0x8 HAL/SevenSegment.o
 .rodata.g_7SegmentData
                0x0000000000000000        0xa HAL/SevenSegment.o
 .data._7_segment_currrent
                0x0000000000000000        0x4 HAL/SevenSegment.o
 .text.HAL_7_SEGMENT_Init
                0x0000000000000000       0x58 HAL/SevenSegment.o
 .text.HAL_7_SEGMENT_WriteData
                0x0000000000000000       0xb8 HAL/SevenSegment.o
 .text.HAL_7_SEGMENT_Increment
                0x0000000000000000       0x3c HAL/SevenSegment.o
 .text.HAL_7_SEGMENT_Replay
                0x0000000000000000       0x24 HAL/SevenSegment.o
 .debug_info    0x0000000000000000      0x294 HAL/SevenSegment.o
 .debug_abbrev  0x0000000000000000       0xe0 HAL/SevenSegment.o
 .debug_loc     0x0000000000000000       0xd4 HAL/SevenSegment.o
 .debug_aranges
                0x0000000000000000       0x38 HAL/SevenSegment.o
 .debug_ranges  0x0000000000000000       0x28 HAL/SevenSegment.o
 .debug_macro   0x0000000000000000       0x58 HAL/SevenSegment.o
 .debug_macro   0x0000000000000000      0xa60 HAL/SevenSegment.o
 .debug_macro   0x0000000000000000       0x22 HAL/SevenSegment.o
 .debug_macro   0x0000000000000000       0x1c HAL/SevenSegment.o
 .debug_macro   0x0000000000000000      0x226 HAL/SevenSegment.o
 .debug_macro   0x0000000000000000       0xd0 HAL/SevenSegment.o
 .debug_macro   0x0000000000000000       0x94 HAL/SevenSegment.o
 .debug_line    0x0000000000000000      0x169 HAL/SevenSegment.o
 .debug_str     0x0000000000000000     0x41a8 HAL/SevenSegment.o
 .comment       0x0000000000000000       0x7c HAL/SevenSegment.o
 .debug_frame   0x0000000000000000       0x88 HAL/SevenSegment.o
 .ARM.attributes
                0x0000000000000000       0x33 HAL/SevenSegment.o
 .group         0x0000000000000000        0xc HAL/keypad.o
 .group         0x0000000000000000        0xc HAL/keypad.o
 .group         0x0000000000000000        0xc HAL/keypad.o
 .group         0x0000000000000000        0xc HAL/keypad.o
 .group         0x0000000000000000        0xc HAL/keypad.o
 .group         0x0000000000000000        0xc HAL/keypad.o
 .text          0x0000000000000000        0x0 HAL/keypad.o
 .data          0x0000000000000000        0x0 HAL/keypad.o
 .bss           0x0000000000000000        0x0 HAL/keypad.o
 .data.g_KEYPAD_R0
                0x0000000000000000        0x8 HAL/keypad.o
 .data.g_KEYPAD_R1
                0x0000000000000000        0x8 HAL/keypad.o
 .data.g_KEYPAD_R2
                0x0000000000000000        0x8 HAL/keypad.o
 .data.g_KEYPAD_R3
                0x0000000000000000        0x8 HAL/keypad.o
 .data.g_KEYPAD_C0
                0x0000000000000000        0x8 HAL/keypad.o
 .data.g_KEYPAD_C1
                0x0000000000000000        0x8 HAL/keypad.o
 .data.g_KEYPAD_C2
                0x0000000000000000        0x8 HAL/keypad.o
 .data.g_KEYPAD_C3
                0x0000000000000000        0x8 HAL/keypad.o
 .rodata.g_KeypadData
                0x0000000000000000       0x10 HAL/keypad.o
 .text.KEYPAD_Set_Columns_VCC
                0x0000000000000000       0x38 HAL/keypad.o
 .text.HAL_KEYPAD_Init
                0x0000000000000000       0x5c HAL/keypad.o
 .text.HAL_KEYPAD_GetButtonPressed
                0x0000000000000000      0x118 HAL/keypad.o
 .debug_info    0x0000000000000000      0x2cc HAL/keypad.o
 .debug_abbrev  0x0000000000000000      0x101 HAL/keypad.o
 .debug_loc     0x0000000000000000       0xaa HAL/keypad.o
 .debug_aranges
                0x0000000000000000       0x30 HAL/keypad.o
 .debug_ranges  0x0000000000000000       0x20 HAL/keypad.o
 .debug_macro   0x0000000000000000       0x58 HAL/keypad.o
 .debug_macro   0x0000000000000000      0xa60 HAL/keypad.o
 .debug_macro   0x0000000000000000       0x22 HAL/keypad.o
 .debug_macro   0x0000000000000000       0x1c HAL/keypad.o
 .debug_macro   0x0000000000000000      0x226 HAL/keypad.o
 .debug_macro   0x0000000000000000       0xd0 HAL/keypad.o
 .debug_macro   0x0000000000000000       0x6a HAL/keypad.o
 .debug_line    0x0000000000000000      0x177 HAL/keypad.o
 .debug_str     0x0000000000000000     0x406e HAL/keypad.o
 .comment       0x0000000000000000       0x7c HAL/keypad.o
 .debug_frame   0x0000000000000000       0x6c HAL/keypad.o
 .ARM.attributes
                0x0000000000000000       0x33 HAL/keypad.o
 .group         0x0000000000000000        0xc MCAL/EXTI.o
 .group         0x0000000000000000        0xc MCAL/EXTI.o
 .group         0x0000000000000000        0xc MCAL/EXTI.o
 .group         0x0000000000000000        0xc MCAL/EXTI.o
 .group         0x0000000000000000        0xc MCAL/EXTI.o
 .group         0x0000000000000000        0xc MCAL/EXTI.o
 .text          0x0000000000000000        0x0 MCAL/EXTI.o
 .data          0x0000000000000000        0x0 MCAL/EXTI.o
 .bss           0x0000000000000000        0x0 MCAL/EXTI.o
 .text.MCAL_EXTI_DeInit
                0x0000000000000000       0x94 MCAL/EXTI.o
 .debug_macro   0x0000000000000000      0xa60 MCAL/EXTI.o
 .debug_macro   0x0000000000000000       0x22 MCAL/EXTI.o
 .debug_macro   0x0000000000000000       0x1c MCAL/EXTI.o
 .debug_macro   0x0000000000000000      0x226 MCAL/EXTI.o
 .group         0x0000000000000000        0xc MCAL/GPIO.o
 .group         0x0000000000000000        0xc MCAL/GPIO.o
 .group         0x0000000000000000        0xc MCAL/GPIO.o
 .group         0x0000000000000000        0xc MCAL/GPIO.o
 .group         0x0000000000000000        0xc MCAL/GPIO.o
 .text          0x0000000000000000        0x0 MCAL/GPIO.o
 .data          0x0000000000000000        0x0 MCAL/GPIO.o
 .bss           0x0000000000000000        0x0 MCAL/GPIO.o
 .text.MCAL_GPIO_DeInit
                0x0000000000000000       0xc8 MCAL/GPIO.o
 .text.MCAL_GPIO_ReadPin
                0x0000000000000000       0x28 MCAL/GPIO.o
 .text.MCAL_GPIO_ReadPort
                0x0000000000000000       0x18 MCAL/GPIO.o
 .text.MCAL_GPIO_WritePort
                0x0000000000000000       0x1c MCAL/GPIO.o
 .text.MCAL_GPIO_TogglePin
                0x0000000000000000       0x26 MCAL/GPIO.o
 .text.MCAL_GPIO_LockPin
                0x0000000000000000       0x70 MCAL/GPIO.o
 .debug_macro   0x0000000000000000      0xa60 MCAL/GPIO.o
 .debug_macro   0x0000000000000000       0x22 MCAL/GPIO.o
 .debug_macro   0x0000000000000000       0x1c MCAL/GPIO.o
 .debug_macro   0x0000000000000000      0x226 MCAL/GPIO.o
 .debug_macro   0x0000000000000000       0xd0 MCAL/GPIO.o
 .group         0x0000000000000000        0xc MCAL/RCC.o
 .group         0x0000000000000000        0xc MCAL/RCC.o
 .group         0x0000000000000000        0xc MCAL/RCC.o
 .group         0x0000000000000000        0xc MCAL/RCC.o
 .group         0x0000000000000000        0xc MCAL/RCC.o
 .text          0x0000000000000000        0x0 MCAL/RCC.o
 .data          0x0000000000000000        0x0 MCAL/RCC.o
 .bss           0x0000000000000000        0x0 MCAL/RCC.o
 .debug_macro   0x0000000000000000      0xa60 MCAL/RCC.o
 .debug_macro   0x0000000000000000       0x22 MCAL/RCC.o
 .debug_macro   0x0000000000000000       0x1c MCAL/RCC.o
 .debug_macro   0x0000000000000000      0x226 MCAL/RCC.o
 .group         0x0000000000000000        0xc MCAL/SPI.o
 .group         0x0000000000000000        0xc MCAL/SPI.o
 .group         0x0000000000000000        0xc MCAL/SPI.o
 .group         0x0000000000000000        0xc MCAL/SPI.o
 .group         0x0000000000000000        0xc MCAL/SPI.o
 .group         0x0000000000000000        0xc MCAL/SPI.o
 .text          0x0000000000000000        0x0 MCAL/SPI.o
 .data          0x0000000000000000        0x0 MCAL/SPI.o
 .bss           0x0000000000000000        0x0 MCAL/SPI.o
 .text.MCAL_SPI_Init
                0x0000000000000000      0x130 MCAL/SPI.o
 .text.MCAL_SPI_DeInit
                0x0000000000000000       0x84 MCAL/SPI.o
 .text.MCAL_SPI_GPIO_SetPins
                0x0000000000000000      0x194 MCAL/SPI.o
 .text.MCAL_SPI_Transmit
                0x0000000000000000       0x82 MCAL/SPI.o
 .text.MCAL_SPI_Receive
                0x0000000000000000       0x84 MCAL/SPI.o
 .text.MCAL_SPI_TX_RX
                0x0000000000000000       0x2e MCAL/SPI.o
 .text.MCAL_SPI_sendString
                0x0000000000000000       0x44 MCAL/SPI.o
 .text.MCAL_SPI_receiveString
                0x0000000000000000       0x56 MCAL/SPI.o
 .debug_macro   0x0000000000000000      0xa60 MCAL/SPI.o
 .debug_macro   0x0000000000000000       0x22 MCAL/SPI.o
 .debug_macro   0x0000000000000000       0x1c MCAL/SPI.o
 .debug_macro   0x0000000000000000      0x226 MCAL/SPI.o
 .debug_macro   0x0000000000000000       0xd6 MCAL/SPI.o
 .group         0x0000000000000000        0xc MCAL/USART.o
 .group         0x0000000000000000        0xc MCAL/USART.o
 .group         0x0000000000000000        0xc MCAL/USART.o
 .group         0x0000000000000000        0xc MCAL/USART.o
 .group         0x0000000000000000        0xc MCAL/USART.o
 .group         0x0000000000000000        0xc MCAL/USART.o
 .group         0x0000000000000000        0xc MCAL/USART.o
 .text          0x0000000000000000        0x0 MCAL/USART.o
 .data          0x0000000000000000        0x0 MCAL/USART.o
 .bss           0x0000000000000000        0x0 MCAL/USART.o
 .text.MCAL_UART_DeInit
                0x0000000000000000       0xbc MCAL/USART.o
 .text.MCAL_UART_WAIT_TC
                0x0000000000000000       0x22 MCAL/USART.o
 .debug_macro   0x0000000000000000      0xa60 MCAL/USART.o
 .debug_macro   0x0000000000000000       0x22 MCAL/USART.o
 .debug_macro   0x0000000000000000       0x1c MCAL/USART.o
 .debug_macro   0x0000000000000000      0x226 MCAL/USART.o
 .debug_macro   0x0000000000000000       0xd6 MCAL/USART.o
 .group         0x0000000000000000        0xc Src/main.o
 .group         0x0000000000000000        0xc Src/main.o
 .group         0x0000000000000000        0xc Src/main.o
 .group         0x0000000000000000        0xc Src/main.o
 .group         0x0000000000000000        0xc Src/main.o
 .group         0x0000000000000000        0xc Src/main.o
 .group         0x0000000000000000        0xc Src/main.o
 .group         0x0000000000000000        0xc Src/main.o
 .group         0x0000000000000000        0xc Src/main.o
 .group         0x0000000000000000        0xc Src/main.o
 .group         0x0000000000000000        0xc Src/main.o
 .text          0x0000000000000000        0x0 Src/main.o
 .data          0x0000000000000000        0x0 Src/main.o
 .bss           0x0000000000000000        0x0 Src/main.o
 .debug_macro   0x0000000000000000      0xa60 Src/main.o
 .debug_macro   0x0000000000000000       0x1c Src/main.o
 .debug_macro   0x0000000000000000      0x226 Src/main.o
 .debug_macro   0x0000000000000000       0xd0 Src/main.o
 .debug_macro   0x0000000000000000      0x2b7 Src/main.o
 .debug_macro   0x0000000000000000       0x16 Src/main.o
 .debug_macro   0x0000000000000000       0xbe Src/main.o
 .debug_macro   0x0000000000000000       0xe2 Src/main.o
 .group         0x0000000000000000        0xc Src/syscalls.o
 .group         0x0000000000000000        0xc Src/syscalls.o
 .group         0x0000000000000000        0xc Src/syscalls.o
 .group         0x0000000000000000        0xc Src/syscalls.o
 .group         0x0000000000000000        0xc Src/syscalls.o
 .group         0x0000000000000000        0xc Src/syscalls.o
 .group         0x0000000000000000        0xc Src/syscalls.o
 .group         0x0000000000000000        0xc Src/syscalls.o
 .group         0x0000000000000000        0xc Src/syscalls.o
 .group         0x0000000000000000        0xc Src/syscalls.o
 .group         0x0000000000000000        0xc Src/syscalls.o
 .group         0x0000000000000000        0xc Src/syscalls.o
 .group         0x0000000000000000        0xc Src/syscalls.o
 .group         0x0000000000000000        0xc Src/syscalls.o
 .group         0x0000000000000000        0xc Src/syscalls.o
 .group         0x0000000000000000        0xc Src/syscalls.o
 .group         0x0000000000000000        0xc Src/syscalls.o
 .group         0x0000000000000000        0xc Src/syscalls.o
 .group         0x0000000000000000        0xc Src/syscalls.o
 .group         0x0000000000000000        0xc Src/syscalls.o
 .group         0x0000000000000000        0xc Src/syscalls.o
 .group         0x0000000000000000        0xc Src/syscalls.o
 .group         0x0000000000000000        0xc Src/syscalls.o
 .group         0x0000000000000000        0xc Src/syscalls.o
 .group         0x0000000000000000        0xc Src/syscalls.o
 .group         0x0000000000000000        0xc Src/syscalls.o
 .group         0x0000000000000000        0xc Src/syscalls.o
 .group         0x0000000000000000        0xc Src/syscalls.o
 .group         0x0000000000000000        0xc Src/syscalls.o
 .group         0x0000000000000000        0xc Src/syscalls.o
 .group         0x0000000000000000        0xc Src/syscalls.o
 .group         0x0000000000000000        0xc Src/syscalls.o
 .group         0x0000000000000000        0xc Src/syscalls.o
 .group         0x0000000000000000        0xc Src/syscalls.o
 .group         0x0000000000000000        0xc Src/syscalls.o
 .group         0x0000000000000000        0xc Src/syscalls.o
 .group         0x0000000000000000        0xc Src/syscalls.o
 .group         0x0000000000000000        0xc Src/syscalls.o
 .group         0x0000000000000000        0xc Src/syscalls.o
 .group         0x0000000000000000        0xc Src/syscalls.o
 .group         0x0000000000000000        0xc Src/syscalls.o
 .group         0x0000000000000000        0xc Src/syscalls.o
 .group         0x0000000000000000        0xc Src/syscalls.o
 .group         0x0000000000000000        0xc Src/syscalls.o
 .text          0x0000000000000000        0x0 Src/syscalls.o
 .data          0x0000000000000000        0x0 Src/syscalls.o
 .bss           0x0000000000000000        0x0 Src/syscalls.o
 .bss.__env     0x0000000000000000        0x4 Src/syscalls.o
 .data.environ  0x0000000000000000        0x4 Src/syscalls.o
 .text.initialise_monitor_handles
                0x0000000000000000        0xc Src/syscalls.o
 .text._getpid  0x0000000000000000        0xe Src/syscalls.o
 .text._kill    0x0000000000000000       0x20 Src/syscalls.o
 .text._exit    0x0000000000000000       0x14 Src/syscalls.o
 .text._read    0x0000000000000000       0x3a Src/syscalls.o
 .text._write   0x0000000000000000       0x38 Src/syscalls.o
 .text._close   0x0000000000000000       0x16 Src/syscalls.o
 .text._fstat   0x0000000000000000       0x1e Src/syscalls.o
 .text._isatty  0x0000000000000000       0x14 Src/syscalls.o
 .text._lseek   0x0000000000000000       0x18 Src/syscalls.o
 .text._open    0x0000000000000000       0x1a Src/syscalls.o
 .text._wait    0x0000000000000000       0x1e Src/syscalls.o
 .text._unlink  0x0000000000000000       0x1e Src/syscalls.o
 .text._times   0x0000000000000000       0x16 Src/syscalls.o
 .text._stat    0x0000000000000000       0x1e Src/syscalls.o
 .text._link    0x0000000000000000       0x20 Src/syscalls.o
 .text._fork    0x0000000000000000       0x16 Src/syscalls.o
 .text._execve  0x0000000000000000       0x22 Src/syscalls.o
 .debug_info    0x0000000000000000     0x1038 Src/syscalls.o
 .debug_abbrev  0x0000000000000000      0x254 Src/syscalls.o
 .debug_loc     0x0000000000000000      0x5b8 Src/syscalls.o
 .debug_aranges
                0x0000000000000000       0xa8 Src/syscalls.o
 .debug_ranges  0x0000000000000000       0x98 Src/syscalls.o
 .debug_macro   0x0000000000000000      0x243 Src/syscalls.o
 .debug_macro   0x0000000000000000      0xa60 Src/syscalls.o
 .debug_macro   0x0000000000000000       0x22 Src/syscalls.o
 .debug_macro   0x0000000000000000       0x40 Src/syscalls.o
 .debug_macro   0x0000000000000000       0x18 Src/syscalls.o
 .debug_macro   0x0000000000000000       0x94 Src/syscalls.o
 .debug_macro   0x0000000000000000       0x3c Src/syscalls.o
 .debug_macro   0x0000000000000000       0x34 Src/syscalls.o
 .debug_macro   0x0000000000000000       0x57 Src/syscalls.o
 .debug_macro   0x0000000000000000      0x174 Src/syscalls.o
 .debug_macro   0x0000000000000000      0x330 Src/syscalls.o
 .debug_macro   0x0000000000000000       0x52 Src/syscalls.o
 .debug_macro   0x0000000000000000       0x1f Src/syscalls.o
 .debug_macro   0x0000000000000000       0x43 Src/syscalls.o
 .debug_macro   0x0000000000000000       0x20 Src/syscalls.o
 .debug_macro   0x0000000000000000      0x1a3 Src/syscalls.o
 .debug_macro   0x0000000000000000       0x10 Src/syscalls.o
 .debug_macro   0x0000000000000000       0x35 Src/syscalls.o
 .debug_macro   0x0000000000000000       0x10 Src/syscalls.o
 .debug_macro   0x0000000000000000       0x10 Src/syscalls.o
 .debug_macro   0x0000000000000000       0x10 Src/syscalls.o
 .debug_macro   0x0000000000000000       0x6a Src/syscalls.o
 .debug_macro   0x0000000000000000       0x1c Src/syscalls.o
 .debug_macro   0x0000000000000000       0x52 Src/syscalls.o
 .debug_macro   0x0000000000000000       0x40 Src/syscalls.o
 .debug_macro   0x0000000000000000       0x10 Src/syscalls.o
 .debug_macro   0x0000000000000000       0x40 Src/syscalls.o
 .debug_macro   0x0000000000000000       0xd7 Src/syscalls.o
 .debug_macro   0x0000000000000000       0x1c Src/syscalls.o
 .debug_macro   0x0000000000000000       0x3d Src/syscalls.o
 .debug_macro   0x0000000000000000       0x35 Src/syscalls.o
 .debug_macro   0x0000000000000000      0x122 Src/syscalls.o
 .debug_macro   0x0000000000000000       0x16 Src/syscalls.o
 .debug_macro   0x0000000000000000       0x16 Src/syscalls.o
 .debug_macro   0x0000000000000000       0x29 Src/syscalls.o
 .debug_macro   0x0000000000000000       0x10 Src/syscalls.o
 .debug_macro   0x0000000000000000      0x241 Src/syscalls.o
 .debug_macro   0x0000000000000000       0x1c Src/syscalls.o
 .debug_macro   0x0000000000000000       0x10 Src/syscalls.o
 .debug_macro   0x0000000000000000       0x10 Src/syscalls.o
 .debug_macro   0x0000000000000000       0x16 Src/syscalls.o
 .debug_macro   0x0000000000000000      0x145 Src/syscalls.o
 .debug_macro   0x0000000000000000      0x189 Src/syscalls.o
 .debug_macro   0x0000000000000000       0x16 Src/syscalls.o
 .debug_macro   0x0000000000000000       0x88 Src/syscalls.o
 .debug_line    0x0000000000000000      0x739 Src/syscalls.o
 .debug_str     0x0000000000000000     0x8867 Src/syscalls.o
 .comment       0x0000000000000000       0x7c Src/syscalls.o
 .debug_frame   0x0000000000000000      0x2ac Src/syscalls.o
 .ARM.attributes
                0x0000000000000000       0x33 Src/syscalls.o
 .group         0x0000000000000000        0xc Src/sysmem.o
 .group         0x0000000000000000        0xc Src/sysmem.o
 .group         0x0000000000000000        0xc Src/sysmem.o
 .group         0x0000000000000000        0xc Src/sysmem.o
 .group         0x0000000000000000        0xc Src/sysmem.o
 .group         0x0000000000000000        0xc Src/sysmem.o
 .group         0x0000000000000000        0xc Src/sysmem.o
 .group         0x0000000000000000        0xc Src/sysmem.o
 .group         0x0000000000000000        0xc Src/sysmem.o
 .group         0x0000000000000000        0xc Src/sysmem.o
 .group         0x0000000000000000        0xc Src/sysmem.o
 .group         0x0000000000000000        0xc Src/sysmem.o
 .group         0x0000000000000000        0xc Src/sysmem.o
 .group         0x0000000000000000        0xc Src/sysmem.o
 .group         0x0000000000000000        0xc Src/sysmem.o
 .group         0x0000000000000000        0xc Src/sysmem.o
 .group         0x0000000000000000        0xc Src/sysmem.o
 .group         0x0000000000000000        0xc Src/sysmem.o
 .group         0x0000000000000000        0xc Src/sysmem.o
 .text          0x0000000000000000        0x0 Src/sysmem.o
 .data          0x0000000000000000        0x0 Src/sysmem.o
 .bss           0x0000000000000000        0x0 Src/sysmem.o
 .bss.__sbrk_heap_end
                0x0000000000000000        0x4 Src/sysmem.o
 .text._sbrk    0x0000000000000000       0x6c Src/sysmem.o
 .debug_info    0x0000000000000000      0xa7c Src/sysmem.o
 .debug_abbrev  0x0000000000000000      0x18e Src/sysmem.o
 .debug_loc     0x0000000000000000       0x50 Src/sysmem.o
 .debug_aranges
                0x0000000000000000       0x20 Src/sysmem.o
 .debug_ranges  0x0000000000000000       0x10 Src/sysmem.o
 .debug_macro   0x0000000000000000       0xee Src/sysmem.o
 .debug_macro   0x0000000000000000      0xa60 Src/sysmem.o
 .debug_macro   0x0000000000000000       0x10 Src/sysmem.o
 .debug_macro   0x0000000000000000       0x22 Src/sysmem.o
 .debug_macro   0x0000000000000000       0x40 Src/sysmem.o
 .debug_macro   0x0000000000000000       0x18 Src/sysmem.o
 .debug_macro   0x0000000000000000       0x94 Src/sysmem.o
 .debug_macro   0x0000000000000000       0x3c Src/sysmem.o
 .debug_macro   0x0000000000000000       0x34 Src/sysmem.o
 .debug_macro   0x0000000000000000      0x174 Src/sysmem.o
 .debug_macro   0x0000000000000000       0x57 Src/sysmem.o
 .debug_macro   0x0000000000000000       0x52 Src/sysmem.o
 .debug_macro   0x0000000000000000       0x1f Src/sysmem.o
 .debug_macro   0x0000000000000000       0x43 Src/sysmem.o
 .debug_macro   0x0000000000000000       0x20 Src/sysmem.o
 .debug_macro   0x0000000000000000      0x1a3 Src/sysmem.o
 .debug_macro   0x0000000000000000      0x23b Src/sysmem.o
 .debug_macro   0x0000000000000000       0xef Src/sysmem.o
 .debug_macro   0x0000000000000000       0x6a Src/sysmem.o
 .debug_macro   0x0000000000000000      0x1df Src/sysmem.o
 .debug_line    0x0000000000000000      0x4c2 Src/sysmem.o
 .debug_str     0x0000000000000000     0x5f35 Src/sysmem.o
 .comment       0x0000000000000000       0x7c Src/sysmem.o
 .debug_frame   0x0000000000000000       0x34 Src/sysmem.o
 .ARM.attributes
                0x0000000000000000       0x33 Src/sysmem.o
 .text          0x0000000000000000       0x14 Startup/startup_stm32f103c6tx.o
 .data          0x0000000000000000        0x0 Startup/startup_stm32f103c6tx.o
 .bss           0x0000000000000000        0x0 Startup/startup_stm32f103c6tx.o
 .text          0x0000000000000000        0x0 c:/st/stm32cubeide_1.4.0/stm32cubeide/plugins/com.st.stm32cube.ide.mcu.externaltools.gnu-tools-for-stm32.7-2018-q2-update.win32_1.4.0.202007081208/tools/bin/../lib/gcc/arm-none-eabi/7.3.1/../../../../arm-none-eabi/lib/thumb/v7-m\libc_nano.a(lib_a-errno.o)
 .data          0x0000000000000000        0x0 c:/st/stm32cubeide_1.4.0/stm32cubeide/plugins/com.st.stm32cube.ide.mcu.externaltools.gnu-tools-for-stm32.7-2018-q2-update.win32_1.4.0.202007081208/tools/bin/../lib/gcc/arm-none-eabi/7.3.1/../../../../arm-none-eabi/lib/thumb/v7-m\libc_nano.a(lib_a-errno.o)
 .bss           0x0000000000000000        0x0 c:/st/stm32cubeide_1.4.0/stm32cubeide/plugins/com.st.stm32cube.ide.mcu.externaltools.gnu-tools-for-stm32.7-2018-q2-update.win32_1.4.0.202007081208/tools/bin/../lib/gcc/arm-none-eabi/7.3.1/../../../../arm-none-eabi/lib/thumb/v7-m\libc_nano.a(lib_a-errno.o)
 .text.__errno  0x0000000000000000        0xc c:/st/stm32cubeide_1.4.0/stm32cubeide/plugins/com.st.stm32cube.ide.mcu.externaltools.gnu-tools-for-stm32.7-2018-q2-update.win32_1.4.0.202007081208/tools/bin/../lib/gcc/arm-none-eabi/7.3.1/../../../../arm-none-eabi/lib/thumb/v7-m\libc_nano.a(lib_a-errno.o)
 .debug_frame   0x0000000000000000       0x20 c:/st/stm32cubeide_1.4.0/stm32cubeide/plugins/com.st.stm32cube.ide.mcu.externaltools.gnu-tools-for-stm32.7-2018-q2-update.win32_1.4.0.202007081208/tools/bin/../lib/gcc/arm-none-eabi/7.3.1/../../../../arm-none-eabi/lib/thumb/v7-m\libc_nano.a(lib_a-errno.o)
 .ARM.attributes
                0x0000000000000000       0x2d c:/st/stm32cubeide_1.4.0/stm32cubeide/plugins/com.st.stm32cube.ide.mcu.externaltools.gnu-tools-for-stm32.7-2018-q2-update.win32_1.4.0.202007081208/tools/bin/../lib/gcc/arm-none-eabi/7.3.1/../../../../arm-none-eabi/lib/thumb/v7-m\libc_nano.a(lib_a-errno.o)
 .text          0x0000000000000000        0x0 c:/st/stm32cubeide_1.4.0/stm32cubeide/plugins/com.st.stm32cube.ide.mcu.externaltools.gnu-tools-for-stm32.7-2018-q2-update.win32_1.4.0.202007081208/tools/bin/../lib/gcc/arm-none-eabi/7.3.1/../../../../arm-none-eabi/lib/thumb/v7-m\libc_nano.a(lib_a-exit.o)
 .data          0x0000000000000000        0x0 c:/st/stm32cubeide_1.4.0/stm32cubeide/plugins/com.st.stm32cube.ide.mcu.externaltools.gnu-tools-for-stm32.7-2018-q2-update.win32_1.4.0.202007081208/tools/bin/../lib/gcc/arm-none-eabi/7.3.1/../../../../arm-none-eabi/lib/thumb/v7-m\libc_nano.a(lib_a-exit.o)
 .bss           0x0000000000000000        0x0 c:/st/stm32cubeide_1.4.0/stm32cubeide/plugins/com.st.stm32cube.ide.mcu.externaltools.gnu-tools-for-stm32.7-2018-q2-update.win32_1.4.0.202007081208/tools/bin/../lib/gcc/arm-none-eabi/7.3.1/../../../../arm-none-eabi/lib/thumb/v7-m\libc_nano.a(lib_a-exit.o)
 .text.exit     0x0000000000000000       0x28 c:/st/stm32cubeide_1.4.0/stm32cubeide/plugins/com.st.stm32cube.ide.mcu.externaltools.gnu-tools-for-stm32.7-2018-q2-update.win32_1.4.0.202007081208/tools/bin/../lib/gcc/arm-none-eabi/7.3.1/../../../../arm-none-eabi/lib/thumb/v7-m\libc_nano.a(lib_a-exit.o)
 .debug_frame   0x0000000000000000       0x28 c:/st/stm32cubeide_1.4.0/stm32cubeide/plugins/com.st.stm32cube.ide.mcu.externaltools.gnu-tools-for-stm32.7-2018-q2-update.win32_1.4.0.202007081208/tools/bin/../lib/gcc/arm-none-eabi/7.3.1/../../../../arm-none-eabi/lib/thumb/v7-m\libc_nano.a(lib_a-exit.o)
 .ARM.attributes
                0x0000000000000000       0x2d c:/st/stm32cubeide_1.4.0/stm32cubeide/plugins/com.st.stm32cube.ide.mcu.externaltools.gnu-tools-for-stm32.7-2018-q2-update.win32_1.4.0.202007081208/tools/bin/../lib/gcc/arm-none-eabi/7.3.1/../../../../arm-none-eabi/lib/thumb/v7-m\libc_nano.a(lib_a-exit.o)
 .text          0x0000000000000000        0x0 c:/st/stm32cubeide_1.4.0/stm32cubeide/plugins/com.st.stm32cube.ide.mcu.externaltools.gnu-tools-for-stm32.7-2018-q2-update.win32_1.4.0.202007081208/tools/bin/../lib/gcc/arm-none-eabi/7.3.1/../../../../arm-none-eabi/lib/thumb/v7-m\libc_nano.a(lib_a-impure.o)
 .data          0x0000000000000000        0x0 c:/st/stm32cubeide_1.4.0/stm32cubeide/plugins/com.st.stm32cube.ide.mcu.externaltools.gnu-tools-for-stm32.7-2018-q2-update.win32_1.4.0.202007081208/tools/bin/../lib/gcc/arm-none-eabi/7.3.1/../../../../arm-none-eabi/lib/thumb/v7-m\libc_nano.a(lib_a-impure.o)
 .bss           0x0000000000000000        0x0 c:/st/stm32cubeide_1.4.0/stm32cubeide/plugins/com.st.stm32cube.ide.mcu.externaltools.gnu-tools-for-stm32.7-2018-q2-update.win32_1.4.0.202007081208/tools/bin/../lib/gcc/arm-none-eabi/7.3.1/../../../../arm-none-eabi/lib/thumb/v7-m\libc_nano.a(lib_a-impure.o)
 .data._impure_ptr
                0x0000000000000000        0x4 c:/st/stm32cubeide_1.4.0/stm32cubeide/plugins/com.st.stm32cube.ide.mcu.externaltools.gnu-tools-for-stm32.7-2018-q2-update.win32_1.4.0.202007081208/tools/bin/../lib/gcc/arm-none-eabi/7.3.1/../../../../arm-none-eabi/lib/thumb/v7-m\libc_nano.a(lib_a-impure.o)
 .data.impure_data
                0x0000000000000000       0x60 c:/st/stm32cubeide_1.4.0/stm32cubeide/plugins/com.st.stm32cube.ide.mcu.externaltools.gnu-tools-for-stm32.7-2018-q2-update.win32_1.4.0.202007081208/tools/bin/../lib/gcc/arm-none-eabi/7.3.1/../../../../arm-none-eabi/lib/thumb/v7-m\libc_nano.a(lib_a-impure.o)
 .rodata._global_impure_ptr
                0x0000000000000000        0x4 c:/st/stm32cubeide_1.4.0/stm32cubeide/plugins/com.st.stm32cube.ide.mcu.externaltools.gnu-tools-for-stm32.7-2018-q2-update.win32_1.4.0.202007081208/tools/bin/../lib/gcc/arm-none-eabi/7.3.1/../../../../arm-none-eabi/lib/thumb/v7-m\libc_nano.a(lib_a-impure.o)
 .ARM.attributes
                0x0000000000000000       0x2d c:/st/stm32cubeide_1.4.0/stm32cubeide/plugins/com.st.stm32cube.ide.mcu.externaltools.gnu-tools-for-stm32.7-2018-q2-update.win32_1.4.0.202007081208/tools/bin/../lib/gcc/arm-none-eabi/7.3.1/../../../../arm-none-eabi/lib/thumb/v7-m\libc_nano.a(lib_a-impure.o)
 .text          0x0000000000000000        0x0 c:/st/stm32cubeide_1.4.0/stm32cubeide/plugins/com.st.stm32cube.ide.mcu.externaltools.gnu-tools-for-stm32.7-2018-q2-update.win32_1.4.0.202007081208/tools/bin/../lib/gcc/arm-none-eabi/7.3.1/../../../../arm-none-eabi/lib/thumb/v7-m\libc_nano.a(lib_a-init.o)
 .data          0x0000000000000000        0x0 c:/st/stm32cubeide_1.4.0/stm32cubeide/plugins/com.st.stm32cube.ide.mcu.externaltools.gnu-tools-for-stm32.7-2018-q2-update.win32_1.4.0.202007081208/tools/bin/../lib/gcc/arm-none-eabi/7.3.1/../../../../arm-none-eabi/lib/thumb/v7-m\libc_nano.a(lib_a-init.o)
 .bss           0x0000000000000000        0x0 c:/st/stm32cubeide_1.4.0/stm32cubeide/plugins/com.st.stm32cube.ide.mcu.externaltools.gnu-tools-for-stm32.7-2018-q2-update.win32_1.4.0.202007081208/tools/bin/../lib/gcc/arm-none-eabi/7.3.1/../../../../arm-none-eabi/lib/thumb/v7-m\libc_nano.a(lib_a-init.o)
 .text          0x0000000000000000        0x0 c:/st/stm32cubeide_1.4.0/stm32cubeide/plugins/com.st.stm32cube.ide.mcu.externaltools.gnu-tools-for-stm32.7-2018-q2-update.win32_1.4.0.202007081208/tools/bin/../lib/gcc/arm-none-eabi/7.3.1/../../../../arm-none-eabi/lib/thumb/v7-m\libc_nano.a(lib_a-memset.o)
 .data          0x0000000000000000        0x0 c:/st/stm32cubeide_1.4.0/stm32cubeide/plugins/com.st.stm32cube.ide.mcu.externaltools.gnu-tools-for-stm32.7-2018-q2-update.win32_1.4.0.202007081208/tools/bin/../lib/gcc/arm-none-eabi/7.3.1/../../../../arm-none-eabi/lib/thumb/v7-m\libc_nano.a(lib_a-memset.o)
 .bss           0x0000000000000000        0x0 c:/st/stm32cubeide_1.4.0/stm32cubeide/plugins/com.st.stm32cube.ide.mcu.externaltools.gnu-tools-for-stm32.7-2018-q2-update.win32_1.4.0.202007081208/tools/bin/../lib/gcc/arm-none-eabi/7.3.1/../../../../arm-none-eabi/lib/thumb/v7-m\libc_nano.a(lib_a-memset.o)
 .text.memset   0x0000000000000000       0x10 c:/st/stm32cubeide_1.4.0/stm32cubeide/plugins/com.st.stm32cube.ide.mcu.externaltools.gnu-tools-for-stm32.7-2018-q2-update.win32_1.4.0.202007081208/tools/bin/../lib/gcc/arm-none-eabi/7.3.1/../../../../arm-none-eabi/lib/thumb/v7-m\libc_nano.a(lib_a-memset.o)
 .debug_frame   0x0000000000000000       0x20 c:/st/stm32cubeide_1.4.0/stm32cubeide/plugins/com.st.stm32cube.ide.mcu.externaltools.gnu-tools-for-stm32.7-2018-q2-update.win32_1.4.0.202007081208/tools/bin/../lib/gcc/arm-none-eabi/7.3.1/../../../../arm-none-eabi/lib/thumb/v7-m\libc_nano.a(lib_a-memset.o)
 .ARM.attributes
                0x0000000000000000       0x2d c:/st/stm32cubeide_1.4.0/stm32cubeide/plugins/com.st.stm32cube.ide.mcu.externaltools.gnu-tools-for-stm32.7-2018-q2-update.win32_1.4.0.202007081208/tools/bin/../lib/gcc/arm-none-eabi/7.3.1/../../../../arm-none-eabi/lib/thumb/v7-m\libc_nano.a(lib_a-memset.o)
 .text          0x0000000000000000        0x0 c:/st/stm32cubeide_1.4.0/stm32cubeide/plugins/com.st.stm32cube.ide.mcu.externaltools.gnu-tools-for-stm32.7-2018-q2-update.win32_1.4.0.202007081208/tools/bin/../lib/gcc/arm-none-eabi/7.3.1/thumb/v7-m/crtend.o
 .data          0x0000000000000000        0x0 c:/st/stm32cubeide_1.4.0/stm32cubeide/plugins/com.st.stm32cube.ide.mcu.externaltools.gnu-tools-for-stm32.7-2018-q2-update.win32_1.4.0.202007081208/tools/bin/../lib/gcc/arm-none-eabi/7.3.1/thumb/v7-m/crtend.o
 .bss           0x0000000000000000        0x0 c:/st/stm32cubeide_1.4.0/stm32cubeide/plugins/com.st.stm32cube.ide.mcu.externaltools.gnu-tools-for-stm32.7-2018-q2-update.win32_1.4.0.202007081208/tools/bin/../lib/gcc/arm-none-eabi/7.3.1/thumb/v7-m/crtend.o
 .eh_frame      0x0000000000000000        0x4 c:/st/stm32cubeide_1.4.0/stm32cubeide/plugins/com.st.stm32cube.ide.mcu.externaltools.gnu-tools-for-stm32.7-2018-q2-update.win32_1.4.0.202007081208/tools/bin/../lib/gcc/arm-none-eabi/7.3.1/thumb/v7-m/crtend.o
 .ARM.attributes
                0x0000000000000000       0x2d c:/st/stm32cubeide_1.4.0/stm32cubeide/plugins/com.st.stm32cube.ide.mcu.externaltools.gnu-tools-for-stm32.7-2018-q2-update.win32_1.4.0.202007081208/tools/bin/../lib/gcc/arm-none-eabi/7.3.1/thumb/v7-m/crtend.o
 .text          0x0000000000000000        0x0 c:/st/stm32cubeide_1.4.0/stm32cubeide/plugins/com.st.stm32cube.ide.mcu.externaltools.gnu-tools-for-stm32.7-2018-q2-update.win32_1.4.0.202007081208/tools/bin/../lib/gcc/arm-none-eabi/7.3.1/thumb/v7-m/crtn.o
 .data          0x0000000000000000        0x0 c:/st/stm32cubeide_1.4.0/stm32cubeide/plugins/com.st.stm32cube.ide.mcu.externaltools.gnu-tools-for-stm32.7-2018-q2-update.win32_1.4.0.202007081208/tools/bin/../lib/gcc/arm-none-eabi/7.3.1/thumb/v7-m/crtn.o
 .bss           0x0000000000000000        0x0 c:/st/stm32cubeide_1.4.0/stm32cubeide/plugins/com.st.stm32cube.ide.mcu.externaltools.gnu-tools-for-stm32.7-2018-q2-update.win32_1.4.0.202007081208/tools/bin/../lib/gcc/arm-none-eabi/7.3.1/thumb/v7-m/crtn.o

Memory Configuration

Name             Origin             Length             Attributes
RAM              0x0000000020000000 0x0000000000002800 xrw
ROM              0x0000000008000000 0x0000000000008000 xr
*default*        0x0000000000000000 0xffffffffffffffff

Linker script and memory map

LOAD c:/st/stm32cubeide_1.4.0/stm32cubeide/plugins/com.st.stm32cube.ide.mcu.externaltools.gnu-tools-for-stm32.7-2018-q2-update.win32_1.4.0.202007081208/tools/bin/../lib/gcc/arm-none-eabi/7.3.1/thumb/v7-m/crti.o
LOAD c:/st/stm32cubeide_1.4.0/stm32cubeide/plugins/com.st.stm32cube.ide.mcu.externaltools.gnu-tools-for-stm32.7-2018-q2-update.win32_1.4.0.202007081208/tools/bin/../lib/gcc/arm-none-eabi/7.3.1/thumb/v7-m/crtbegin.o
LOAD c:/st/stm32cubeide_1.4.0/stm32cubeide/plugins/com.st.stm32cube.ide.mcu.externaltools.gnu-tools-for-stm32.7-2018-q2-update.win32_1.4.0.202007081208/tools/bin/../lib/gcc/arm-none-eabi/7.3.1/../../../../arm-none-eabi/lib/thumb/v7-m/crt0.o
LOAD HAL/LCD.o
LOAD HAL/SevenSegment.o
LOAD HAL/keypad.o
LOAD MCAL/EXTI.o
LOAD MCAL/GPIO.o
LOAD MCAL/RCC.o
LOAD MCAL/SPI.o
LOAD MCAL/USART.o
LOAD Src/main.o
LOAD Src/syscalls.o
LOAD Src/sysmem.o
LOAD Startup/startup_stm32f103c6tx.o
START GROUP
LOAD c:/st/stm32cubeide_1.4.0/stm32cubeide/plugins/com.st.stm32cube.ide.mcu.externaltools.gnu-tools-for-stm32.7-2018-q2-update.win32_1.4.0.202007081208/tools/bin/../lib/gcc/arm-none-eabi/7.3.1/../../../../arm-none-eabi/lib/thumb/v7-m\libc_nano.a
LOAD c:/st/stm32cubeide_1.4.0/stm32cubeide/plugins/com.st.stm32cube.ide.mcu.externaltools.gnu-tools-for-stm32.7-2018-q2-update.win32_1.4.0.202007081208/tools/bin/../lib/gcc/arm-none-eabi/7.3.1/../../../../arm-none-eabi/lib/thumb/v7-m\libm.a
END GROUP
START GROUP
LOAD c:/st/stm32cubeide_1.4.0/stm32cubeide/plugins/com.st.stm32cube.ide.mcu.externaltools.gnu-tools-for-stm32.7-2018-q2-update.win32_1.4.0.202007081208/tools/bin/../lib/gcc/arm-none-eabi/7.3.1/thumb/v7-m\libgcc.a
LOAD c:/st/stm32cubeide_1.4.0/stm32cubeide/plugins/com.st.stm32cube.ide.mcu.externaltools.gnu-tools-for-stm32.7-2018-q2-update.win32_1.4.0.202007081208/tools/bin/../lib/gcc/arm-none-eabi/7.3.1/../../../../arm-none-eabi/lib/thumb/v7-m\libg_nano.a
LOAD c:/st/stm32cubeide_1.4.0/stm32cubeide/plugins/com.st.stm32cube.ide.mcu.externaltools.gnu-tools-for-stm32.7-2018-q2-update.win32_1.4.0.202007081208/tools/bin/../lib/gcc/arm-none-eabi/7.3.1/../../../../arm-none-eabi/lib/thumb/v7-m\libc_nano.a
END GROUP
START GROUP
LOAD c:/st/stm32cubeide_1.4.0/stm32cubeide/plugins/com.st.stm32cube.ide.mcu.externaltools.gnu-tools-for-stm32.7-2018-q2-update.win32_1.4.0.202007081208/tools/bin/../lib/gcc/arm-none-eabi/7.3.1/thumb/v7-m\libgcc.a
LOAD c:/st/stm32cubeide_1.4.0/stm32cubeide/plugins/com.st.stm32cube.ide.mcu.externaltools.gnu-tools-for-stm32.7-2018-q2-update.win32_1.4.0.202007081208/tools/bin/../lib/gcc/arm-none-eabi/7.3.1/../../../../arm-none-eabi/lib/thumb/v7-m\libc_nano.a
LOAD c:/st/stm32cubeide_1.4.0/stm32cubeide/plugins/com.st.stm32cube.ide.mcu.externaltools.gnu-tools-for-stm32.7-2018-q2-update.win32_1.4.0.202007081208/tools/bin/../lib/gcc/arm-none-eabi/7.3.1/../../../../arm-none-eabi/lib/thumb/v7-m\libnosys.a
END GROUP
START GROUP
LOAD c:/st/stm32cubeide_1.4.0/stm32cubeide/plugins/com.st.stm32cube.ide.mcu.externaltools.gnu-tools-for-stm32.7-2018-q2-update.win32_1.4.0.202007081208/tools/bin/../lib/gcc/arm-none-eabi/7.3.1/thumb/v7-m\libgcc.a
LOAD c:/st/stm32cubeide_1.4.0/stm32cubeide/plugins/com.st.stm32cube.ide.mcu.externaltools.gnu-tools-for-stm32.7-2018-q2-update.win32_1.4.0.202007081208/tools/bin/../lib/gcc/arm-none-eabi/7.3.1/../../../../arm-none-eabi/lib/thumb/v7-m\libc_nano.a
LOAD c:/st/stm32cubeide_1.4.0/stm32cubeide/plugins/com.st.stm32cube.ide.mcu.externaltools.gnu-tools-for-stm32.7-2018-q2-update.win32_1.4.0.202007081208/tools/bin/../lib/gcc/arm-none-eabi/7.3.1/../../../../arm-none-eabi/lib/thumb/v7-m\libnosys.a
END GROUP
LOAD c:/st/stm32cubeide_1.4.0/stm32cubeide/plugins/com.st.stm32cube.ide.mcu.externaltools.gnu-tools-for-stm32.7-2018-q2-update.win32_1.4.0.202007081208/tools/bin/../lib/gcc/arm-none-eabi/7.3.1/thumb/v7-m/crtend.o
LOAD c:/st/stm32cubeide_1.4.0/stm32cubeide/plugins/com.st.stm32cube.ide.mcu.externaltools.gnu-tools-for-stm32.7-2018-q2-update.win32_1.4.0.202007081208/tools/bin/../lib/gcc/arm-none-eabi/7.3.1/thumb/v7-m/crtn.o
                0x0000000020002800                _estack = (ORIGIN (RAM) + LENGTH (RAM))
                0x0000000000000200                _Min_Heap_Size = 0x200
                0x0000000000000400                _Min_Stack_Size = 0x400

.isr_vector     0x0000000008000000      0x130
                0x0000000008000000                . = ALIGN (0x4)
 *(.isr_vector)
 .isr_vector    0x0000000008000000      0x130 Startup/startup_stm32f103c6tx.o
                0x0000000008000000                g_pfnVectors
                0x0000000008000130                . = ALIGN (0x4)

.text           0x0000000008000130     0x11e0
                0x0000000008000130                . = ALIGN (0x4)
 *(.text)
 .text          0x0000000008000130       0x40 c:/st/stm32cubeide_1.4.0/stm32cubeide/plugins/com.st.stm32cube.ide.mcu.externaltools.gnu-tools-for-stm32.7-2018-q2-update.win32_1.4.0.202007081208/tools/bin/../lib/gcc/arm-none-eabi/7.3.1/thumb/v7-m/crtbegin.o
 *(.text*)
 .text.EXTI_NVIC_EN
                0x0000000008000170       0xcc MCAL/EXTI.o
 .text.EXTI_NVIC_DIS
                0x000000000800023c       0xcc MCAL/EXTI.o
 .text.MCAL_EXTI_Init
                0x0000000008000308      0x1d0 MCAL/EXTI.o
                0x0000000008000308                MCAL_EXTI_Init
 .text.EXTI0_IRQHandler
                0x00000000080004d8       0x24 MCAL/EXTI.o
                0x00000000080004d8                EXTI0_IRQHandler
 .text.EXTI1_IRQHandler
                0x00000000080004fc       0x24 MCAL/EXTI.o
                0x00000000080004fc                EXTI1_IRQHandler
 .text.EXTI2_IRQHandler
                0x0000000008000520       0x24 MCAL/EXTI.o
                0x0000000008000520                EXTI2_IRQHandler
 .text.EXTI3_IRQHandler
                0x0000000008000544       0x24 MCAL/EXTI.o
                0x0000000008000544                EXTI3_IRQHandler
 .text.EXTI4_IRQHandler
                0x0000000008000568       0x24 MCAL/EXTI.o
                0x0000000008000568                EXTI4_IRQHandler
 .text.EXTI9_5_IRQHandler
                0x000000000800058c       0xa8 MCAL/EXTI.o
                0x000000000800058c                EXTI9_5_IRQHandler
 .text.EXTI15_10_IRQHandler
                0x0000000008000634       0xa8 MCAL/EXTI.o
                0x0000000008000634                EXTI15_10_IRQHandler
 .text.Get_CRx_Position
                0x00000000080006dc       0xc6 MCAL/GPIO.o
 *fill*         0x00000000080007a2        0x2 
 .text.MCAL_GPIO_Init
                0x00000000080007a4      0x214 MCAL/GPIO.o
                0x00000000080007a4                MCAL_GPIO_Init
 .text.MCAL_GPIO_WritePin
                0x00000000080009b8       0x32 MCAL/GPIO.o
                0x00000000080009b8                MCAL_GPIO_WritePin
 *fill*         0x00000000080009ea        0x2 
 .text.MCAL_RCC_SYSCLK
                0x00000000080009ec       0x48 MCAL/RCC.o
                0x00000000080009ec                MCAL_RCC_SYSCLK
 .text.MCAL_RCC_HCLK
                0x0000000008000a34       0x28 MCAL/RCC.o
                0x0000000008000a34                MCAL_RCC_HCLK
 .text.MCAL_RCC_PCLK1
                0x0000000008000a5c       0x28 MCAL/RCC.o
                0x0000000008000a5c                MCAL_RCC_PCLK1
 .text.MCAL_RCC_PCLK2
                0x0000000008000a84       0x28 MCAL/RCC.o
                0x0000000008000a84                MCAL_RCC_PCLK2
 .text.SPI1_IRQHandler
                0x0000000008000aac       0x14 MCAL/SPI.o
                0x0000000008000aac                SPI1_IRQHandler
 .text.SPI2_IRQHandler
                0x0000000008000ac0       0x14 MCAL/SPI.o
                0x0000000008000ac0                SPI2_IRQHandler
 .text.MCAL_UART_Init
                0x0000000008000ad4      0x1b8 MCAL/USART.o
                0x0000000008000ad4                MCAL_UART_Init
 .text.MCAL_UART_GPIO_SetPins
                0x0000000008000c8c      0x214 MCAL/USART.o
                0x0000000008000c8c                MCAL_UART_GPIO_SetPins
 .text.MCAL_UART_Transmit
                0x0000000008000ea0       0x58 MCAL/USART.o
                0x0000000008000ea0                MCAL_UART_Transmit
 .text.MCAL_UART_Receive
                0x0000000008000ef8       0x92 MCAL/USART.o
                0x0000000008000ef8                MCAL_UART_Receive
 *fill*         0x0000000008000f8a        0x2 
 .text.USART1_IRQHandler
                0x0000000008000f8c       0x14 MCAL/USART.o
                0x0000000008000f8c                USART1_IRQHandler
 .text.USART2_IRQHandler
                0x0000000008000fa0       0x14 MCAL/USART.o
                0x0000000008000fa0                USART2_IRQHandler
 .text.USART3_IRQHandler
                0x0000000008000fb4       0x14 MCAL/USART.o
                0x0000000008000fb4                USART3_IRQHandler
 .text.main     0x0000000008000fc8        0xa Src/main.o
                0x0000000008000fc8                main
 *fill*         0x0000000008000fd2        0x2 
 .text.CloseALL
                0x0000000008000fd4       0x50 Src/main.o
                0x0000000008000fd4                CloseALL
 .text.setup    0x0000000008001024      0x11c Src/main.o
                0x0000000008001024                setup
 .text.SetColor
                0x0000000008001140       0xa4 Src/main.o
                0x0000000008001140                SetColor
 .text.NextColor
                0x00000000080011e4       0x34 Src/main.o
                0x00000000080011e4                NextColor
 .text.SendColor
                0x0000000008001218       0x1c Src/main.o
                0x0000000008001218                SendColor
 .text.UART1_IRQ_CallBack
                0x0000000008001234       0x28 Src/main.o
                0x0000000008001234                UART1_IRQ_CallBack
 .text.Reset_Handler
                0x000000000800125c       0x50 Startup/startup_stm32f103c6tx.o
                0x000000000800125c                Reset_Handler
 .text.Default_Handler
                0x00000000080012ac        0x2 Startup/startup_stm32f103c6tx.o
                0x00000000080012ac                TIM8_TRG_COM_IRQHandler
                0x00000000080012ac                TIM8_CC_IRQHandler
                0x00000000080012ac                DebugMon_Handler
                0x00000000080012ac                TIM1_CC_IRQHandler
                0x00000000080012ac                HardFault_Handler
                0x00000000080012ac                TIM6_IRQHandler
                0x00000000080012ac                SysTick_Handler
                0x00000000080012ac                PVD_IRQHandler
                0x00000000080012ac                SDIO_IRQHandler
                0x00000000080012ac                PendSV_Handler
                0x00000000080012ac                NMI_Handler
                0x00000000080012ac                USB_HP_CAN_TX_IRQHandler
                0x00000000080012ac                I2C2_EV_IRQHandler
                0x00000000080012ac                UsageFault_Handler
                0x00000000080012ac                ADC1_2_IRQHandler
                0x00000000080012ac                CAN_SCE_IRQHandler
                0x00000000080012ac                TAMPER_IRQHandler
                0x00000000080012ac                TIM8_UP_IRQHandler
                0x00000000080012ac                DMA2_Channel2_IRQHandler
                0x00000000080012ac                DMA1_Channel4_IRQHandler
                0x00000000080012ac                RTC_IRQHandler
                0x00000000080012ac                DMA1_Channel7_IRQHandler
                0x00000000080012ac                UART5_IRQHandler
                0x00000000080012ac                ADC3_IRQHandler
                0x00000000080012ac                TIM4_IRQHandler
                0x00000000080012ac                CAN_RX1_IRQHandler
                0x00000000080012ac                DMA2_Channel1_IRQHandler
                0x00000000080012ac                I2C1_EV_IRQHandler
                0x00000000080012ac                DMA1_Channel6_IRQHandler
                0x00000000080012ac                UART4_IRQHandler
                0x00000000080012ac                TIM3_IRQHandler
                0x00000000080012ac                RCC_IRQHandler
                0x00000000080012ac                TIM1_TRG_COM_IRQHandler
                0x00000000080012ac                DMA1_Channel1_IRQHandler
                0x00000000080012ac                Default_Handler
                0x00000000080012ac                TIM7_IRQHandler
                0x00000000080012ac                TIM5_IRQHandler
                0x00000000080012ac                USB_LP_CAN_RX0_IRQHandler
                0x00000000080012ac                MemManage_Handler
                0x00000000080012ac                SVC_Handler
                0x00000000080012ac                DMA1_Channel5_IRQHandler
                0x00000000080012ac                DMA1_Channel3_IRQHandler
                0x00000000080012ac                FSMC_IRQHandler
                0x00000000080012ac                TIM1_UP_IRQHandler
                0x00000000080012ac                WWDG_IRQHandler
                0x00000000080012ac                TIM2_IRQHandler
                0x00000000080012ac                TIM1_BRK_IRQHandler
                0x00000000080012ac                RTCAlarm_IRQHandler
                0x00000000080012ac                DMA2_Channel4_5_IRQHandler
                0x00000000080012ac                I2C2_ER_IRQHandler
                0x00000000080012ac                DMA1_Channel2_IRQHandler
                0x00000000080012ac                TIM8_BRK_IRQHandler
                0x00000000080012ac                FLASH_IRQHandler
                0x00000000080012ac                BusFault_Handler
                0x00000000080012ac                SPI3_IRQHandler
                0x00000000080012ac                I2C1_ER_IRQHandler
                0x00000000080012ac                DMA2_Channel3_IRQHandler
 *fill*         0x00000000080012ae        0x2 
 .text.__libc_init_array
                0x00000000080012b0       0x48 c:/st/stm32cubeide_1.4.0/stm32cubeide/plugins/com.st.stm32cube.ide.mcu.externaltools.gnu-tools-for-stm32.7-2018-q2-update.win32_1.4.0.202007081208/tools/bin/../lib/gcc/arm-none-eabi/7.3.1/../../../../arm-none-eabi/lib/thumb/v7-m\libc_nano.a(lib_a-init.o)
                0x00000000080012b0                __libc_init_array
 *(.glue_7)
 .glue_7        0x00000000080012f8        0x0 linker stubs
 *(.glue_7t)
 .glue_7t       0x00000000080012f8        0x0 linker stubs
 *(.eh_frame)
 .eh_frame      0x00000000080012f8        0x0 c:/st/stm32cubeide_1.4.0/stm32cubeide/plugins/com.st.stm32cube.ide.mcu.externaltools.gnu-tools-for-stm32.7-2018-q2-update.win32_1.4.0.202007081208/tools/bin/../lib/gcc/arm-none-eabi/7.3.1/thumb/v7-m/crtbegin.o
 *(.init)
 .init          0x00000000080012f8        0x4 c:/st/stm32cubeide_1.4.0/stm32cubeide/plugins/com.st.stm32cube.ide.mcu.externaltools.gnu-tools-for-stm32.7-2018-q2-update.win32_1.4.0.202007081208/tools/bin/../lib/gcc/arm-none-eabi/7.3.1/thumb/v7-m/crti.o
                0x00000000080012f8                _init
 .init          0x00000000080012fc        0x8 c:/st/stm32cubeide_1.4.0/stm32cubeide/plugins/com.st.stm32cube.ide.mcu.externaltools.gnu-tools-for-stm32.7-2018-q2-update.win32_1.4.0.202007081208/tools/bin/../lib/gcc/arm-none-eabi/7.3.1/thumb/v7-m/crtn.o
 *(.fini)
 .fini          0x0000000008001304        0x4 c:/st/stm32cubeide_1.4.0/stm32cubeide/plugins/com.st.stm32cube.ide.mcu.externaltools.gnu-tools-for-stm32.7-2018-q2-update.win32_1.4.0.202007081208/tools/bin/../lib/gcc/arm-none-eabi/7.3.1/thumb/v7-m/crti.o
                0x0000000008001304                _fini
 .fini          0x0000000008001308        0x8 c:/st/stm32cubeide_1.4.0/stm32cubeide/plugins/com.st.stm32cube.ide.mcu.externaltools.gnu-tools-for-stm32.7-2018-q2-update.win32_1.4.0.202007081208/tools/bin/../lib/gcc/arm-none-eabi/7.3.1/thumb/v7-m/crtn.o
                0x0000000008001310                . = ALIGN (0x4)
                0x0000000008001310                _etext = .

.vfp11_veneer   0x0000000008001310        0x0
 .vfp11_veneer  0x0000000008001310        0x0 linker stubs

.v4_bx          0x0000000008001310        0x0
 .v4_bx         0x0000000008001310        0x0 linker stubs

.iplt           0x0000000008001310        0x0
 .iplt          0x0000000008001310        0x0 c:/st/stm32cubeide_1.4.0/stm32cubeide/plugins/com.st.stm32cube.ide.mcu.externaltools.gnu-tools-for-stm32.7-2018-q2-update.win32_1.4.0.202007081208/tools/bin/../lib/gcc/arm-none-eabi/7.3.1/thumb/v7-m/crtbegin.o

.rodata         0x0000000008001310       0x78
                0x0000000008001310                . = ALIGN (0x4)
 *(.rodata)
 .rodata        0x0000000008001310       0x60 MCAL/USART.o
 *(.rodata*)
 .rodata.g_APB_Prescaler_Table
                0x0000000008001370        0x8 MCAL/RCC.o
 .rodata.g_AHB_Prescaler_Table
                0x0000000008001378       0x10 MCAL/RCC.o
                0x0000000008001388                . = ALIGN (0x4)

.rel.dyn        0x0000000008001388        0x0
 .rel.iplt      0x0000000008001388        0x0 c:/st/stm32cubeide_1.4.0/stm32cubeide/plugins/com.st.stm32cube.ide.mcu.externaltools.gnu-tools-for-stm32.7-2018-q2-update.win32_1.4.0.202007081208/tools/bin/../lib/gcc/arm-none-eabi/7.3.1/thumb/v7-m/crtbegin.o

.ARM.extab      0x0000000008001388        0x0
                0x0000000008001388                . = ALIGN (0x4)
 *(.ARM.extab* .gnu.linkonce.armextab.*)
                0x0000000008001388                . = ALIGN (0x4)

.ARM            0x0000000008001388        0x0
                0x0000000008001388                . = ALIGN (0x4)
                0x0000000008001388                __exidx_start = .
 *(.ARM.exidx*)
                0x0000000008001388                __exidx_end = .
                0x0000000008001388                . = ALIGN (0x4)

.preinit_array  0x0000000008001388        0x0
                0x0000000008001388                . = ALIGN (0x4)
                0x0000000008001388                PROVIDE (__preinit_array_start = .)
 *(.preinit_array*)
                0x0000000008001388                PROVIDE (__preinit_array_end = .)
                0x0000000008001388                . = ALIGN (0x4)

.init_array     0x0000000008001388        0x4
                0x0000000008001388                . = ALIGN (0x4)
                0x0000000008001388                PROVIDE (__init_array_start = .)
 *(SORT_BY_NAME(.init_array.*))
 *(.init_array*)
 .init_array    0x0000000008001388        0x4 c:/st/stm32cubeide_1.4.0/stm32cubeide/plugins/com.st.stm32cube.ide.mcu.externaltools.gnu-tools-for-stm32.7-2018-q2-update.win32_1.4.0.202007081208/tools/bin/../lib/gcc/arm-none-eabi/7.3.1/thumb/v7-m/crtbegin.o
                0x000000000800138c                PROVIDE (__init_array_end = .)
                0x000000000800138c                . = ALIGN (0x4)

.fini_array     0x000000000800138c        0x4
                0x000000000800138c                . = ALIGN (0x4)
                [!provide]                        PROVIDE (__fini_array_start = .)
 *(SORT_BY_NAME(.fini_array.*))
 *(.fini_array*)
 .fini_array    0x000000000800138c        0x4 c:/st/stm32cubeide_1.4.0/stm32cubeide/plugins/com.st.stm32cube.ide.mcu.externaltools.gnu-tools-for-stm32.7-2018-q2-update.win32_1.4.0.202007081208/tools/bin/../lib/gcc/arm-none-eabi/7.3.1/thumb/v7-m/crtbegin.o
                [!provide]                        PROVIDE (__fini_array_end = .)
                0x0000000008001390                . = ALIGN (0x4)
                0x0000000008001390                _sidata = LOADADDR (.data)

.data           0x0000000020000000       0x34 load address 0x0000000008001390
                0x0000000020000000                . = ALIGN (0x4)
                0x0000000020000000                _sdata = .
 *(.data)
 *(.data*)
 .data.Led_Number
                0x0000000020000000        0x2 Src/main.o
                0x0000000020000000                Led_Number
 *fill*         0x0000000020000002        0x2 
 .data.LED1     0x0000000020000004        0x8 Src/main.o
                0x0000000020000004                LED1
 .data.LED2     0x000000002000000c        0x8 Src/main.o
                0x000000002000000c                LED2
 .data.LED3     0x0000000020000014        0x8 Src/main.o
                0x0000000020000014                LED3
 .data.LED4     0x000000002000001c        0x8 Src/main.o
                0x000000002000001c                LED4
 .data.LED5     0x0000000020000024        0x8 Src/main.o
                0x0000000020000024                LED5
 .data.LED6     0x000000002000002c        0x8 Src/main.o
                0x000000002000002c                LED6
                0x0000000020000034                . = ALIGN (0x4)
                0x0000000020000034                _edata = .

.igot.plt       0x0000000020000034        0x0 load address 0x00000000080013c4
 .igot.plt      0x0000000020000034        0x0 c:/st/stm32cubeide_1.4.0/stm32cubeide/plugins/com.st.stm32cube.ide.mcu.externaltools.gnu-tools-for-stm32.7-2018-q2-update.win32_1.4.0.202007081208/tools/bin/../lib/gcc/arm-none-eabi/7.3.1/thumb/v7-m/crtbegin.o
                0x0000000020000034                . = ALIGN (0x4)

.bss            0x0000000020000034       0xc0 load address 0x00000000080013c4
                0x0000000020000034                _sbss = .
                0x0000000020000034                __bss_start__ = _sbss
 *(.bss)
 .bss           0x0000000020000034       0x1c c:/st/stm32cubeide_1.4.0/stm32cubeide/plugins/com.st.stm32cube.ide.mcu.externaltools.gnu-tools-for-stm32.7-2018-q2-update.win32_1.4.0.202007081208/tools/bin/../lib/gcc/arm-none-eabi/7.3.1/thumb/v7-m/crtbegin.o
 *(.bss*)
 .bss.g_IRQ_CallBackPtr
                0x0000000020000050       0x3c MCAL/EXTI.o
 .bss.GPIO_CLK_InitFlag.4221
                0x000000002000008c        0x5 MCAL/GPIO.o
 *fill*         0x0000000020000091        0x3 
 .bss.g_IRQ_CallBackPtr
                0x0000000020000094        0x8 MCAL/SPI.o
 .bss.g_IRQ_CallBackPtr
                0x000000002000009c        0xc MCAL/USART.o
 *(COMMON)
 COMMON         0x00000000200000a8       0x4c Src/main.o
                0x00000000200000a8                uart1
                0x00000000200000cc                Button_changeColor
                0x00000000200000e0                Button_sendColor
                0x00000000200000f4                . = ALIGN (0x4)
                0x00000000200000f4                _ebss = .
                0x00000000200000f4                __bss_end__ = _ebss

._user_heap_stack
                0x00000000200000f4      0x604 load address 0x00000000080013c4
                0x00000000200000f8                . = ALIGN (0x8)
 *fill*         0x00000000200000f4        0x4 
                [!provide]                        PROVIDE (end = .)
                0x00000000200000f8                PROVIDE (_end = .)
                0x00000000200002f8                . = (. + _Min_Heap_Size)
 *fill*         0x00000000200000f8      0x200 
                0x00000000200006f8                . = (. + _Min_Stack_Size)
 *fill*         0x00000000200002f8      0x400 
                0x00000000200006f8                . = ALIGN (0x8)

/DISCARD/
 libc.a(*)
 libm.a(*)
 libgcc.a(*)

.ARM.attributes
                0x0000000000000000       0x29
 *(.ARM.attributes)
 .ARM.attributes
                0x0000000000000000       0x1d c:/st/stm32cubeide_1.4.0/stm32cubeide/plugins/com.st.stm32cube.ide.mcu.externaltools.gnu-tools-for-stm32.7-2018-q2-update.win32_1.4.0.202007081208/tools/bin/../lib/gcc/arm-none-eabi/7.3.1/thumb/v7-m/crti.o
 .ARM.attributes
                0x000000000000001d       0x2d c:/st/stm32cubeide_1.4.0/stm32cubeide/plugins/com.st.stm32cube.ide.mcu.externaltools.gnu-tools-for-stm32.7-2018-q2-update.win32_1.4.0.202007081208/tools/bin/../lib/gcc/arm-none-eabi/7.3.1/thumb/v7-m/crtbegin.o
 .ARM.attributes
                0x000000000000004a       0x33 MCAL/EXTI.o
 .ARM.attributes
                0x000000000000007d       0x33 MCAL/GPIO.o
 .ARM.attributes
                0x00000000000000b0       0x33 MCAL/RCC.o
 .ARM.attributes
                0x00000000000000e3       0x33 MCAL/SPI.o
 .ARM.attributes
                0x0000000000000116       0x33 MCAL/USART.o
 .ARM.attributes
                0x0000000000000149       0x33 Src/main.o
 .ARM.attributes
                0x000000000000017c       0x21 Startup/startup_stm32f103c6tx.o
 .ARM.attributes
                0x000000000000019d       0x2d c:/st/stm32cubeide_1.4.0/stm32cubeide/plugins/com.st.stm32cube.ide.mcu.externaltools.gnu-tools-for-stm32.7-2018-q2-update.win32_1.4.0.202007081208/tools/bin/../lib/gcc/arm-none-eabi/7.3.1/../../../../arm-none-eabi/lib/thumb/v7-m\libc_nano.a(lib_a-init.o)
 .ARM.attributes
                0x00000000000001ca       0x1d c:/st/stm32cubeide_1.4.0/stm32cubeide/plugins/com.st.stm32cube.ide.mcu.externaltools.gnu-tools-for-stm32.7-2018-q2-update.win32_1.4.0.202007081208/tools/bin/../lib/gcc/arm-none-eabi/7.3.1/thumb/v7-m/crtn.o
OUTPUT(STM32.elf elf32-littlearm)

.debug_info     0x0000000000000000     0x1bd2
 .debug_info    0x0000000000000000      0x44e MCAL/EXTI.o
 .debug_info    0x000000000000044e      0x407 MCAL/GPIO.o
 .debug_info    0x0000000000000855      0x200 MCAL/RCC.o
 .debug_info    0x0000000000000a55      0x633 MCAL/SPI.o
 .debug_info    0x0000000000001088      0x696 MCAL/USART.o
 .debug_info    0x000000000000171e      0x492 Src/main.o
 .debug_info    0x0000000000001bb0       0x22 Startup/startup_stm32f103c6tx.o

.debug_abbrev   0x0000000000000000      0x80c
 .debug_abbrev  0x0000000000000000      0x16e MCAL/EXTI.o
 .debug_abbrev  0x000000000000016e      0x154 MCAL/GPIO.o
 .debug_abbrev  0x00000000000002c2       0xca MCAL/RCC.o
 .debug_abbrev  0x000000000000038c      0x1ab MCAL/SPI.o
 .debug_abbrev  0x0000000000000537      0x196 MCAL/USART.o
 .debug_abbrev  0x00000000000006cd      0x12d Src/main.o
 .debug_abbrev  0x00000000000007fa       0x12 Startup/startup_stm32f103c6tx.o

.debug_loc      0x0000000000000000      0xd6e
 .debug_loc     0x0000000000000000      0x280 MCAL/EXTI.o
 .debug_loc     0x0000000000000280      0x330 MCAL/GPIO.o
 .debug_loc     0x00000000000005b0       0xc8 MCAL/RCC.o
 .debug_loc     0x0000000000000678      0x308 MCAL/SPI.o
 .debug_loc     0x0000000000000980      0x296 MCAL/USART.o
 .debug_loc     0x0000000000000c16      0x158 Src/main.o

.debug_aranges  0x0000000000000000      0x248
 .debug_aranges
                0x0000000000000000       0x70 MCAL/EXTI.o
 .debug_aranges
                0x0000000000000070       0x60 MCAL/GPIO.o
 .debug_aranges
                0x00000000000000d0       0x38 MCAL/RCC.o
 .debug_aranges
                0x0000000000000108       0x68 MCAL/SPI.o
 .debug_aranges
                0x0000000000000170       0x60 MCAL/USART.o
 .debug_aranges
                0x00000000000001d0       0x50 Src/main.o
 .debug_aranges
                0x0000000000000220       0x28 Startup/startup_stm32f103c6tx.o

.debug_ranges   0x0000000000000000      0x1e0
 .debug_ranges  0x0000000000000000       0x60 MCAL/EXTI.o
 .debug_ranges  0x0000000000000060       0x50 MCAL/GPIO.o
 .debug_ranges  0x00000000000000b0       0x28 MCAL/RCC.o
 .debug_ranges  0x00000000000000d8       0x58 MCAL/SPI.o
 .debug_ranges  0x0000000000000130       0x50 MCAL/USART.o
 .debug_ranges  0x0000000000000180       0x40 Src/main.o
 .debug_ranges  0x00000000000001c0       0x20 Startup/startup_stm32f103c6tx.o

.debug_macro    0x0000000000000000      0x93f
 .debug_macro   0x0000000000000000       0x54 MCAL/EXTI.o
 .debug_macro   0x0000000000000054       0xd6 MCAL/EXTI.o
 .debug_macro   0x000000000000012a      0x2b7 MCAL/EXTI.o
 .debug_macro   0x00000000000003e1       0x45 MCAL/GPIO.o
 .debug_macro   0x0000000000000426       0x45 MCAL/RCC.o
 .debug_macro   0x000000000000046b       0x10 MCAL/RCC.o
 .debug_macro   0x000000000000047b       0x4e MCAL/SPI.o
 .debug_macro   0x00000000000004c9       0xcd MCAL/SPI.o
 .debug_macro   0x0000000000000596       0x57 MCAL/USART.o
 .debug_macro   0x00000000000005ed       0x16 MCAL/USART.o
 .debug_macro   0x0000000000000603       0xbe MCAL/USART.o
 .debug_macro   0x00000000000006c1       0xa1 Src/main.o
 .debug_macro   0x0000000000000762       0xd3 Src/main.o
 .debug_macro   0x0000000000000835       0x70 Src/main.o
 .debug_macro   0x00000000000008a5       0x9a Src/main.o

.debug_line     0x0000000000000000      0xc06
 .debug_line    0x0000000000000000      0x23f MCAL/EXTI.o
 .debug_line    0x000000000000023f      0x206 MCAL/GPIO.o
 .debug_line    0x0000000000000445       0xf0 MCAL/RCC.o
 .debug_line    0x0000000000000535      0x211 MCAL/SPI.o
 .debug_line    0x0000000000000746      0x1f9 MCAL/USART.o
 .debug_line    0x000000000000093f      0x243 Src/main.o
 .debug_line    0x0000000000000b82       0x84 Startup/startup_stm32f103c6tx.o

.debug_str      0x0000000000000000     0x7e50
 .debug_str     0x0000000000000000     0x65f3 MCAL/EXTI.o
                                       0x667a (size before relaxing)
 .debug_str     0x00000000000065f3      0x150 MCAL/GPIO.o
                                       0x3f54 (size before relaxing)
 .debug_str     0x0000000000006743       0xbb MCAL/RCC.o
                                       0x3af9 (size before relaxing)
 .debug_str     0x00000000000067fe      0x6fc MCAL/SPI.o
                                       0x4553 (size before relaxing)
 .debug_str     0x0000000000006efa      0x687 MCAL/USART.o
                                       0x4545 (size before relaxing)
 .debug_str     0x0000000000007581      0x89e Src/main.o
                                       0x7710 (size before relaxing)
 .debug_str     0x0000000000007e1f       0x31 Startup/startup_stm32f103c6tx.o
                                         0x58 (size before relaxing)

.comment        0x0000000000000000       0x7b
 .comment       0x0000000000000000       0x7b MCAL/EXTI.o
                                         0x7c (size before relaxing)
 .comment       0x000000000000007b       0x7c MCAL/GPIO.o
 .comment       0x000000000000007b       0x7c MCAL/RCC.o
 .comment       0x000000000000007b       0x7c MCAL/SPI.o
 .comment       0x000000000000007b       0x7c MCAL/USART.o
 .comment       0x000000000000007b       0x7c Src/main.o

.debug_frame    0x0000000000000000      0x730
 .debug_frame   0x0000000000000000      0x168 MCAL/EXTI.o
 .debug_frame   0x0000000000000168      0x178 MCAL/GPIO.o
 .debug_frame   0x00000000000002e0       0x84 MCAL/RCC.o
 .debug_frame   0x0000000000000364      0x178 MCAL/SPI.o
 .debug_frame   0x00000000000004dc      0x14c MCAL/USART.o
 .debug_frame   0x0000000000000628       0xdc Src/main.o
 .debug_frame   0x0000000000000704       0x2c c:/st/stm32cubeide_1.4.0/stm32cubeide/plugins/com.st.stm32cube.ide.mcu.externaltools.gnu-tools-for-stm32.7-2018-q2-update.win32_1.4.0.202007081208/tools/bin/../lib/gcc/arm-none-eabi/7.3.1/../../../../arm-none-eabi/lib/thumb/v7-m\libc_nano.a(lib_a-init.o)
