
Memory Configuration

Name             Origin             Length             Attributes
FLASH            0x00000000         0x20000000
SRAM             0x20000000         0x20000000
*default*        0x00000000         0xffffffff

Linker script and memory map


.text           0x00000000      0x13c
 *(.vectors)
 .vectors       0x00000000       0x1c startup.o
                0x00000000                vectors
 *(.text)
 .text          0x0000001c       0xa0 app.o
                0x0000001c                SYSCTL_Config
                0x00000038                GPIO_Config
                0x00000064                main
 .text          0x000000bc       0x80 startup.o
                0x000000bc                Reset_Handler
                0x00000130                MM_Fault_Handler
                0x00000130                Bus_Fault_Handler
                0x00000130                Default_Handler
                0x00000130                Usage_Fault_Handler
                0x00000130                Hard_Fault_Handler
                0x00000130                NMI_Handler
 *(.rodata)
                0x0000013c                _E_TEXT = .

.glue_7         0x0000013c        0x0
 .glue_7        0x0000013c        0x0 linker stubs

.glue_7t        0x0000013c        0x0
 .glue_7t       0x0000013c        0x0 linker stubs

.vfp11_veneer   0x0000013c        0x0
 .vfp11_veneer  0x0000013c        0x0 linker stubs

.v4_bx          0x0000013c        0x0
 .v4_bx         0x0000013c        0x0 linker stubs

.iplt           0x0000013c        0x0
 .iplt          0x0000013c        0x0 app.o

.rel.dyn        0x0000013c        0x0
 .rel.iplt      0x0000013c        0x0 app.o

.data           0x20000000        0x0 load address 0x0000013c
                0x20000000                _S_DATA = .
 *(.data)
 .data          0x20000000        0x0 app.o
 .data          0x20000000        0x0 startup.o
                0x20000000                . = ALIGN (0x4)
                0x20000000                _E_DATA = .

.igot.plt       0x20000000        0x0 load address 0x0000013c
 .igot.plt      0x20000000        0x0 app.o

.bss            0x20000000      0x400 load address 0x0000013c
                0x20000000                _S_BSS = .
 *(.bss)
 .bss           0x20000000        0x0 app.o
 .bss           0x20000000      0x400 startup.o
                0x20000400                . = ALIGN (0x4)
                0x20000400                _E_BSS = .
LOAD app.o
LOAD startup.o
OUTPUT(Toggle_PF3.elf elf32-littlearm)

.debug_info     0x00000000      0x27e
 .debug_info    0x00000000       0xe4 app.o
 .debug_info    0x000000e4      0x19a startup.o

.debug_abbrev   0x00000000      0x147
 .debug_abbrev  0x00000000       0x7f app.o
 .debug_abbrev  0x0000007f       0xc8 startup.o

.debug_loc      0x00000000      0x13c
 .debug_loc     0x00000000       0xc0 app.o
 .debug_loc     0x000000c0       0x7c startup.o

.debug_aranges  0x00000000       0x40
 .debug_aranges
                0x00000000       0x20 app.o
 .debug_aranges
                0x00000020       0x20 startup.o

.debug_line     0x00000000       0xcc
 .debug_line    0x00000000       0x6f app.o
 .debug_line    0x0000006f       0x5d startup.o

.debug_str      0x00000000      0x1e1
 .debug_str     0x00000000      0x15a app.o
                                0x178 (size before relaxing)
 .debug_str     0x0000015a       0x87 startup.o
                                0x1d9 (size before relaxing)

.comment        0x00000000       0x7e
 .comment       0x00000000       0x7e app.o
                                 0x7f (size before relaxing)
 .comment       0x0000007e       0x7f startup.o

.ARM.attributes
                0x00000000       0x33
 .ARM.attributes
                0x00000000       0x33 app.o
 .ARM.attributes
                0x00000033       0x33 startup.o

.debug_frame    0x00000000       0xc0
 .debug_frame   0x00000000       0x70 app.o
 .debug_frame   0x00000070       0x50 startup.o
