
Allocating common symbols
Common symbol       size              file

arr1                0x4               app.o

Memory Configuration

Name             Origin             Length             Attributes
FLASH            0x08000000         0x00020000         xr
SRAM             0x20000000         0x00005000         xrw
*default*        0x00000000         0xffffffff

Linker script and memory map


.text           0x08000000      0x114
 *(.vectors*)
 .vectors       0x08000000       0x1c startup.o
                0x08000000                vectors
 *(.text)
 .text          0x0800001c       0x78 app.o
                0x0800001c                main
 .text          0x08000094       0x80 startup.o
                0x08000094                Bus_Fault_Handler
                0x08000094                MM_Fault_Handler
                0x08000094                Hard_Fault_Handler
                0x08000094                Default_Handler
                0x08000094                Usage_Fault_Handler
                0x08000094                NMI_Handler
                0x080000a0                Reset_Handler
 *(.rodata)
                0x08000114                _E_TEXT = .

.glue_7         0x08000114        0x0
 .glue_7        0x08000114        0x0 linker stubs

.glue_7t        0x08000114        0x0
 .glue_7t       0x08000114        0x0 linker stubs

.vfp11_veneer   0x08000114        0x0
 .vfp11_veneer  0x08000114        0x0 linker stubs

.v4_bx          0x08000114        0x0
 .v4_bx         0x08000114        0x0 linker stubs

.iplt           0x08000114        0x0
 .iplt          0x08000114        0x0 app.o

.rel.dyn        0x08000114        0x0
 .rel.iplt      0x08000114        0x0 app.o

.data           0x20000000        0x7 load address 0x08000114
                0x20000000                _S_DATA = .
 *(.data)
 .data          0x20000000        0x7 app.o
                0x20000000                R_ODR
                0x20000004                arr2
 .data          0x20000007        0x0 startup.o
                0x20000007                _E_DATA = .

.igot.plt       0x20000008        0x0 load address 0x0800011b
 .igot.plt      0x20000008        0x0 app.o

.bss            0x20000008        0x4 load address 0x0800011b
                0x20000008                _S_BSS = .
 *(.bss)
 .bss           0x20000008        0x0 app.o
 .bss           0x20000008        0x0 startup.o
                0x20000008                . = ALIGN (0x4)
                0x20000008                _E_BSS = .
 COMMON         0x20000008        0x4 app.o
                0x20000008                arr1
                0x2000100c                . = (. + 0x1000)
                0x2000100c                stack_top = .
LOAD app.o
LOAD startup.o
OUTPUT(Toggle_Led.elf elf32-littlearm)

.debug_info     0x00000000      0x305
 .debug_info    0x00000000      0x196 app.o
 .debug_info    0x00000196      0x16f startup.o

.debug_abbrev   0x00000000      0x1a5
 .debug_abbrev  0x00000000       0xf0 app.o
 .debug_abbrev  0x000000f0       0xb5 startup.o

.debug_loc      0x00000000       0xb4
 .debug_loc     0x00000000       0x38 app.o
 .debug_loc     0x00000038       0x7c startup.o

.debug_aranges  0x00000000       0x40
 .debug_aranges
                0x00000000       0x20 app.o
 .debug_aranges
                0x00000020       0x20 startup.o

.debug_line     0x00000000       0xc6
 .debug_line    0x00000000       0x69 app.o
 .debug_line    0x00000069       0x5d startup.o

.debug_str      0x00000000      0x1f5
 .debug_str     0x00000000      0x176 app.o
                                0x194 (size before relaxing)
 .debug_str     0x00000176       0x7f startup.o
                                0x1d6 (size before relaxing)

.comment        0x00000000       0x7e
 .comment       0x00000000       0x7e app.o
                                 0x7f (size before relaxing)
 .comment       0x0000007e       0x7f startup.o

.ARM.attributes
                0x00000000       0x33
 .ARM.attributes
                0x00000000       0x33 app.o
 .ARM.attributes
                0x00000033       0x33 startup.o

.debug_frame    0x00000000       0x7c
 .debug_frame   0x00000000       0x2c app.o
 .debug_frame   0x0000002c       0x50 startup.o
